Archive member included to satisfy reference by file (symbol)

/Applications/STM32CubeIDE.app/Contents/Eclipse/plugins/com.st.stm32cube.ide.mcu.externaltools.gnu-tools-for-stm32.14.3.rel1.macosaarch64_1.0.0.202602081740/tools/bin/../lib/gcc/arm-none-eabi/14.3.1/../../../../arm-none-eabi/lib/thumb/v7e-m+dp/hard/libc_nano.a(libc_a-exit.o)
                              /Applications/STM32CubeIDE.app/Contents/Eclipse/plugins/com.st.stm32cube.ide.mcu.externaltools.gnu-tools-for-stm32.14.3.rel1.macosaarch64_1.0.0.202602081740/tools/bin/../lib/gcc/arm-none-eabi/14.3.1/../../../../arm-none-eabi/lib/thumb/v7e-m+dp/hard/crt0.o (exit)
/Applications/STM32CubeIDE.app/Contents/Eclipse/plugins/com.st.stm32cube.ide.mcu.externaltools.gnu-tools-for-stm32.14.3.rel1.macosaarch64_1.0.0.202602081740/tools/bin/../lib/gcc/arm-none-eabi/14.3.1/../../../../arm-none-eabi/lib/thumb/v7e-m+dp/hard/libc_nano.a(libc_a-snprintf.o)
                              ./Core/Src/main.o (snprintf)
/Applications/STM32CubeIDE.app/Contents/Eclipse/plugins/com.st.stm32cube.ide.mcu.externaltools.gnu-tools-for-stm32.14.3.rel1.macosaarch64_1.0.0.202602081740/tools/bin/../lib/gcc/arm-none-eabi/14.3.1/../../../../arm-none-eabi/lib/thumb/v7e-m+dp/hard/libc_nano.a(libc_a-findfp.o)
                              ./Middlewares/Third_Party/FreeRTOS/tasks.o (__sf)
/Applications/STM32CubeIDE.app/Contents/Eclipse/plugins/com.st.stm32cube.ide.mcu.externaltools.gnu-tools-for-stm32.14.3.rel1.macosaarch64_1.0.0.202602081740/tools/bin/../lib/gcc/arm-none-eabi/14.3.1/../../../../arm-none-eabi/lib/thumb/v7e-m+dp/hard/libc_nano.a(libc_a-fwalk.o)
                              /Applications/STM32CubeIDE.app/Contents/Eclipse/plugins/com.st.stm32cube.ide.mcu.externaltools.gnu-tools-for-stm32.14.3.rel1.macosaarch64_1.0.0.202602081740/tools/bin/../lib/gcc/arm-none-eabi/14.3.1/../../../../arm-none-eabi/lib/thumb/v7e-m+dp/hard/libc_nano.a(libc_a-findfp.o) (_fwalk_sglue)
/Applications/STM32CubeIDE.app/Contents/Eclipse/plugins/com.st.stm32cube.ide.mcu.externaltools.gnu-tools-for-stm32.14.3.rel1.macosaarch64_1.0.0.202602081740/tools/bin/../lib/gcc/arm-none-eabi/14.3.1/../../../../arm-none-eabi/lib/thumb/v7e-m+dp/hard/libc_nano.a(libc_a-memset.o)
                              /Applications/STM32CubeIDE.app/Contents/Eclipse/plugins/com.st.stm32cube.ide.mcu.externaltools.gnu-tools-for-stm32.14.3.rel1.macosaarch64_1.0.0.202602081740/tools/bin/../lib/gcc/arm-none-eabi/14.3.1/../../../../arm-none-eabi/lib/thumb/v7e-m+dp/hard/crt0.o (memset)
/Applications/STM32CubeIDE.app/Contents/Eclipse/plugins/com.st.stm32cube.ide.mcu.externaltools.gnu-tools-for-stm32.14.3.rel1.macosaarch64_1.0.0.202602081740/tools/bin/../lib/gcc/arm-none-eabi/14.3.1/../../../../arm-none-eabi/lib/thumb/v7e-m+dp/hard/libc_nano.a(libc_a-errno.o)
                              ./Core/Src/syscalls.o (__errno)
/Applications/STM32CubeIDE.app/Contents/Eclipse/plugins/com.st.stm32cube.ide.mcu.externaltools.gnu-tools-for-stm32.14.3.rel1.macosaarch64_1.0.0.202602081740/tools/bin/../lib/gcc/arm-none-eabi/14.3.1/../../../../arm-none-eabi/lib/thumb/v7e-m+dp/hard/libc_nano.a(libc_a-init.o)
                              /Applications/STM32CubeIDE.app/Contents/Eclipse/plugins/com.st.stm32cube.ide.mcu.externaltools.gnu-tools-for-stm32.14.3.rel1.macosaarch64_1.0.0.202602081740/tools/bin/../lib/gcc/arm-none-eabi/14.3.1/../../../../arm-none-eabi/lib/thumb/v7e-m+dp/hard/crt0.o (__libc_init_array)
/Applications/STM32CubeIDE.app/Contents/Eclipse/plugins/com.st.stm32cube.ide.mcu.externaltools.gnu-tools-for-stm32.14.3.rel1.macosaarch64_1.0.0.202602081740/tools/bin/../lib/gcc/arm-none-eabi/14.3.1/../../../../arm-none-eabi/lib/thumb/v7e-m+dp/hard/libc_nano.a(libc_a-lock.o)
                              /Applications/STM32CubeIDE.app/Contents/Eclipse/plugins/com.st.stm32cube.ide.mcu.externaltools.gnu-tools-for-stm32.14.3.rel1.macosaarch64_1.0.0.202602081740/tools/bin/../lib/gcc/arm-none-eabi/14.3.1/../../../../arm-none-eabi/lib/thumb/v7e-m+dp/hard/libc_nano.a(libc_a-findfp.o) (__retarget_lock_init_recursive)
/Applications/STM32CubeIDE.app/Contents/Eclipse/plugins/com.st.stm32cube.ide.mcu.externaltools.gnu-tools-for-stm32.14.3.rel1.macosaarch64_1.0.0.202602081740/tools/bin/../lib/gcc/arm-none-eabi/14.3.1/../../../../arm-none-eabi/lib/thumb/v7e-m+dp/hard/libc_nano.a(libc_a-reent.o)
                              ./Middlewares/Third_Party/FreeRTOS/tasks.o (_reclaim_reent)
/Applications/STM32CubeIDE.app/Contents/Eclipse/plugins/com.st.stm32cube.ide.mcu.externaltools.gnu-tools-for-stm32.14.3.rel1.macosaarch64_1.0.0.202602081740/tools/bin/../lib/gcc/arm-none-eabi/14.3.1/../../../../arm-none-eabi/lib/thumb/v7e-m+dp/hard/libc_nano.a(libc_a-impure.o)
                              ./Middlewares/Third_Party/FreeRTOS/tasks.o (_impure_ptr)
[...]
Memory Configuration

Name             Origin             Length             Attributes
RAM_D1           0x24000000         0x00080000         xrw
FLASH            0x08000000         0x00100000         xr
DTCMRAM          0x20000000         0x00020000         xrw
RAM_D2           0x30000000         0x00048000         xrw
RAM_D3           0x38000000         0x00010000         xrw
ITCMRAM          0x00000000         0x00010000         xrw
*default*        0x00000000         0xffffffff

Linker script and memory map

LOAD /Applications/STM32CubeIDE.app/Contents/Eclipse/plugins/com.st.stm32cube.ide.mcu.externaltools.gnu-tools-for-stm32.14.3.rel1.macosaarch64_1.0.0.202602081740/tools/bin/../lib/gcc/arm-none-eabi/14.3.1/thumb/v7e-m+dp/hard/crti.o
LOAD /Applications/STM32CubeIDE.app/Contents/Eclipse/plugins/com.st.stm32cube.ide.mcu.externaltools.gnu-tools-for-stm32.14.3.rel1.macosaarch64_1.0.0.202602081740/tools/bin/../lib/gcc/arm-none-eabi/14.3.1/thumb/v7e-m+dp/hard/crtbegin.o
LOAD /Applications/STM32CubeIDE.app/Contents/Eclipse/plugins/com.st.stm32cube.ide.mcu.externaltools.gnu-tools-for-stm32.14.3.rel1.macosaarch64_1.0.0.202602081740/tools/bin/../lib/gcc/arm-none-eabi/14.3.1/../../../../arm-none-eabi/lib/thumb/v7e-m+dp/hard/crt0.o
LOAD ./Common/Src/system_stm32h7xx_dualcore_boot_cm4_cm7.o
LOAD ./Core/Src/freertos.o
LOAD ./Core/Src/main.o
LOAD ./Core/Src/stm32h7xx_hal_msp.o
LOAD ./Core/Src/stm32h7xx_hal_timebase_tim.o
LOAD ./Core/Src/stm32h7xx_it.o
LOAD ./Core/Src/syscalls.o
LOAD ./Core/Src/sysmem.o
LOAD ./Core/Startup/startup_stm32h747xihx.o
LOAD ./Drivers/STM32H7xx_HAL_Driver/stm32h7xx_hal.o
LOAD ./Drivers/STM32H7xx_HAL_Driver/stm32h7xx_hal_cortex.o
LOAD ./Drivers/STM32H7xx_HAL_Driver/stm32h7xx_hal_dma.o
LOAD ./Drivers/STM32H7xx_HAL_Driver/stm32h7xx_hal_dma_ex.o
LOAD ./Drivers/STM32H7xx_HAL_Driver/stm32h7xx_hal_exti.o
LOAD ./Drivers/STM32H7xx_HAL_Driver/stm32h7xx_hal_flash.o
LOAD ./Drivers/STM32H7xx_HAL_Driver/stm32h7xx_hal_flash_ex.o
LOAD ./Drivers/STM32H7xx_HAL_Driver/stm32h7xx_hal_gpio.o
LOAD ./Drivers/STM32H7xx_HAL_Driver/stm32h7xx_hal_hsem.o
LOAD ./Drivers/STM32H7xx_HAL_Driver/stm32h7xx_hal_i2c.o
LOAD ./Drivers/STM32H7xx_HAL_Driver/stm32h7xx_hal_i2c_ex.o
LOAD ./Drivers/STM32H7xx_HAL_Driver/stm32h7xx_hal_mdma.o
LOAD ./Drivers/STM32H7xx_HAL_Driver/stm32h7xx_hal_pwr.o
LOAD ./Drivers/STM32H7xx_HAL_Driver/stm32h7xx_hal_pwr_ex.o
LOAD ./Drivers/STM32H7xx_HAL_Driver/stm32h7xx_hal_rcc.o
LOAD ./Drivers/STM32H7xx_HAL_Driver/stm32h7xx_hal_rcc_ex.o
LOAD ./Drivers/STM32H7xx_HAL_Driver/stm32h7xx_hal_rng.o
LOAD ./Drivers/STM32H7xx_HAL_Driver/stm32h7xx_hal_rng_ex.o
LOAD ./Drivers/STM32H7xx_HAL_Driver/stm32h7xx_hal_tim.o
LOAD ./Drivers/STM32H7xx_HAL_Driver/stm32h7xx_hal_tim_ex.o
LOAD ./Drivers/STM32H7xx_HAL_Driver/stm32h7xx_hal_uart.o
LOAD ./Drivers/STM32H7xx_HAL_Driver/stm32h7xx_hal_uart_ex.o
LOAD ./Middlewares/Third_Party/FreeRTOS/cmsis_os2.o
LOAD ./Middlewares/Third_Party/FreeRTOS/croutine.o
LOAD ./Middlewares/Third_Party/FreeRTOS/event_groups.o
LOAD ./Middlewares/Third_Party/FreeRTOS/heap_4.o
LOAD ./Middlewares/Third_Party/FreeRTOS/list.o
LOAD ./Middlewares/Third_Party/FreeRTOS/mpu_wrappers_v2.o
LOAD ./Middlewares/Third_Party/FreeRTOS/port.o
LOAD ./Middlewares/Third_Party/FreeRTOS/queue.o
LOAD ./Middlewares/Third_Party/FreeRTOS/stream_buffer.o
LOAD ./Middlewares/Third_Party/FreeRTOS/tasks.o
LOAD ./Middlewares/Third_Party/FreeRTOS/timers.o
START GROUP
LOAD /Applications/STM32CubeIDE.app/Contents/Eclipse/plugins/com.st.stm32cube.ide.mcu.externaltools.gnu-tools-for-stm32.14.3.rel1.macosaarch64_1.0.0.202602081740/tools/bin/../lib/gcc/arm-none-eabi/14.3.1/../../../../arm-none-eabi/lib/thumb/v7e-m+dp/hard/libc_nano.a
LOAD /Applications/STM32CubeIDE.app/Contents/Eclipse/plugins/com.st.stm32cube.ide.mcu.externaltools.gnu-tools-for-stm32.14.3.rel1.macosaarch64_1.0.0.202602081740/tools/bin/../lib/gcc/arm-none-eabi/14.3.1/../../../../arm-none-eabi/lib/thumb/v7e-m+dp/hard/libm.a
END GROUP
START GROUP
LOAD /Applications/STM32CubeIDE.app/Contents/Eclipse/plugins/com.st.stm32cube.ide.mcu.externaltools.gnu-tools-for-stm32.14.3.rel1.macosaarch64_1.0.0.202602081740/tools/bin/../lib/gcc/arm-none-eabi/14.3.1/thumb/v7e-m+dp/hard/libgcc.a
LOAD /Applications/STM32CubeIDE.app/Contents/Eclipse/plugins/com.st.stm32cube.ide.mcu.externaltools.gnu-tools-for-stm32.14.3.rel1.macosaarch64_1.0.0.202602081740/tools/bin/../lib/gcc/arm-none-eabi/14.3.1/../../../../arm-none-eabi/lib/thumb/v7e-m+dp/hard/libc_nano.a
END GROUP
START GROUP
LOAD /Applications/STM32CubeIDE.app/Contents/Eclipse/plugins/com.st.stm32cube.ide.mcu.externaltools.gnu-tools-for-stm32.14.3.rel1.macosaarch64_1.0.0.202602081740/tools/bin/../lib/gcc/arm-none-eabi/14.3.1/thumb/v7e-m+dp/hard/libgcc.a
LOAD /Applications/STM32CubeIDE.app/Contents/Eclipse/plugins/com.st.stm32cube.ide.mcu.externaltools.gnu-tools-for-stm32.14.3.rel1.macosaarch64_1.0.0.202602081740/tools/bin/../lib/gcc/arm-none-eabi/14.3.1/../../../../arm-none-eabi/lib/thumb/v7e-m+dp/hard/libc_nano.a
LOAD /Applications/STM32CubeIDE.app/Contents/Eclipse/plugins/com.st.stm32cube.ide.mcu.externaltools.gnu-tools-for-stm32.14.3.rel1.macosaarch64_1.0.0.202602081740/tools/bin/../lib/gcc/arm-none-eabi/14.3.1/../../../../arm-none-eabi/lib/thumb/v7e-m+dp/hard/libnosys.a
END GROUP
START GROUP
LOAD /Applications/STM32CubeIDE.app/Contents/Eclipse/plugins/com.st.stm32cube.ide.mcu.externaltools.gnu-tools-for-stm32.14.3.rel1.macosaarch64_1.0.0.202602081740/tools/bin/../lib/gcc/arm-none-eabi/14.3.1/thumb/v7e-m+dp/hard/libgcc.a
LOAD /Applications/STM32CubeIDE.app/Contents/Eclipse/plugins/com.st.stm32cube.ide.mcu.externaltools.gnu-tools-for-stm32.14.3.rel1.macosaarch64_1.0.0.202602081740/tools/bin/../lib/gcc/arm-none-eabi/14.3.1/../../../../arm-none-eabi/lib/thumb/v7e-m+dp/hard/libc_nano.a
LOAD /Applications/STM32CubeIDE.app/Contents/Eclipse/plugins/com.st.stm32cube.ide.mcu.externaltools.gnu-tools-for-stm32.14.3.rel1.macosaarch64_1.0.0.202602081740/tools/bin/../lib/gcc/arm-none-eabi/14.3.1/../../../../arm-none-eabi/lib/thumb/v7e-m+dp/hard/libnosys.a
END GROUP
LOAD /Applications/STM32CubeIDE.app/Contents/Eclipse/plugins/com.st.stm32cube.ide.mcu.externaltools.gnu-tools-for-stm32.14.3.rel1.macosaarch64_1.0.0.202602081740/tools/bin/../lib/gcc/arm-none-eabi/14.3.1/thumb/v7e-m+dp/hard/crtend.o
LOAD /Applications/STM32CubeIDE.app/Contents/Eclipse/plugins/com.st.stm32cube.ide.mcu.externaltools.gnu-tools-for-stm32.14.3.rel1.macosaarch64_1.0.0.202602081740/tools/bin/../lib/gcc/arm-none-eabi/14.3.1/thumb/v7e-m+dp/hard/crtn.o
                0x24080000                        _estack = (ORIGIN (RAM_D1) + LENGTH (RAM_D1))
                0x00000200                        _Min_Heap_Size = 0x200
                0x00000400                        _Min_Stack_Size = 0x400

.isr_vector     0x08000000      0x298
                0x08000000                        . = ALIGN (0x4)
 *(.isr_vector)
 .isr_vector    0x08000000      0x298 ./Core/Startup/startup_stm32h747xihx.o
                0x08000000                g_pfnVectors
                0x08000298                        . = ALIGN (0x4)

.text           0x080002a0     0x9dd8
                0x080002a0                        . = ALIGN (0x4)
 *(.text)
 .text          0x080002a0       0x40 /Applications/STM32CubeIDE.app/Contents/Eclipse/plugins/com.st.stm32cube.ide.mcu.externaltools.gnu-tools-for-stm32.14.3.rel1.macosaarch64_1.0.0.202602081740/tools/bin/../lib/gcc/arm-none-eabi/14.3.1/thumb/v7e-m+dp/hard/crtbegin.o
 .text          0x080002e0       0xa0 /Applications/STM32CubeIDE.app/Contents/Eclipse/plugins/com.st.stm32cube.ide.mcu.externaltools.gnu-tools-for-stm32.14.3.rel1.macosaarch64_1.0.0.202602081740/tools/bin/../lib/gcc/arm-none-eabi/14.3.1/../../../../arm-none-eabi/lib/thumb/v7e-m+dp/hard/libc_nano.a(libc_a-memchr.o)
                0x080002e0                memchr
 .text          0x08000380       0x30 /Applications/STM32CubeIDE.app/Contents/Eclipse/plugins/com.st.stm32cube.ide.mcu.externaltools.gnu-tools-for-stm32.14.3.rel1.macosaarch64_1.0.0.202602081740/tools/bin/../lib/gcc/arm-none-eabi/14.3.1/thumb/v7e-m+dp/hard/libgcc.a(_aeabi_uldivmod.o)
                0x08000380                __aeabi_uldivmod
 .text          0x080003b0      0x2f8 /Applications/STM32CubeIDE.app/Contents/Eclipse/plugins/com.st.stm32cube.ide.mcu.externaltools.gnu-tools-for-stm32.14.3.rel1.macosaarch64_1.0.0.202602081740/tools/bin/../lib/gcc/arm-none-eabi/14.3.1/thumb/v7e-m+dp/hard/libgcc.a(_udivmoddi4.o)
                0x080003b0                __udivmoddi4
 .text          0x080006a8        0x4 /Applications/STM32CubeIDE.app/Contents/Eclipse/plugins/com.st.stm32cube.ide.mcu.externaltools.gnu-tools-for-stm32.14.3.rel1.macosaarch64_1.0.0.202602081740/tools/bin/../lib/gcc/arm-none-eabi/14.3.1/thumb/v7e-m+dp/hard/libgcc.a(_dvmd_tls.o)
                0x080006a8                __aeabi_ldiv0
                0x080006a8                __aeabi_idiv0
 *(.text*)
 .text.SystemInit
                0x080006ac      0x15c ./Common/Src/system_stm32h7xx_dualcore_boot_cm4_cm7.o
                0x080006ac                SystemInit
 .text.ExitRun0Mode
                0x08000808       0x18 ./Common/Src/system_stm32h7xx_dualcore_boot_cm4_cm7.o
                0x08000808                ExitRun0Mode
 .text.main     0x08000820       0xe8 ./Core/Src/main.o
                0x08000820                main
 .text.SystemClock_Config
                0x08000908      0x110 ./Core/Src/main.o
                0x08000908                SystemClock_Config
 .text.PeriphCommonClock_Config
                0x08000a18       0x5e ./Core/Src/main.o
                0x08000a18                PeriphCommonClock_Config
 *fill*         0x08000a76        0x2 
 .text.MX_RNG_Init
                0x08000a78       0x2c ./Core/Src/main.o
 .text.MX_UART8_Init
                0x08000aa4       0x98 ./Core/Src/main.o
 .text.MX_USART1_UART_Init
                0x08000b3c       0x98 ./Core/Src/main.o
 .text.MX_GPIO_Init
                0x08000bd4      0x214 ./Core/Src/main.o
 .text.MyTimerCallback
                0x08000de8       0x68 ./Core/Src/main.o
 .text.StartDefaultTask
                0x08000e50       0x24 ./Core/Src/main.o
                0x08000e50                StartDefaultTask
 .text.MPU_Config
                0x08000e74       0x58 ./Core/Src/main.o
 .text.HAL_TIM_PeriodElapsedCallback
                0x08000ecc       0x24 ./Core/Src/main.o
                0x08000ecc                HAL_TIM_PeriodElapsedCallback
 .text.Error_Handler
                0x08000ef0        0xc ./Core/Src/main.o
                0x08000ef0                Error_Handler
 .text.HAL_MspInit
                0x08000efc       0x3c ./Core/Src/stm32h7xx_hal_msp.o
                0x08000efc                HAL_MspInit
 .text.HAL_RNG_MspInit
                0x08000f38       0x74 ./Core/Src/stm32h7xx_hal_msp.o
                0x08000f38                HAL_RNG_MspInit
 .text.HAL_UART_MspInit
                0x08000fac      0x174 ./Core/Src/stm32h7xx_hal_msp.o
                0x08000fac                HAL_UART_MspInit
 .text.HAL_InitTick
                0x08001120       0xd8 ./Core/Src/stm32h7xx_hal_timebase_tim.o
                0x08001120                HAL_InitTick
 .text.NMI_Handler
                0x080011f8        0x8 ./Core/Src/stm32h7xx_it.o
                0x080011f8                NMI_Handler
 .text.HardFault_Handler
                0x08001200        0x8 ./Core/Src/stm32h7xx_it.o
                0x08001200                HardFault_Handler
 .text.MemManage_Handler
                0x08001208        0x8 ./Core/Src/stm32h7xx_it.o
                0x08001208                MemManage_Handler
 .text.BusFault_Handler
                0x08001210        0x8 ./Core/Src/stm32h7xx_it.o
                0x08001210                BusFault_Handler
 .text.UsageFault_Handler
                0x08001218        0x8 ./Core/Src/stm32h7xx_it.o
                0x08001218                UsageFault_Handler
 .text.DebugMon_Handler
                0x08001220        0xe ./Core/Src/stm32h7xx_it.o
                0x08001220                DebugMon_Handler
 *fill*         0x0800122e        0x2 
 .text.TIM6_DAC_IRQHandler
                0x08001230       0x14 ./Core/Src/stm32h7xx_it.o
                0x08001230                TIM6_DAC_IRQHandler
 .text._sbrk    0x08001244       0x6c ./Core/Src/sysmem.o
                0x08001244                _sbrk
 .text.Reset_Handler
                0x080012b0       0x54 ./Core/Startup/startup_stm32h747xihx.o
                0x080012b0                Reset_Handler
 .text.Default_Handler
                0x08001304        0x2 ./Core/Startup/startup_stm32h747xihx.o
                0x08001304                DMA1_Stream3_IRQHandler
                0x08001304                EXTI2_IRQHandler
                0x08001304                TIM8_CC_IRQHandler
                0x08001304                HRTIM1_Master_IRQHandler
                0x08001304                UART8_IRQHandler
                0x08001304                SPI4_IRQHandler
                0x08001304                TIM1_CC_IRQHandler
                0x08001304                BDMA_Channel6_IRQHandler
                0x08001304                DMA2_Stream5_IRQHandler
                0x08001304                HRTIM1_FLT_IRQHandler
                0x08001304                JPEG_IRQHandler
                0x08001304                DMA1_Stream5_IRQHandler
                0x08001304                BDMA_Channel1_IRQHandler
                0x08001304                HRTIM1_TIMD_IRQHandler
                0x08001304                TAMP_STAMP_IRQHandler
                0x08001304                EXTI3_IRQHandler
                0x08001304                LPTIM4_IRQHandler
                0x08001304                TIM8_TRG_COM_TIM14_IRQHandler
                0x08001304                LPTIM2_IRQHandler
                0x08001304                DFSDM1_FLT1_IRQHandler
                0x08001304                DMAMUX2_OVR_IRQHandler
                0x08001304                TIM8_UP_TIM13_IRQHandler
                0x08001304                I2C3_ER_IRQHandler
                0x08001304                DFSDM1_FLT2_IRQHandler
                0x08001304                MDMA_IRQHandler
                0x08001304                LPTIM3_IRQHandler
                0x08001304                HSEM1_IRQHandler
                0x08001304                EXTI0_IRQHandler
                0x08001304                I2C2_EV_IRQHandler
                0x08001304                DMA1_Stream2_IRQHandler
                0x08001304                FPU_IRQHandler
                0x08001304                OTG_HS_WKUP_IRQHandler
                0x08001304                FDCAN1_IT1_IRQHandler
                0x08001304                LTDC_ER_IRQHandler
                0x08001304                DMA2_Stream2_IRQHandler
                0x08001304                HRTIM1_TIME_IRQHandler
                0x08001304                SPI1_IRQHandler
                0x08001304                DCMI_IRQHandler
                0x08001304                HRTIM1_TIMC_IRQHandler
                0x08001304                DMA2_Stream3_IRQHandler
                0x08001304                SAI2_IRQHandler
                0x08001304                DFSDM1_FLT3_IRQHandler
                0x08001304                USART6_IRQHandler
                0x08001304                TIM17_IRQHandler
                0x08001304                USART3_IRQHandler
                0x08001304                BDMA_Channel7_IRQHandler
                0x08001304                LPTIM5_IRQHandler
                0x08001304                UART5_IRQHandler
                0x08001304                ADC3_IRQHandler
                0x08001304                DMA2_Stream0_IRQHandler
                0x08001304                TIM4_IRQHandler
                0x08001304                BDMA_Channel2_IRQHandler
                0x08001304                QUADSPI_IRQHandler
                0x08001304                I2C1_EV_IRQHandler
                0x08001304                DMA1_Stream6_IRQHandler
                0x08001304                DMAMUX1_OVR_IRQHandler
                0x08001304                DMA1_Stream1_IRQHandler
                0x08001304                TIM16_IRQHandler
                0x08001304                UART4_IRQHandler
                0x08001304                BDMA_Channel5_IRQHandler
                0x08001304                TIM3_IRQHandler
                0x08001304                RCC_IRQHandler
                0x08001304                TIM8_BRK_TIM12_IRQHandler
                0x08001304                TIM1_TRG_COM_IRQHandler
                0x08001304                Default_Handler
                0x08001304                ECC_IRQHandler
                0x08001304                CEC_IRQHandler
                0x08001304                EXTI15_10_IRQHandler
                0x08001304                BDMA_Channel0_IRQHandler
                0x08001304                ADC_IRQHandler
                0x08001304                DMA1_Stream7_IRQHandler
                0x08001304                HRTIM1_TIMA_IRQHandler
                0x08001304                SPI5_IRQHandler
                0x08001304                TIM7_IRQHandler
                0x08001304                SDMMC1_IRQHandler
                0x08001304                TIM5_IRQHandler
                0x08001304                DMA2_Stream7_IRQHandler
                0x08001304                TIM15_IRQHandler
                0x08001304                PVD_AVD_IRQHandler
                0x08001304                I2C3_EV_IRQHandler
                0x08001304                EXTI9_5_IRQHandler
                0x08001304                RTC_WKUP_IRQHandler
                0x08001304                LTDC_IRQHandler
                0x08001304                SAI3_IRQHandler
                0x08001304                ETH_WKUP_IRQHandler
                0x08001304                SPDIF_RX_IRQHandler
                0x08001304                SPI2_IRQHandler
                0x08001304                OTG_HS_EP1_IN_IRQHandler
                0x08001304                DMA1_Stream0_IRQHandler
                0x08001304                CRS_IRQHandler
                0x08001304                CM7_SEV_IRQHandler
                0x08001304                EXTI4_IRQHandler
                0x08001304                RNG_IRQHandler
                0x08001304                CM4_SEV_IRQHandler
                0x08001304                HRTIM1_TIMB_IRQHandler
                0x08001304                FDCAN2_IT1_IRQHandler
                0x08001304                DSI_IRQHandler
                0x08001304                ETH_IRQHandler
                0x08001304                TIM1_UP_IRQHandler
                0x08001304                WWDG_RST_IRQHandler
                0x08001304                BDMA_Channel4_IRQHandler
                0x08001304                OTG_HS_EP1_OUT_IRQHandler
                0x08001304                WWDG_IRQHandler
                0x08001304                SPI6_IRQHandler
                0x08001304                MDIOS_IRQHandler
                0x08001304                I2C4_EV_IRQHandler
                0x08001304                FDCAN2_IT0_IRQHandler
                0x08001304                LPUART1_IRQHandler
                0x08001304                FDCAN1_IT0_IRQHandler
                0x08001304                TIM2_IRQHandler
                0x08001304                OTG_FS_WKUP_IRQHandler
                0x08001304                OTG_HS_IRQHandler
                0x08001304                HSEM2_IRQHandler
                0x08001304                DMA2D_IRQHandler
                0x08001304                TIM1_BRK_IRQHandler
                0x08001304                EXTI1_IRQHandler
                0x08001304                SDMMC2_IRQHandler
                0x08001304                OTG_FS_EP1_OUT_IRQHandler
                0x08001304                BDMA_Channel3_IRQHandler
                0x08001304                HOLD_CORE_IRQHandler
                0x08001304                UART7_IRQHandler
                0x08001304                MDIOS_WKUP_IRQHandler
                0x08001304                USART2_IRQHandler
                0x08001304                DFSDM1_FLT0_IRQHandler
                0x08001304                SAI4_IRQHandler
                0x08001304                I2C2_ER_IRQHandler
                0x08001304                DMA2_Stream1_IRQHandler
                0x08001304                FLASH_IRQHandler
                0x08001304                DMA2_Stream4_IRQHandler
                0x08001304                USART1_IRQHandler
                0x08001304                OTG_FS_IRQHandler
                0x08001304                SPI3_IRQHandler
                0x08001304                WAKEUP_PIN_IRQHandler
                0x08001304                DMA1_Stream4_IRQHandler
                0x08001304                OTG_FS_EP1_IN_IRQHandler
                0x08001304                I2C1_ER_IRQHandler
                0x08001304                FMC_IRQHandler
                0x08001304                FDCAN_CAL_IRQHandler
                0x08001304                SWPMI1_IRQHandler
                0x08001304                COMP1_IRQHandler
                0x08001304                LPTIM1_IRQHandler
                0x08001304                I2C4_ER_IRQHandler
                0x08001304                DMA2_Stream6_IRQHandler
                0x08001304                SAI1_IRQHandler
                0x08001304                RTC_Alarm_IRQHandler
 *fill*         0x08001306        0x2 
 .text.HAL_Init
                0x08001308       0x78 ./Drivers/STM32H7xx_HAL_Driver/stm32h7xx_hal.o
                0x08001308                HAL_Init
 .text.HAL_IncTick
                0x08001380       0x28 ./Drivers/STM32H7xx_HAL_Driver/stm32h7xx_hal.o
                0x08001380                HAL_IncTick
 .text.HAL_GetTick
                0x080013a8       0x18 ./Drivers/STM32H7xx_HAL_Driver/stm32h7xx_hal.o
                0x080013a8                HAL_GetTick
 .text.HAL_GetREVID
                0x080013c0       0x18 ./Drivers/STM32H7xx_HAL_Driver/stm32h7xx_hal.o
                0x080013c0                HAL_GetREVID
 .text.__NVIC_SetPriorityGrouping
                0x080013d8       0x48 ./Drivers/STM32H7xx_HAL_Driver/stm32h7xx_hal_cortex.o
 .text.__NVIC_GetPriorityGrouping
                0x08001420       0x1c ./Drivers/STM32H7xx_HAL_Driver/stm32h7xx_hal_cortex.o
 .text.__NVIC_EnableIRQ
                0x0800143c       0x3c ./Drivers/STM32H7xx_HAL_Driver/stm32h7xx_hal_cortex.o
 .text.__NVIC_SetPriority
                0x08001478       0x54 ./Drivers/STM32H7xx_HAL_Driver/stm32h7xx_hal_cortex.o
 .text.NVIC_EncodePriority
                0x080014cc       0x66 ./Drivers/STM32H7xx_HAL_Driver/stm32h7xx_hal_cortex.o
 .text.HAL_NVIC_SetPriorityGrouping
                0x08001532       0x16 ./Drivers/STM32H7xx_HAL_Driver/stm32h7xx_hal_cortex.o
                0x08001532                HAL_NVIC_SetPriorityGrouping
 .text.HAL_NVIC_SetPriority
                0x08001548       0x34 ./Drivers/STM32H7xx_HAL_Driver/stm32h7xx_hal_cortex.o
                0x08001548                HAL_NVIC_SetPriority
 .text.HAL_NVIC_EnableIRQ
                0x0800157c       0x1c ./Drivers/STM32H7xx_HAL_Driver/stm32h7xx_hal_cortex.o
                0x0800157c                HAL_NVIC_EnableIRQ
 .text.HAL_MPU_Disable
                0x08001598       0x30 ./Drivers/STM32H7xx_HAL_Driver/stm32h7xx_hal_cortex.o
                0x08001598                HAL_MPU_Disable
 .text.HAL_MPU_Enable
                0x080015c8       0x40 ./Drivers/STM32H7xx_HAL_Driver/stm32h7xx_hal_cortex.o
                0x080015c8                HAL_MPU_Enable
 .text.HAL_MPU_ConfigRegion
                0x08001608       0x80 ./Drivers/STM32H7xx_HAL_Driver/stm32h7xx_hal_cortex.o
                0x08001608                HAL_MPU_ConfigRegion
 .text.HAL_GPIO_Init
                0x08001688      0x374 ./Drivers/STM32H7xx_HAL_Driver/stm32h7xx_hal_gpio.o
                0x08001688                HAL_GPIO_Init
 .text.HAL_GPIO_WritePin
                0x080019fc       0x32 ./Drivers/STM32H7xx_HAL_Driver/stm32h7xx_hal_gpio.o
                0x080019fc                HAL_GPIO_WritePin
 *fill*         0x08001a2e        0x2 
 .text.HAL_HSEM_FastTake
                0x08001a30       0x34 ./Drivers/STM32H7xx_HAL_Driver/stm32h7xx_hal_hsem.o
                0x08001a30                HAL_HSEM_FastTake
 .text.HAL_HSEM_Release
                0x08001a64       0x28 ./Drivers/STM32H7xx_HAL_Driver/stm32h7xx_hal_hsem.o
                0x08001a64                HAL_HSEM_Release
 .text.HAL_PWREx_ConfigSupply
                0x08001a8c       0xb4 ./Drivers/STM32H7xx_HAL_Driver/stm32h7xx_hal_pwr_ex.o
                0x08001a8c                HAL_PWREx_ConfigSupply
 .text.HAL_RCC_OscConfig
                0x08001b40      0x8b4 ./Drivers/STM32H7xx_HAL_Driver/stm32h7xx_hal_rcc.o
                0x08001b40                HAL_RCC_OscConfig
 .text.HAL_RCC_ClockConfig
                0x080023f4      0x36c ./Drivers/STM32H7xx_HAL_Driver/stm32h7xx_hal_rcc.o
                0x080023f4                HAL_RCC_ClockConfig
 .text.HAL_RCC_MCOConfig
                0x08002760       0xd4 ./Drivers/STM32H7xx_HAL_Driver/stm32h7xx_hal_rcc.o
                0x08002760                HAL_RCC_MCOConfig
 .text.HAL_RCC_GetSysClockFreq
                0x08002834      0x2f4 ./Drivers/STM32H7xx_HAL_Driver/stm32h7xx_hal_rcc.o
                0x08002834                HAL_RCC_GetSysClockFreq
 .text.HAL_RCC_GetHCLKFreq
                0x08002b28       0x60 ./Drivers/STM32H7xx_HAL_Driver/stm32h7xx_hal_rcc.o
                0x08002b28                HAL_RCC_GetHCLKFreq
 .text.HAL_RCC_GetPCLK1Freq
                0x08002b88       0x2c ./Drivers/STM32H7xx_HAL_Driver/stm32h7xx_hal_rcc.o
                0x08002b88                HAL_RCC_GetPCLK1Freq
 .text.HAL_RCC_GetPCLK2Freq
                0x08002bb4       0x2c ./Drivers/STM32H7xx_HAL_Driver/stm32h7xx_hal_rcc.o
                0x08002bb4                HAL_RCC_GetPCLK2Freq
 .text.HAL_RCC_GetClockConfig
                0x08002be0       0x84 ./Drivers/STM32H7xx_HAL_Driver/stm32h7xx_hal_rcc.o
                0x08002be0                HAL_RCC_GetClockConfig
 .text.HAL_RCCEx_PeriphCLKConfig
                0x08002c64     0x1494 ./Drivers/STM32H7xx_HAL_Driver/stm32h7xx_hal_rcc_ex.o
                0x08002c64                HAL_RCCEx_PeriphCLKConfig
 .text.HAL_RCCEx_GetD3PCLK1Freq
                0x080040f8       0x2c ./Drivers/STM32H7xx_HAL_Driver/stm32h7xx_hal_rcc_ex.o
                0x080040f8                HAL_RCCEx_GetD3PCLK1Freq
 .text.HAL_RCCEx_GetPLL2ClockFreq
                0x08004124      0x2a8 ./Drivers/STM32H7xx_HAL_Driver/stm32h7xx_hal_rcc_ex.o
                0x08004124                HAL_RCCEx_GetPLL2ClockFreq
 .text.HAL_RCCEx_GetPLL3ClockFreq
                0x080043cc      0x2a8 ./Drivers/STM32H7xx_HAL_Driver/stm32h7xx_hal_rcc_ex.o
                0x080043cc                HAL_RCCEx_GetPLL3ClockFreq
 .text.RCCEx_PLL2_Config
                0x08004674      0x164 ./Drivers/STM32H7xx_HAL_Driver/stm32h7xx_hal_rcc_ex.o
 .text.RCCEx_PLL3_Config
                0x080047d8      0x164 ./Drivers/STM32H7xx_HAL_Driver/stm32h7xx_hal_rcc_ex.o
 .text.HAL_RNG_Init
                0x0800493c       0xc4 ./Drivers/STM32H7xx_HAL_Driver/stm32h7xx_hal_rng.o
                0x0800493c                HAL_RNG_Init
 .text.HAL_RNG_GenerateRandomNumber
                0x08004a00       0xac ./Drivers/STM32H7xx_HAL_Driver/stm32h7xx_hal_rng.o
                0x08004a00                HAL_RNG_GenerateRandomNumber
 .text.HAL_TIM_Base_Init
                0x08004aac       0xae ./Drivers/STM32H7xx_HAL_Driver/stm32h7xx_hal_tim.o
                0x08004aac                HAL_TIM_Base_Init
 .text.HAL_TIM_Base_MspInit
                0x08004b5a       0x14 ./Drivers/STM32H7xx_HAL_Driver/stm32h7xx_hal_tim.o
                0x08004b5a                HAL_TIM_Base_MspInit
 *fill*         0x08004b6e        0x2 
 .text.HAL_TIM_Base_Start_IT
                0x08004b70       0xf0 ./Drivers/STM32H7xx_HAL_Driver/stm32h7xx_hal_tim.o
                0x08004b70                HAL_TIM_Base_Start_IT
 .text.HAL_TIM_IRQHandler
                0x08004c60      0x20e ./Drivers/STM32H7xx_HAL_Driver/stm32h7xx_hal_tim.o
                0x08004c60                HAL_TIM_IRQHandler
 .text.HAL_TIM_OC_DelayElapsedCallback
                0x08004e6e       0x14 ./Drivers/STM32H7xx_HAL_Driver/stm32h7xx_hal_tim.o
                0x08004e6e                HAL_TIM_OC_DelayElapsedCallback
 .text.HAL_TIM_IC_CaptureCallback
                0x08004e82       0x14 ./Drivers/STM32H7xx_HAL_Driver/stm32h7xx_hal_tim.o
                0x08004e82                HAL_TIM_IC_CaptureCallback
 .text.HAL_TIM_PWM_PulseFinishedCallback
                0x08004e96       0x14 ./Drivers/STM32H7xx_HAL_Driver/stm32h7xx_hal_tim.o
                0x08004e96                HAL_TIM_PWM_PulseFinishedCallback
 .text.HAL_TIM_TriggerCallback
                0x08004eaa       0x14 ./Drivers/STM32H7xx_HAL_Driver/stm32h7xx_hal_tim.o
                0x08004eaa                HAL_TIM_TriggerCallback
 *fill*         0x08004ebe        0x2 
 .text.TIM_Base_SetConfig
                0x08004ec0      0x140 ./Drivers/STM32H7xx_HAL_Driver/stm32h7xx_hal_tim.o
                0x08004ec0                TIM_Base_SetConfig
 .text.HAL_TIMEx_CommutCallback
                0x08005000       0x14 ./Drivers/STM32H7xx_HAL_Driver/stm32h7xx_hal_tim_ex.o
                0x08005000                HAL_TIMEx_CommutCallback
 .text.HAL_TIMEx_BreakCallback
                0x08005014       0x14 ./Drivers/STM32H7xx_HAL_Driver/stm32h7xx_hal_tim_ex.o
                0x08005014                HAL_TIMEx_BreakCallback
 .text.HAL_TIMEx_Break2Callback
                0x08005028       0x14 ./Drivers/STM32H7xx_HAL_Driver/stm32h7xx_hal_tim_ex.o
                0x08005028                HAL_TIMEx_Break2Callback
 .text.HAL_UART_Init
                0x0800503c       0xa0 ./Drivers/STM32H7xx_HAL_Driver/stm32h7xx_hal_uart.o
                0x0800503c                HAL_UART_Init
 .text.HAL_UART_Transmit
                0x080050dc      0x132 ./Drivers/STM32H7xx_HAL_Driver/stm32h7xx_hal_uart.o
                0x080050dc                HAL_UART_Transmit
 *fill*         0x0800520e        0x2 
 .text.UART_SetConfig
                0x08005210      0xad0 ./Drivers/STM32H7xx_HAL_Driver/stm32h7xx_hal_uart.o
                0x08005210                UART_SetConfig
 .text.UART_AdvFeatureConfig
                0x08005ce0      0x144 ./Drivers/STM32H7xx_HAL_Driver/stm32h7xx_hal_uart.o
                0x08005ce0                UART_AdvFeatureConfig
 .text.UART_CheckIdleState
                0x08005e24      0x154 ./Drivers/STM32H7xx_HAL_Driver/stm32h7xx_hal_uart.o
                0x08005e24                UART_CheckIdleState
 .text.UART_WaitOnFlagUntilTimeout
                0x08005f78       0xda ./Drivers/STM32H7xx_HAL_Driver/stm32h7xx_hal_uart.o
                0x08005f78                UART_WaitOnFlagUntilTimeout
 *fill*         0x08006052        0x2 
 .text.UART_EndRxTransfer
                0x08006054       0xcc ./Drivers/STM32H7xx_HAL_Driver/stm32h7xx_hal_uart.o
 .text.HAL_UARTEx_DisableFifoMode
                0x08006120       0x72 ./Drivers/STM32H7xx_HAL_Driver/stm32h7xx_hal_uart_ex.o
                0x08006120                HAL_UARTEx_DisableFifoMode
 .text.HAL_UARTEx_SetTxFifoThreshold
                0x08006192       0x7c ./Drivers/STM32H7xx_HAL_Driver/stm32h7xx_hal_uart_ex.o
                0x08006192                HAL_UARTEx_SetTxFifoThreshold
 .text.HAL_UARTEx_SetRxFifoThreshold
                0x0800620e       0x7c ./Drivers/STM32H7xx_HAL_Driver/stm32h7xx_hal_uart_ex.o
                0x0800620e                HAL_UARTEx_SetRxFifoThreshold
 *fill*         0x0800628a        0x2 
 .text.UARTEx_SetNbDataToProcess
                0x0800628c       0x9c ./Drivers/STM32H7xx_HAL_Driver/stm32h7xx_hal_uart_ex.o
 .text.__NVIC_SetPriority
                0x08006328       0x54 ./Middlewares/Third_Party/FreeRTOS/cmsis_os2.o
 .text.SysTick_Handler
                0x0800637c       0x20 ./Middlewares/Third_Party/FreeRTOS/cmsis_os2.o
                0x0800637c                SysTick_Handler
 .text.SVC_Setup
                0x0800639c       0x12 ./Middlewares/Third_Party/FreeRTOS/cmsis_os2.o
 .text.IRQ_Context
                0x080063ae       0x4e ./Middlewares/Third_Party/FreeRTOS/cmsis_os2.o
 .text.osKernelInitialize
                0x080063fc       0x4c ./Middlewares/Third_Party/FreeRTOS/cmsis_os2.o
                0x080063fc                osKernelInitialize
 .text.osKernelStart
                0x08006448       0x54 ./Middlewares/Third_Party/FreeRTOS/cmsis_os2.o
                0x08006448                osKernelStart
 .text.osThreadNew
                0x0800649c      0x122 ./Middlewares/Third_Party/FreeRTOS/cmsis_os2.o
                0x0800649c                osThreadNew
 .text.osDelay  0x080065be       0x34 ./Middlewares/Third_Party/FreeRTOS/cmsis_os2.o
                0x080065be                osDelay
 .text.TimerCallback
                0x080065f2       0x32 ./Middlewares/Third_Party/FreeRTOS/cmsis_os2.o
 .text.osTimerNew
                0x08006624      0x144 ./Middlewares/Third_Party/FreeRTOS/cmsis_os2.o
                0x08006624                osTimerNew
 .text.osTimerStart
                0x08006768       0x60 ./Middlewares/Third_Party/FreeRTOS/cmsis_os2.o
                0x08006768                osTimerStart
 .text.vApplicationGetIdleTaskMemory
                0x080067c8       0x34 ./Middlewares/Third_Party/FreeRTOS/cmsis_os2.o
                0x080067c8                vApplicationGetIdleTaskMemory
 .text.vApplicationGetTimerTaskMemory
                0x080067fc       0x34 ./Middlewares/Third_Party/FreeRTOS/cmsis_os2.o
                0x080067fc                vApplicationGetTimerTaskMemory
 .text.pvPortMalloc
                0x08006830      0x198 ./Middlewares/Third_Party/FreeRTOS/heap_4.o
                0x08006830                pvPortMalloc
 .text.vPortFree
                0x080069c8       0xb4 ./Middlewares/Third_Party/FreeRTOS/heap_4.o
                0x080069c8                vPortFree
 .text.prvHeapInit
                0x08006a7c       0xb8 ./Middlewares/Third_Party/FreeRTOS/heap_4.o
 .text.prvInsertBlockIntoFreeList
                0x08006b34       0xb4 ./Middlewares/Third_Party/FreeRTOS/heap_4.o
 .text.vListInitialise
                0x08006be8       0x40 ./Middlewares/Third_Party/FreeRTOS/list.o
                0x08006be8                vListInitialise
 .text.vListInitialiseItem
                0x08006c28       0x1a ./Middlewares/Third_Party/FreeRTOS/list.o
                0x08006c28                vListInitialiseItem
 .text.vListInsert
                0x08006c42       0x72 ./Middlewares/Third_Party/FreeRTOS/list.o
                0x08006c42                vListInsert
 .text.uxListRemove
                0x08006cb4       0x54 ./Middlewares/Third_Party/FreeRTOS/list.o
                0x08006cb4                uxListRemove
 .text.pxPortInitialiseStack
                0x08006d08       0x68 ./Middlewares/Third_Party/FreeRTOS/port.o
                0x08006d08                pxPortInitialiseStack
 .text.prvTaskExitError
                0x08006d70       0x5c ./Middlewares/Third_Party/FreeRTOS/port.o
 *fill*         0x08006dcc        0x4 
 .text.SVC_Handler
                0x08006dd0       0x28 ./Middlewares/Third_Party/FreeRTOS/port.o
                0x08006dd0                SVC_Handler
 .text.prvPortStartFirstTask
                0x08006df8       0x2c ./Middlewares/Third_Party/FreeRTOS/port.o
 .text.xPortStartScheduler
                0x08006e24      0x17c ./Middlewares/Third_Party/FreeRTOS/port.o
                0x08006e24                xPortStartScheduler
 .text.vPortEnterCritical
                0x08006fa0       0x64 ./Middlewares/Third_Party/FreeRTOS/port.o
                0x08006fa0                vPortEnterCritical
 .text.vPortExitCritical
                0x08007004       0x54 ./Middlewares/Third_Party/FreeRTOS/port.o
                0x08007004                vPortExitCritical
 *fill*         0x08007058        0x8 
 .text.PendSV_Handler
                0x08007060       0x68 ./Middlewares/Third_Party/FreeRTOS/port.o
                0x08007060                PendSV_Handler
 .text.xPortSysTickHandler
                0x080070c8       0x44 ./Middlewares/Third_Party/FreeRTOS/port.o
                0x080070c8                xPortSysTickHandler
 .text.vPortSetupTimerInterrupt
                0x0800710c       0x48 ./Middlewares/Third_Party/FreeRTOS/port.o
                0x0800710c                vPortSetupTimerInterrupt
 .text.vPortEnableVFP
                0x08007154       0x18 ./Middlewares/Third_Party/FreeRTOS/port.o
 .text.vPortValidateInterruptPriority
                0x0800716c       0x84 ./Middlewares/Third_Party/FreeRTOS/port.o
                0x0800716c                vPortValidateInterruptPriority
 .text.xQueueGenericReset
                0x080071f0      0x124 ./Middlewares/Third_Party/FreeRTOS/queue.o
                0x080071f0                xQueueGenericReset
 .text.xQueueGenericCreateStatic
                0x08007314       0xc2 ./Middlewares/Third_Party/FreeRTOS/queue.o
                0x08007314                xQueueGenericCreateStatic
 .text.prvInitialiseNewQueue
                0x080073d6       0x46 ./Middlewares/Third_Party/FreeRTOS/queue.o
 .text.xQueueGenericSend
                0x0800741c      0x204 ./Middlewares/Third_Party/FreeRTOS/queue.o
                0x0800741c                xQueueGenericSend
 .text.xQueueGenericSendFromISR
                0x08007620      0x16c ./Middlewares/Third_Party/FreeRTOS/queue.o
                0x08007620                xQueueGenericSendFromISR
 .text.xQueueReceive
                0x0800778c      0x1c4 ./Middlewares/Third_Party/FreeRTOS/queue.o
                0x0800778c                xQueueReceive
 .text.prvCopyDataToQueue
                0x08007950       0xd4 ./Middlewares/Third_Party/FreeRTOS/queue.o
 .text.prvCopyDataFromQueue
                0x08007a24       0x4c ./Middlewares/Third_Party/FreeRTOS/queue.o
 .text.prvUnlockQueue
                0x08007a70       0xa4 ./Middlewares/Third_Party/FreeRTOS/queue.o
 .text.prvIsQueueEmpty
                0x08007b14       0x2c ./Middlewares/Third_Party/FreeRTOS/queue.o
 .text.prvIsQueueFull
                0x08007b40       0x30 ./Middlewares/Third_Party/FreeRTOS/queue.o
 .text.vQueueAddToRegistry
                0x08007b70       0xa0 ./Middlewares/Third_Party/FreeRTOS/queue.o
                0x08007b70                vQueueAddToRegistry
 .text.vQueueWaitForMessageRestricted
                0x08007c10       0x68 ./Middlewares/Third_Party/FreeRTOS/queue.o
                0x08007c10                vQueueWaitForMessageRestricted
 .text.xTaskCreateStatic
                0x08007c78       0xca ./Middlewares/Third_Party/FreeRTOS/tasks.o
                0x08007c78                xTaskCreateStatic
 .text.xTaskCreate
                0x08007d42       0x94 ./Middlewares/Third_Party/FreeRTOS/tasks.o
                0x08007d42                xTaskCreate
 *fill*         0x08007dd6        0x2 
 .text.prvInitialiseNewTask
                0x08007dd8      0x14c ./Middlewares/Third_Party/FreeRTOS/tasks.o
 .text.prvAddNewTaskToReadyList
                0x08007f24      0x130 ./Middlewares/Third_Party/FreeRTOS/tasks.o
 .text.vTaskDelay
                0x08008054       0x6c ./Middlewares/Third_Party/FreeRTOS/tasks.o
                0x08008054                vTaskDelay
 .text.vTaskStartScheduler
                0x080080c0       0xe8 ./Middlewares/Third_Party/FreeRTOS/tasks.o
                0x080080c0                vTaskStartScheduler
 .text.vTaskSuspendAll
                0x080081a8       0x1c ./Middlewares/Third_Party/FreeRTOS/tasks.o
                0x080081a8                vTaskSuspendAll
 .text.xTaskResumeAll
                0x080081c4      0x1fc ./Middlewares/Third_Party/FreeRTOS/tasks.o
                0x080081c4                xTaskResumeAll
 .text.xTaskGetTickCount
                0x080083c0       0x20 ./Middlewares/Third_Party/FreeRTOS/tasks.o
                0x080083c0                xTaskGetTickCount
 .text.uxTaskGetNumberOfTasks
                0x080083e0       0x18 ./Middlewares/Third_Party/FreeRTOS/tasks.o
                0x080083e0                uxTaskGetNumberOfTasks
 .text.xTaskIncrementTick
                0x080083f8      0x230 ./Middlewares/Third_Party/FreeRTOS/tasks.o
                0x080083f8                xTaskIncrementTick
 .text.vTaskSwitchContext
                0x08008628       0xc8 ./Middlewares/Third_Party/FreeRTOS/tasks.o
                0x08008628                vTaskSwitchContext
 .text.vTaskPlaceOnEventList
                0x080086f0       0x4c ./Middlewares/Third_Party/FreeRTOS/tasks.o
                0x080086f0                vTaskPlaceOnEventList
 .text.vTaskPlaceOnEventListRestricted
                0x0800873c       0x8c ./Middlewares/Third_Party/FreeRTOS/tasks.o
                0x0800873c                vTaskPlaceOnEventListRestricted
 .text.xTaskRemoveFromEventList
                0x080087c8      0x1b0 ./Middlewares/Third_Party/FreeRTOS/tasks.o
                0x080087c8                xTaskRemoveFromEventList
 .text.vTaskInternalSetTimeOutState
                0x08008978       0x2c ./Middlewares/Third_Party/FreeRTOS/tasks.o
                0x08008978                vTaskInternalSetTimeOutState
 .text.xTaskCheckForTimeOut
                0x080089a4       0xd0 ./Middlewares/Third_Party/FreeRTOS/tasks.o
                0x080089a4                xTaskCheckForTimeOut
 .text.vTaskMissedYield
                0x08008a74       0x18 ./Middlewares/Third_Party/FreeRTOS/tasks.o
                0x08008a74                vTaskMissedYield
 .text.prvIdleTask
                0x08008a8c       0x30 ./Middlewares/Third_Party/FreeRTOS/tasks.o
 .text.prvInitialiseTaskLists
                0x08008abc       0x80 ./Middlewares/Third_Party/FreeRTOS/tasks.o
 .text.prvCheckTasksWaitingTermination
                0x08008b3c       0x5c ./Middlewares/Third_Party/FreeRTOS/tasks.o
 .text.prvDeleteTCB
                0x08008b98       0x70 ./Middlewares/Third_Party/FreeRTOS/tasks.o
 .text.prvResetNextTaskUnblockTime
                0x08008c08       0x38 ./Middlewares/Third_Party/FreeRTOS/tasks.o
 .text.xTaskGetSchedulerState
                0x08008c40       0x3c ./Middlewares/Third_Party/FreeRTOS/tasks.o
                0x08008c40                xTaskGetSchedulerState
 .text.xTaskPriorityDisinherit
                0x08008c7c      0x130 ./Middlewares/Third_Party/FreeRTOS/tasks.o
                0x08008c7c                xTaskPriorityDisinherit
 .text.prvAddCurrentTaskToDelayedList
                0x08008dac       0xdc ./Middlewares/Third_Party/FreeRTOS/tasks.o
 .text.xTimerCreateTimerTask
                0x08008e88       0x94 ./Middlewares/Third_Party/FreeRTOS/timers.o
                0x08008e88                xTimerCreateTimerTask
 .text.xTimerCreate
                0x08008f1c       0x42 ./Middlewares/Third_Party/FreeRTOS/timers.o
                0x08008f1c                xTimerCreate
 .text.xTimerCreateStatic
                0x08008f5e       0x80 ./Middlewares/Third_Party/FreeRTOS/timers.o
                0x08008f5e                xTimerCreateStatic
 .text.prvInitialiseNewTimer
                0x08008fde       0x72 ./Middlewares/Third_Party/FreeRTOS/timers.o
 .text.xTimerGenericCommand
                0x08009050       0x9c ./Middlewares/Third_Party/FreeRTOS/timers.o
                0x08009050                xTimerGenericCommand
 .text.prvReloadTimer
                0x080090ec       0x42 ./Middlewares/Third_Party/FreeRTOS/timers.o
 *fill*         0x0800912e        0x2 
 .text.prvProcessExpiredTimer
                0x08009130       0x60 ./Middlewares/Third_Party/FreeRTOS/timers.o
 .text.prvTimerTask
                0x08009190       0x26 ./Middlewares/Third_Party/FreeRTOS/timers.o
 *fill*         0x080091b6        0x2 
 .text.prvProcessTimerOrBlockTask
                0x080091b8       0x9c ./Middlewares/Third_Party/FreeRTOS/timers.o
 .text.prvGetNextExpireTime
                0x08009254       0x48 ./Middlewares/Third_Party/FreeRTOS/timers.o
 .text.prvSampleTimeNow
                0x0800929c       0x40 ./Middlewares/Third_Party/FreeRTOS/timers.o
 .text.prvInsertTimerInActiveList
                0x080092dc       0x84 ./Middlewares/Third_Party/FreeRTOS/timers.o
 .text.prvProcessReceivedCommands
                0x08009360      0x1bc ./Middlewares/Third_Party/FreeRTOS/timers.o
 .text.prvSwitchTimerLists
                0x0800951c       0x4c ./Middlewares/Third_Party/FreeRTOS/timers.o
 .text.prvCheckForValidListAndQueue
                0x08009568       0x80 ./Middlewares/Third_Party/FreeRTOS/timers.o
 .text.pvTimerGetTimerID
                0x080095e8       0x42 ./Middlewares/Third_Party/FreeRTOS/timers.o
                0x080095e8                pvTimerGetTimerID
 *fill*         0x0800962a        0x2 
 .text.snprintf
                0x0800962c       0x6c /Applications/STM32CubeIDE.app/Contents/Eclipse/plugins/com.st.stm32cube.ide.mcu.externaltools.gnu-tools-for-stm32.14.3.rel1.macosaarch64_1.0.0.202602081740/tools/bin/../lib/gcc/arm-none-eabi/14.3.1/../../../../arm-none-eabi/lib/thumb/v7e-m+dp/hard/libc_nano.a(libc_a-snprintf.o)
                0x0800962c                snprintf
                0x0800962c                sniprintf
 .text.memset   0x08009698       0x10 /Applications/STM32CubeIDE.app/Contents/Eclipse/plugins/com.st.stm32cube.ide.mcu.externaltools.gnu-tools-for-stm32.14.3.rel1.macosaarch64_1.0.0.202602081740/tools/bin/../lib/gcc/arm-none-eabi/14.3.1/../../../../arm-none-eabi/lib/thumb/v7e-m+dp/hard/libc_nano.a(libc_a-memset.o)
                0x08009698                memset
 .text.__errno  0x080096a8        0xc /Applications/STM32CubeIDE.app/Contents/Eclipse/plugins/com.st.stm32cube.ide.mcu.externaltools.gnu-tools-for-stm32.14.3.rel1.macosaarch64_1.0.0.202602081740/tools/bin/../lib/gcc/arm-none-eabi/14.3.1/../../../../arm-none-eabi/lib/thumb/v7e-m+dp/hard/libc_nano.a(libc_a-errno.o)
                0x080096a8                __errno
 .text.__libc_init_array
                0x080096b4       0x48 /Applications/STM32CubeIDE.app/Contents/Eclipse/plugins/com.st.stm32cube.ide.mcu.externaltools.gnu-tools-for-stm32.14.3.rel1.macosaarch64_1.0.0.202602081740/tools/bin/../lib/gcc/arm-none-eabi/14.3.1/../../../../arm-none-eabi/lib/thumb/v7e-m+dp/hard/libc_nano.a(libc_a-init.o)
                0x080096b4                __libc_init_array
 .text.__retarget_lock_acquire_recursive
                0x080096fc        0x2 /Applications/STM32CubeIDE.app/Contents/Eclipse/plugins/com.st.stm32cube.ide.mcu.externaltools.gnu-tools-for-stm32.14.3.rel1.macosaarch64_1.0.0.202602081740/tools/bin/../lib/gcc/arm-none-eabi/14.3.1/../../../../arm-none-eabi/lib/thumb/v7e-m+dp/hard/libc_nano.a(libc_a-lock.o)
                0x080096fc                __retarget_lock_acquire_recursive
 .text.__retarget_lock_release_recursive
                0x080096fe        0x2 /Applications/STM32CubeIDE.app/Contents/Eclipse/plugins/com.st.stm32cube.ide.mcu.externaltools.gnu-tools-for-stm32.14.3.rel1.macosaarch64_1.0.0.202602081740/tools/bin/../lib/gcc/arm-none-eabi/14.3.1/../../../../arm-none-eabi/lib/thumb/v7e-m+dp/hard/libc_nano.a(libc_a-lock.o)
                0x080096fe                __retarget_lock_release_recursive
 .text._reclaim_reent
                0x08009700       0xbc /Applications/STM32CubeIDE.app/Contents/Eclipse/plugins/com.st.stm32cube.ide.mcu.externaltools.gnu-tools-for-stm32.14.3.rel1.macosaarch64_1.0.0.202602081740/tools/bin/../lib/gcc/arm-none-eabi/14.3.1/../../../../arm-none-eabi/lib/thumb/v7e-m+dp/hard/libc_nano.a(libc_a-reent.o)
                0x08009700                _reclaim_reent
 .text.memcpy   0x080097bc       0x1c /Applications/STM32CubeIDE.app/Contents/Eclipse/plugins/com.st.stm32cube.ide.mcu.externaltools.gnu-tools-for-stm32.14.3.rel1.macosaarch64_1.0.0.202602081740/tools/bin/../lib/gcc/arm-none-eabi/14.3.1/../../../../arm-none-eabi/lib/thumb/v7e-m+dp/hard/libc_nano.a(libc_a-memcpy-stub.o)
                0x080097bc                memcpy
 .text._free_r  0x080097d8       0x94 /Applications/STM32CubeIDE.app/Contents/Eclipse/plugins/com.st.stm32cube.ide.mcu.externaltools.gnu-tools-for-stm32.14.3.rel1.macosaarch64_1.0.0.202602081740/tools/bin/../lib/gcc/arm-none-eabi/14.3.1/../../../../arm-none-eabi/lib/thumb/v7e-m+dp/hard/libc_nano.a(libc_a-freer.o)
                0x080097d8                _free_r
 .text.__ssputs_r
                0x0800986c       0xc0 /Applications/STM32CubeIDE.app/Contents/Eclipse/plugins/com.st.stm32cube.ide.mcu.externaltools.gnu-tools-for-stm32.14.3.rel1.macosaarch64_1.0.0.202602081740/tools/bin/../lib/gcc/arm-none-eabi/14.3.1/../../../../arm-none-eabi/lib/thumb/v7e-m+dp/hard/libc_nano.a(libc_a-nano-svfprintf.o)
                0x0800986c                __ssputs_r
 .text._svfprintf_r
                0x0800992c      0x1f0 /Applications/STM32CubeIDE.app/Contents/Eclipse/plugins/com.st.stm32cube.ide.mcu.externaltools.gnu-tools-for-stm32.14.3.rel1.macosaarch64_1.0.0.202602081740/tools/bin/../lib/gcc/arm-none-eabi/14.3.1/../../../../arm-none-eabi/lib/thumb/v7e-m+dp/hard/libc_nano.a(libc_a-nano-svfprintf.o)
                0x0800992c                _svfprintf_r
                0x0800992c                _svfiprintf_r
 .text.sbrk_aligned
                0x08009b1c       0x44 /Applications/STM32CubeIDE.app/Contents/Eclipse/plugins/com.st.stm32cube.ide.mcu.externaltools.gnu-tools-for-stm32.14.3.rel1.macosaarch64_1.0.0.202602081740/tools/bin/../lib/gcc/arm-none-eabi/14.3.1/../../../../arm-none-eabi/lib/thumb/v7e-m+dp/hard/libc_nano.a(libc_a-mallocr.o)
 .text._malloc_r
                0x08009b60      0x100 /Applications/STM32CubeIDE.app/Contents/Eclipse/plugins/com.st.stm32cube.ide.mcu.externaltools.gnu-tools-for-stm32.14.3.rel1.macosaarch64_1.0.0.202602081740/tools/bin/../lib/gcc/arm-none-eabi/14.3.1/../../../../arm-none-eabi/lib/thumb/v7e-m+dp/hard/libc_nano.a(libc_a-mallocr.o)
                0x08009b60                _malloc_r
 .text._printf_common
                0x08009c60       0xda /Applications/STM32CubeIDE.app/Contents/Eclipse/plugins/com.st.stm32cube.ide.mcu.externaltools.gnu-tools-for-stm32.14.3.rel1.macosaarch64_1.0.0.202602081740/tools/bin/../lib/gcc/arm-none-eabi/14.3.1/../../../../arm-none-eabi/lib/thumb/v7e-m+dp/hard/libc_nano.a(libc_a-nano-vfprintf_i.o)
                0x08009c60                _printf_common
 *fill*         0x08009d3a        0x2 
 .text._printf_i
                0x08009d3c      0x24c /Applications/STM32CubeIDE.app/Contents/Eclipse/plugins/com.st.stm32cube.ide.mcu.externaltools.gnu-tools-for-stm32.14.3.rel1.macosaarch64_1.0.0.202602081740/tools/bin/../lib/gcc/arm-none-eabi/14.3.1/../../../../arm-none-eabi/lib/thumb/v7e-m+dp/hard/libc_nano.a(libc_a-nano-vfprintf_i.o)
                0x08009d3c                _printf_i
 .text.__malloc_lock
                0x08009f88        0xc /Applications/STM32CubeIDE.app/Contents/Eclipse/plugins/com.st.stm32cube.ide.mcu.externaltools.gnu-tools-for-stm32.14.3.rel1.macosaarch64_1.0.0.202602081740/tools/bin/../lib/gcc/arm-none-eabi/14.3.1/../../../../arm-none-eabi/lib/thumb/v7e-m+dp/hard/libc_nano.a(libc_a-mlock.o)
                0x08009f88                __malloc_lock
 .text.__malloc_unlock
                0x08009f94        0xc /Applications/STM32CubeIDE.app/Contents/Eclipse/plugins/com.st.stm32cube.ide.mcu.externaltools.gnu-tools-for-stm32.14.3.rel1.macosaarch64_1.0.0.202602081740/tools/bin/../lib/gcc/arm-none-eabi/14.3.1/../../../../arm-none-eabi/lib/thumb/v7e-m+dp/hard/libc_nano.a(libc_a-mlock.o)
                0x08009f94                __malloc_unlock
 .text._realloc_r
                0x08009fa0       0x5c /Applications/STM32CubeIDE.app/Contents/Eclipse/plugins/com.st.stm32cube.ide.mcu.externaltools.gnu-tools-for-stm32.14.3.rel1.macosaarch64_1.0.0.202602081740/tools/bin/../lib/gcc/arm-none-eabi/14.3.1/../../../../arm-none-eabi/lib/thumb/v7e-m+dp/hard/libc_nano.a(libc_a-reallocr.o)
                0x08009fa0                _realloc_r
 .text.memmove  0x08009ffc       0x32 /Applications/STM32CubeIDE.app/Contents/Eclipse/plugins/com.st.stm32cube.ide.mcu.externaltools.gnu-tools-for-stm32.14.3.rel1.macosaarch64_1.0.0.202602081740/tools/bin/../lib/gcc/arm-none-eabi/14.3.1/../../../../arm-none-eabi/lib/thumb/v7e-m+dp/hard/libc_nano.a(libc_a-memmove.o)
                0x08009ffc                memmove
 *fill*         0x0800a02e        0x2 
 .text._sbrk_r  0x0800a030       0x20 /Applications/STM32CubeIDE.app/Contents/Eclipse/plugins/com.st.stm32cube.ide.mcu.externaltools.gnu-tools-for-stm32.14.3.rel1.macosaarch64_1.0.0.202602081740/tools/bin/../lib/gcc/arm-none-eabi/14.3.1/../../../../arm-none-eabi/lib/thumb/v7e-m+dp/hard/libc_nano.a(libc_a-sbrkr.o)
                0x0800a030                _sbrk_r
 .text._malloc_usable_size_r
                0x0800a050       0x10 /Applications/STM32CubeIDE.app/Contents/Eclipse/plugins/com.st.stm32cube.ide.mcu.externaltools.gnu-tools-for-stm32.14.3.rel1.macosaarch64_1.0.0.202602081740/tools/bin/../lib/gcc/arm-none-eabi/14.3.1/../../../../arm-none-eabi/lib/thumb/v7e-m+dp/hard/libc_nano.a(libc_a-msizer.o)
                0x0800a050                _malloc_usable_size_r
 *(.glue_7)
 .glue_7        0x0800a060        0x0 linker stubs
 *(.glue_7t)
 .glue_7t       0x0800a060        0x0 linker stubs
 *(.eh_frame)
 .eh_frame      0x0800a060        0x0 /Applications/STM32CubeIDE.app/Contents/Eclipse/plugins/com.st.stm32cube.ide.mcu.externaltools.gnu-tools-for-stm32.14.3.rel1.macosaarch64_1.0.0.202602081740/tools/bin/../lib/gcc/arm-none-eabi/14.3.1/thumb/v7e-m+dp/hard/crtbegin.o
 *(.init)
 .init          0x0800a060        0x4 /Applications/STM32CubeIDE.app/Contents/Eclipse/plugins/com.st.stm32cube.ide.mcu.externaltools.gnu-tools-for-stm32.14.3.rel1.macosaarch64_1.0.0.202602081740/tools/bin/../lib/gcc/arm-none-eabi/14.3.1/thumb/v7e-m+dp/hard/crti.o
                0x0800a060                _init
 .init          0x0800a064        0x8 /Applications/STM32CubeIDE.app/Contents/Eclipse/plugins/com.st.stm32cube.ide.mcu.externaltools.gnu-tools-for-stm32.14.3.rel1.macosaarch64_1.0.0.202602081740/tools/bin/../lib/gcc/arm-none-eabi/14.3.1/thumb/v7e-m+dp/hard/crtn.o
 *(.fini)
 .fini          0x0800a06c        0x4 /Applications/STM32CubeIDE.app/Contents/Eclipse/plugins/com.st.stm32cube.ide.mcu.externaltools.gnu-tools-for-stm32.14.3.rel1.macosaarch64_1.0.0.202602081740/tools/bin/../lib/gcc/arm-none-eabi/14.3.1/thumb/v7e-m+dp/hard/crti.o
                0x0800a06c                _fini
 .fini          0x0800a070        0x8 /Applications/STM32CubeIDE.app/Contents/Eclipse/plugins/com.st.stm32cube.ide.mcu.externaltools.gnu-tools-for-stm32.14.3.rel1.macosaarch64_1.0.0.202602081740/tools/bin/../lib/gcc/arm-none-eabi/14.3.1/thumb/v7e-m+dp/hard/crtn.o
                0x0800a078                        . = ALIGN (0x4)
                0x0800a078                        _etext = .

.vfp11_veneer   0x0800a078        0x0
 .vfp11_veneer  0x0800a078        0x0 linker stubs

.v4_bx          0x0800a078        0x0
 .v4_bx         0x0800a078        0x0 linker stubs

.iplt           0x0800a078        0x0
 .iplt          0x0800a078        0x0 /Applications/STM32CubeIDE.app/Contents/Eclipse/plugins/com.st.stm32cube.ide.mcu.externaltools.gnu-tools-for-stm32.14.3.rel1.macosaarch64_1.0.0.202602081740/tools/bin/../lib/gcc/arm-none-eabi/14.3.1/thumb/v7e-m+dp/hard/crtbegin.o

.rodata         0x0800a078       0xc0
                0x0800a078                        . = ALIGN (0x4)
 *(.rodata)
 .rodata        0x0800a078        0x5 ./Middlewares/Third_Party/FreeRTOS/tasks.o
 *fill*         0x0800a07d        0x3 
 .rodata        0x0800a080        0xd ./Middlewares/Third_Party/FreeRTOS/timers.o
 *(.rodata*)
 *fill*         0x0800a08d        0x3 
 .rodata.D1CorePrescTable
                0x0800a090       0x10 ./Common/Src/system_stm32h7xx_dualcore_boot_cm4_cm7.o
                0x0800a090                D1CorePrescTable
 .rodata.str1.4
                0x0800a0a0       0x11 ./Core/Src/main.o
                                  0xc (size before relaxing)
 *fill*         0x0800a0b1        0x3 
 .rodata.defaultTask_attributes
                0x0800a0b4       0x24 ./Core/Src/main.o
                0x0800a0b4                defaultTask_attributes
 .rodata.MyTimerCallback.str1.4
                0x0800a0d8        0x5 ./Core/Src/main.o
 .rodata.UARTPrescTable
                0x0800a0d8       0x18 ./Drivers/STM32H7xx_HAL_Driver/stm32h7xx_hal_uart.o
                0x0800a0d8                UARTPrescTable
 .rodata.numerator.1
                0x0800a0f0        0x8 ./Drivers/STM32H7xx_HAL_Driver/stm32h7xx_hal_uart_ex.o
 .rodata.denominator.0
                0x0800a0f8        0x8 ./Drivers/STM32H7xx_HAL_Driver/stm32h7xx_hal_uart_ex.o
 .rodata.uxTopUsedPriority
                0x0800a100        0x4 ./Middlewares/Third_Party/FreeRTOS/tasks.o
                0x0800a100                uxTopUsedPriority
 .rodata._svfprintf_r.str1.1
                0x0800a104       0x33 /Applications/STM32CubeIDE.app/Contents/Eclipse/plugins/com.st.stm32cube.ide.mcu.externaltools.gnu-tools-for-stm32.14.3.rel1.macosaarch64_1.0.0.202602081740/tools/bin/../lib/gcc/arm-none-eabi/14.3.1/../../../../arm-none-eabi/lib/thumb/v7e-m+dp/hard/libc_nano.a(libc_a-nano-svfprintf.o)
                                 0x11 (size before relaxing)
 .rodata._printf_i.str1.1
                0x0800a137       0x22 /Applications/STM32CubeIDE.app/Contents/Eclipse/plugins/com.st.stm32cube.ide.mcu.externaltools.gnu-tools-for-stm32.14.3.rel1.macosaarch64_1.0.0.202602081740/tools/bin/../lib/gcc/arm-none-eabi/14.3.1/../../../../arm-none-eabi/lib/thumb/v7e-m+dp/hard/libc_nano.a(libc_a-nano-vfprintf_i.o)
                0x0800a15c                        . = ALIGN (0x4)
 *fill*         0x0800a137        0x1 

.ARM.extab      0x0800a138        0x0
                0x0800a138                        . = ALIGN (0x4)
 *(.ARM.extab* .gnu.linkonce.armextab.*)
                0x0800a138                        . = ALIGN (0x4)

.ARM            0x0800a138        0x8
                0x0800a138                        . = ALIGN (0x4)
                0x0800a138                        __exidx_start = .
 *(.ARM.exidx*)
 .ARM.exidx     0x0800a138        0x8 /Applications/STM32CubeIDE.app/Contents/Eclipse/plugins/com.st.stm32cube.ide.mcu.externaltools.gnu-tools-for-stm32.14.3.rel1.macosaarch64_1.0.0.202602081740/tools/bin/../lib/gcc/arm-none-eabi/14.3.1/../../../../arm-none-eabi/lib/thumb/v7e-m+dp/hard/libc_nano.a(libc_a-memchr.o)
 .ARM.exidx     0x0800a140        0x0 /Applications/STM32CubeIDE.app/Contents/Eclipse/plugins/com.st.stm32cube.ide.mcu.externaltools.gnu-tools-for-stm32.14.3.rel1.macosaarch64_1.0.0.202602081740/tools/bin/../lib/gcc/arm-none-eabi/14.3.1/thumb/v7e-m+dp/hard/libgcc.a(_udivmoddi4.o)
                                  0x8 (size before relaxing)
                0x0800a140                        __exidx_end = .
                0x0800a140                        . = ALIGN (0x4)

.preinit_array  0x0800a140        0x0
                0x0800a140                        . = ALIGN (0x4)
                0x0800a140                        PROVIDE (__preinit_array_start = .)
 *(.preinit_array*)
                0x0800a140                        PROVIDE (__preinit_array_end = .)
                0x0800a140                        . = ALIGN (0x4)

.init_array     0x0800a140        0x4
                0x0800a140                        . = ALIGN (0x4)
                0x0800a140                        PROVIDE (__init_array_start = .)
 *(SORT_BY_NAME(.init_array.*))
 *(.init_array*)
 .init_array    0x0800a140        0x4 /Applications/STM32CubeIDE.app/Contents/Eclipse/plugins/com.st.stm32cube.ide.mcu.externaltools.gnu-tools-for-stm32.14.3.rel1.macosaarch64_1.0.0.202602081740/tools/bin/../lib/gcc/arm-none-eabi/14.3.1/thumb/v7e-m+dp/hard/crtbegin.o
                0x0800a144                        PROVIDE (__init_array_end = .)
                0x0800a144                        . = ALIGN (0x4)

.fini_array     0x0800a144        0x4
                0x0800a144                        . = ALIGN (0x4)
                [!provide]                        PROVIDE (__fini_array_start = .)
 *(SORT_BY_NAME(.fini_array.*))
 *(.fini_array*)
 .fini_array    0x0800a144        0x4 /Applications/STM32CubeIDE.app/Contents/Eclipse/plugins/com.st.stm32cube.ide.mcu.externaltools.gnu-tools-for-stm32.14.3.rel1.macosaarch64_1.0.0.202602081740/tools/bin/../lib/gcc/arm-none-eabi/14.3.1/thumb/v7e-m+dp/hard/crtbegin.o
                [!provide]                        PROVIDE (__fini_array_end = .)
                0x0800a148                        . = ALIGN (0x4)
                0x0800a148                        _sidata = LOADADDR (.data)

.rel.dyn        0x0800a148        0x0
 .rel.iplt      0x0800a148        0x0 /Applications/STM32CubeIDE.app/Contents/Eclipse/plugins/com.st.stm32cube.ide.mcu.externaltools.gnu-tools-for-stm32.14.3.rel1.macosaarch64_1.0.0.202602081740/tools/bin/../lib/gcc/arm-none-eabi/14.3.1/thumb/v7e-m+dp/hard/crtbegin.o

.data           0x24000000       0x64 load address 0x0800a148
                0x24000000                        . = ALIGN (0x4)
                0x24000000                        _sdata = .
 *(.data)
 *(.data*)
 .data.SystemCoreClock
                0x24000000        0x4 ./Common/Src/system_stm32h7xx_dualcore_boot_cm4_cm7.o
                0x24000000                SystemCoreClock
 .data.SystemD2Clock
                0x24000004        0x4 ./Common/Src/system_stm32h7xx_dualcore_boot_cm4_cm7.o
                0x24000004                SystemD2Clock
 .data.uwTickPrio
                0x24000008        0x4 ./Drivers/STM32H7xx_HAL_Driver/stm32h7xx_hal.o
                0x24000008                uwTickPrio
 .data.uwTickFreq
                0x2400000c        0x1 ./Drivers/STM32H7xx_HAL_Driver/stm32h7xx_hal.o
                0x2400000c                uwTickFreq
 *fill*         0x2400000d        0x3 
 .data.uxCriticalNesting
                0x24000010        0x4 ./Middlewares/Third_Party/FreeRTOS/port.o
 .data._impure_ptr
                0x24000014        0x4 /Applications/STM32CubeIDE.app/Contents/Eclipse/plugins/com.st.stm32cube.ide.mcu.externaltools.gnu-tools-for-stm32.14.3.rel1.macosaarch64_1.0.0.202602081740/tools/bin/../lib/gcc/arm-none-eabi/14.3.1/../../../../arm-none-eabi/lib/thumb/v7e-m+dp/hard/libc_nano.a(libc_a-impure.o)
                0x24000014                _impure_ptr
 .data._impure_data
                0x24000018       0x4c /Applications/STM32CubeIDE.app/Contents/Eclipse/plugins/com.st.stm32cube.ide.mcu.externaltools.gnu-tools-for-stm32.14.3.rel1.macosaarch64_1.0.0.202602081740/tools/bin/../lib/gcc/arm-none-eabi/14.3.1/../../../../arm-none-eabi/lib/thumb/v7e-m+dp/hard/libc_nano.a(libc_a-impure.o)
                0x24000018                _impure_data
 *(.RamFunc)
 *(.RamFunc*)
                0x24000064                        . = ALIGN (0x4)
                0x24000064                        _edata = .

.igot.plt       0x24000064        0x0 load address 0x0800a1ac
 .igot.plt      0x24000064        0x0 /Applications/STM32CubeIDE.app/Contents/Eclipse/plugins/com.st.stm32cube.ide.mcu.externaltools.gnu-tools-for-stm32.14.3.rel1.macosaarch64_1.0.0.202602081740/tools/bin/../lib/gcc/arm-none-eabi/14.3.1/thumb/v7e-m+dp/hard/crtbegin.o
                0x24000064                        . = ALIGN (0x4)

.bss            0x24000064     0x4ce0 load address 0x0800a1ac
                0x24000064                        _sbss = .
                0x24000064                        __bss_start__ = _sbss
 *(.bss)
 .bss           0x24000064       0x1c /Applications/STM32CubeIDE.app/Contents/Eclipse/plugins/com.st.stm32cube.ide.mcu.externaltools.gnu-tools-for-stm32.14.3.rel1.macosaarch64_1.0.0.202602081740/tools/bin/../lib/gcc/arm-none-eabi/14.3.1/thumb/v7e-m+dp/hard/crtbegin.o
 *(.bss*)
 .bss.hrng      0x24000080       0x14 ./Core/Src/main.o
                0x24000080                hrng
 .bss.huart8    0x24000094       0x94 ./Core/Src/main.o
                0x24000094                huart8
 .bss.huart1    0x24000128       0x94 ./Core/Src/main.o
                0x24000128                huart1
 .bss.defaultTaskHandle
                0x240001bc        0x4 ./Core/Src/main.o
                0x240001bc                defaultTaskHandle
 .bss.myTimerHandle
                0x240001c0        0x4 ./Core/Src/main.o
 .bss.htim6     0x240001c4       0x4c ./Core/Src/stm32h7xx_hal_timebase_tim.o
                0x240001c4                htim6
 .bss.__sbrk_heap_end
                0x24000210        0x4 ./Core/Src/sysmem.o
 .bss.uwTick    0x24000214        0x4 ./Drivers/STM32H7xx_HAL_Driver/stm32h7xx_hal.o
                0x24000214                uwTick
 .bss.KernelState
                0x24000218        0x4 ./Middlewares/Third_Party/FreeRTOS/cmsis_os2.o
 .bss.Idle_TCB.3
                0x2400021c       0xa8 ./Middlewares/Third_Party/FreeRTOS/cmsis_os2.o
 .bss.Idle_Stack.2
                0x240002c4      0x200 ./Middlewares/Third_Party/FreeRTOS/cmsis_os2.o
 .bss.Timer_TCB.1
                0x240004c4       0xa8 ./Middlewares/Third_Party/FreeRTOS/cmsis_os2.o
 .bss.Timer_Stack.0
                0x2400056c      0x400 ./Middlewares/Third_Party/FreeRTOS/cmsis_os2.o
 .bss.ucHeap    0x2400096c     0x3c00 ./Middlewares/Third_Party/FreeRTOS/heap_4.o
 .bss.xStart    0x2400456c        0x8 ./Middlewares/Third_Party/FreeRTOS/heap_4.o
 .bss.pxEnd     0x24004574        0x4 ./Middlewares/Third_Party/FreeRTOS/heap_4.o
 .bss.xFreeBytesRemaining
                0x24004578        0x4 ./Middlewares/Third_Party/FreeRTOS/heap_4.o
 .bss.xMinimumEverFreeBytesRemaining
                0x2400457c        0x4 ./Middlewares/Third_Party/FreeRTOS/heap_4.o
 .bss.xNumberOfSuccessfulAllocations
                0x24004580        0x4 ./Middlewares/Third_Party/FreeRTOS/heap_4.o
 .bss.xNumberOfSuccessfulFrees
                0x24004584        0x4 ./Middlewares/Third_Party/FreeRTOS/heap_4.o
 .bss.ucMaxSysCallPriority
                0x24004588        0x1 ./Middlewares/Third_Party/FreeRTOS/port.o
 *fill*         0x24004589        0x3 
 .bss.ulMaxPRIGROUPValue
                0x2400458c        0x4 ./Middlewares/Third_Party/FreeRTOS/port.o
 .bss.xQueueRegistry
                0x24004590       0x40 ./Middlewares/Third_Party/FreeRTOS/queue.o
                0x24004590                xQueueRegistry
 .bss.pxCurrentTCB
                0x240045d0        0x4 ./Middlewares/Third_Party/FreeRTOS/tasks.o
                0x240045d0                pxCurrentTCB
 .bss.pxReadyTasksLists
                0x240045d4      0x460 ./Middlewares/Third_Party/FreeRTOS/tasks.o
 .bss.xDelayedTaskList1
                0x24004a34       0x14 ./Middlewares/Third_Party/FreeRTOS/tasks.o
 .bss.xDelayedTaskList2
                0x24004a48       0x14 ./Middlewares/Third_Party/FreeRTOS/tasks.o
 .bss.pxDelayedTaskList
                0x24004a5c        0x4 ./Middlewares/Third_Party/FreeRTOS/tasks.o
 .bss.pxOverflowDelayedTaskList
                0x24004a60        0x4 ./Middlewares/Third_Party/FreeRTOS/tasks.o
 .bss.xPendingReadyList
                0x24004a64       0x14 ./Middlewares/Third_Party/FreeRTOS/tasks.o
 .bss.xTasksWaitingTermination
                0x24004a78       0x14 ./Middlewares/Third_Party/FreeRTOS/tasks.o
 .bss.uxDeletedTasksWaitingCleanUp
                0x24004a8c        0x4 ./Middlewares/Third_Party/FreeRTOS/tasks.o
 .bss.xSuspendedTaskList
                0x24004a90       0x14 ./Middlewares/Third_Party/FreeRTOS/tasks.o
 .bss.uxCurrentNumberOfTasks
                0x24004aa4        0x4 ./Middlewares/Third_Party/FreeRTOS/tasks.o
 .bss.xTickCount
                0x24004aa8        0x4 ./Middlewares/Third_Party/FreeRTOS/tasks.o
 .bss.uxTopReadyPriority
                0x24004aac        0x4 ./Middlewares/Third_Party/FreeRTOS/tasks.o
 .bss.xSchedulerRunning
                0x24004ab0        0x4 ./Middlewares/Third_Party/FreeRTOS/tasks.o
 .bss.xPendedTicks
                0x24004ab4        0x4 ./Middlewares/Third_Party/FreeRTOS/tasks.o
 .bss.xYieldPending
                0x24004ab8        0x4 ./Middlewares/Third_Party/FreeRTOS/tasks.o
 .bss.xNumOfOverflows
                0x24004abc        0x4 ./Middlewares/Third_Party/FreeRTOS/tasks.o
 .bss.uxTaskNumber
                0x24004ac0        0x4 ./Middlewares/Third_Party/FreeRTOS/tasks.o
 .bss.xNextTaskUnblockTime
                0x24004ac4        0x4 ./Middlewares/Third_Party/FreeRTOS/tasks.o
 .bss.xIdleTaskHandle
                0x24004ac8        0x4 ./Middlewares/Third_Party/FreeRTOS/tasks.o
 .bss.uxSchedulerSuspended
                0x24004acc        0x4 ./Middlewares/Third_Party/FreeRTOS/tasks.o
 .bss.xActiveTimerList1
                0x24004ad0       0x14 ./Middlewares/Third_Party/FreeRTOS/timers.o
 .bss.xActiveTimerList2
                0x24004ae4       0x14 ./Middlewares/Third_Party/FreeRTOS/timers.o
 .bss.pxCurrentTimerList
                0x24004af8        0x4 ./Middlewares/Third_Party/FreeRTOS/timers.o
 .bss.pxOverflowTimerList
                0x24004afc        0x4 ./Middlewares/Third_Party/FreeRTOS/timers.o
 .bss.xTimerQueue
                0x24004b00        0x4 ./Middlewares/Third_Party/FreeRTOS/timers.o
 .bss.xTimerTaskHandle
                0x24004b04        0x4 ./Middlewares/Third_Party/FreeRTOS/timers.o
 .bss.xLastTime.2
                0x24004b08        0x4 ./Middlewares/Third_Party/FreeRTOS/timers.o
 .bss.ucStaticTimerQueueStorage.1
                0x24004b0c       0xa0 ./Middlewares/Third_Party/FreeRTOS/timers.o
 .bss.xStaticTimerQueue.0
                0x24004bac       0x50 ./Middlewares/Third_Party/FreeRTOS/timers.o
 .bss.__sf      0x24004bfc      0x138 /Applications/STM32CubeIDE.app/Contents/Eclipse/plugins/com.st.stm32cube.ide.mcu.externaltools.gnu-tools-for-stm32.14.3.rel1.macosaarch64_1.0.0.202602081740/tools/bin/../lib/gcc/arm-none-eabi/14.3.1/../../../../arm-none-eabi/lib/thumb/v7e-m+dp/hard/libc_nano.a(libc_a-findfp.o)
                0x24004bfc                __sf
 .bss.__lock___malloc_recursive_mutex
                0x24004d34        0x1 /Applications/STM32CubeIDE.app/Contents/Eclipse/plugins/com.st.stm32cube.ide.mcu.externaltools.gnu-tools-for-stm32.14.3.rel1.macosaarch64_1.0.0.202602081740/tools/bin/../lib/gcc/arm-none-eabi/14.3.1/../../../../arm-none-eabi/lib/thumb/v7e-m+dp/hard/libc_nano.a(libc_a-lock.o)
                0x24004d34                __lock___malloc_recursive_mutex
 *fill*         0x24004d35        0x3 
 .bss.errno     0x24004d38        0x4 /Applications/STM32CubeIDE.app/Contents/Eclipse/plugins/com.st.stm32cube.ide.mcu.externaltools.gnu-tools-for-stm32.14.3.rel1.macosaarch64_1.0.0.202602081740/tools/bin/../lib/gcc/arm-none-eabi/14.3.1/../../../../arm-none-eabi/lib/thumb/v7e-m+dp/hard/libc_nano.a(libc_a-reent.o)
                0x24004d38                errno
 .bss.__malloc_sbrk_start
                0x24004d3c        0x4 /Applications/STM32CubeIDE.app/Contents/Eclipse/plugins/com.st.stm32cube.ide.mcu.externaltools.gnu-tools-for-stm32.14.3.rel1.macosaarch64_1.0.0.202602081740/tools/bin/../lib/gcc/arm-none-eabi/14.3.1/../../../../arm-none-eabi/lib/thumb/v7e-m+dp/hard/libc_nano.a(libc_a-mallocr.o)
                0x24004d3c                __malloc_sbrk_start
 .bss.__malloc_free_list
                0x24004d40        0x4 /Applications/STM32CubeIDE.app/Contents/Eclipse/plugins/com.st.stm32cube.ide.mcu.externaltools.gnu-tools-for-stm32.14.3.rel1.macosaarch64_1.0.0.202602081740/tools/bin/../lib/gcc/arm-none-eabi/14.3.1/../../../../arm-none-eabi/lib/thumb/v7e-m+dp/hard/libc_nano.a(libc_a-mallocr.o)
                0x24004d40                __malloc_free_list
 *(COMMON)
                0x24004d44                        . = ALIGN (0x4)
                0x24004d44                        _ebss = .
                0x24004d44                        __bss_end__ = _ebss

._user_heap_stack
                0x24004d44      0x604 load address 0x0800a1ac
                0x24004d48                        . = ALIGN (0x8)
 *fill*         0x24004d44        0x4 
                [!provide]                        PROVIDE (end = .)
                0x24004d48                        PROVIDE (_end = .)
                0x24004f48                        . = (. + _Min_Heap_Size)
 *fill*         0x24004d48      0x200 
                0x24005348                        . = (. + _Min_Stack_Size)
 *fill*         0x24004f48      0x400 
                0x24005348                        . = ALIGN (0x8)

/DISCARD/
 libc.a(*)
 libm.a(*)
 libgcc.a(*)

.ARM.attributes
                0x00000000       0x2e
 *(.ARM.attributes)
 .ARM.attributes
                0x00000000       0x20 /Applications/STM32CubeIDE.app/Contents/Eclipse/plugins/com.st.stm32cube.ide.mcu.externaltools.gnu-tools-for-stm32.14.3.rel1.macosaarch64_1.0.0.202602081740/tools/bin/../lib/gcc/arm-none-eabi/14.3.1/thumb/v7e-m+dp/hard/crti.o
 .ARM.attributes
                0x00000020       0x32 /Applications/STM32CubeIDE.app/Contents/Eclipse/plugins/com.st.stm32cube.ide.mcu.externaltools.gnu-tools-for-stm32.14.3.rel1.macosaarch64_1.0.0.202602081740/tools/bin/../lib/gcc/arm-none-eabi/14.3.1/thumb/v7e-m+dp/hard/crtbegin.o
 .ARM.attributes
                0x00000052       0x32 ./Common/Src/system_stm32h7xx_dualcore_boot_cm4_cm7.o
 .ARM.attributes
                0x00000084       0x32 ./Core/Src/main.o
 .ARM.attributes
                0x000000b6       0x32 ./Core/Src/stm32h7xx_hal_msp.o
 .ARM.attributes
                0x000000e8       0x32 ./Core/Src/stm32h7xx_hal_timebase_tim.o
 .ARM.attributes
                0x0000011a       0x32 ./Core/Src/stm32h7xx_it.o
 .ARM.attributes
                0x0000014c       0x32 ./Core/Src/sysmem.o
 .ARM.attributes
                0x0000017e       0x21 ./Core/Startup/startup_stm32h747xihx.o
 .ARM.attributes
                0x0000019f       0x32 ./Drivers/STM32H7xx_HAL_Driver/stm32h7xx_hal.o
 .ARM.attributes
                0x000001d1       0x32 ./Drivers/STM32H7xx_HAL_Driver/stm32h7xx_hal_cortex.o
 .ARM.attributes
                0x00000203       0x32 ./Drivers/STM32H7xx_HAL_Driver/stm32h7xx_hal_gpio.o
 .ARM.attributes
                0x00000235       0x32 ./Drivers/STM32H7xx_HAL_Driver/stm32h7xx_hal_hsem.o
 .ARM.attributes
                0x00000267       0x32 ./Drivers/STM32H7xx_HAL_Driver/stm32h7xx_hal_pwr_ex.o
 .ARM.attributes
                0x00000299       0x32 ./Drivers/STM32H7xx_HAL_Driver/stm32h7xx_hal_rcc.o
 .ARM.attributes
                0x000002cb       0x32 ./Drivers/STM32H7xx_HAL_Driver/stm32h7xx_hal_rcc_ex.o
 .ARM.attributes
                0x000002fd       0x32 ./Drivers/STM32H7xx_HAL_Driver/stm32h7xx_hal_rng.o
 .ARM.attributes
                0x0000032f       0x32 ./Drivers/STM32H7xx_HAL_Driver/stm32h7xx_hal_tim.o
 .ARM.attributes
                0x00000361       0x32 ./Drivers/STM32H7xx_HAL_Driver/stm32h7xx_hal_tim_ex.o
 .ARM.attributes
                0x00000393       0x32 ./Drivers/STM32H7xx_HAL_Driver/stm32h7xx_hal_uart.o
 .ARM.attributes
                0x000003c5       0x32 ./Drivers/STM32H7xx_HAL_Driver/stm32h7xx_hal_uart_ex.o
 .ARM.attributes
                0x000003f7       0x32 ./Middlewares/Third_Party/FreeRTOS/cmsis_os2.o
 .ARM.attributes
                0x00000429       0x32 ./Middlewares/Third_Party/FreeRTOS/heap_4.o
 .ARM.attributes
                0x0000045b       0x32 ./Middlewares/Third_Party/FreeRTOS/list.o
 .ARM.attributes
                0x0000048d       0x32 ./Middlewares/Third_Party/FreeRTOS/port.o
 .ARM.attributes
                0x000004bf       0x32 ./Middlewares/Third_Party/FreeRTOS/queue.o
 .ARM.attributes
                0x000004f1       0x32 ./Middlewares/Third_Party/FreeRTOS/tasks.o
 .ARM.attributes
                0x00000523       0x32 ./Middlewares/Third_Party/FreeRTOS/timers.o
 .ARM.attributes
                0x00000555       0x32 /Applications/STM32CubeIDE.app/Contents/Eclipse/plugins/com.st.stm32cube.ide.mcu.externaltools.gnu-tools-for-stm32.14.3.rel1.macosaarch64_1.0.0.202602081740/tools/bin/../lib/gcc/arm-none-eabi/14.3.1/../../../../arm-none-eabi/lib/thumb/v7e-m+dp/hard/libc_nano.a(libc_a-snprintf.o)
 .ARM.attributes
                0x00000587       0x32 /Applications/STM32CubeIDE.app/Contents/Eclipse/plugins/com.st.stm32cube.ide.mcu.externaltools.gnu-tools-for-stm32.14.3.rel1.macosaarch64_1.0.0.202602081740/tools/bin/../lib/gcc/arm-none-eabi/14.3.1/../../../../arm-none-eabi/lib/thumb/v7e-m+dp/hard/libc_nano.a(libc_a-findfp.o)
 .ARM.attributes
                0x000005b9       0x32 /Applications/STM32CubeIDE.app/Contents/Eclipse/plugins/com.st.stm32cube.ide.mcu.externaltools.gnu-tools-for-stm32.14.3.rel1.macosaarch64_1.0.0.202602081740/tools/bin/../lib/gcc/arm-none-eabi/14.3.1/../../../../arm-none-eabi/lib/thumb/v7e-m+dp/hard/libc_nano.a(libc_a-memset.o)
 .ARM.attributes
                0x000005eb       0x32 /Applications/STM32CubeIDE.app/Contents/Eclipse/plugins/com.st.stm32cube.ide.mcu.externaltools.gnu-tools-for-stm32.14.3.rel1.macosaarch64_1.0.0.202602081740/tools/bin/../lib/gcc/arm-none-eabi/14.3.1/../../../../arm-none-eabi/lib/thumb/v7e-m+dp/hard/libc_nano.a(libc_a-errno.o)
 .ARM.attributes
                0x0000061d       0x32 /Applications/STM32CubeIDE.app/Contents/Eclipse/plugins/com.st.stm32cube.ide.mcu.externaltools.gnu-tools-for-stm32.14.3.rel1.macosaarch64_1.0.0.202602081740/tools/bin/../lib/gcc/arm-none-eabi/14.3.1/../../../../arm-none-eabi/lib/thumb/v7e-m+dp/hard/libc_nano.a(libc_a-init.o)
 .ARM.attributes
                0x0000064f       0x32 /Applications/STM32CubeIDE.app/Contents/Eclipse/plugins/com.st.stm32cube.ide.mcu.externaltools.gnu-tools-for-stm32.14.3.rel1.macosaarch64_1.0.0.202602081740/tools/bin/../lib/gcc/arm-none-eabi/14.3.1/../../../../arm-none-eabi/lib/thumb/v7e-m+dp/hard/libc_nano.a(libc_a-lock.o)
 .ARM.attributes
                0x00000681       0x32 /Applications/STM32CubeIDE.app/Contents/Eclipse/plugins/com.st.stm32cube.ide.mcu.externaltools.gnu-tools-for-stm32.14.3.rel1.macosaarch64_1.0.0.202602081740/tools/bin/../lib/gcc/arm-none-eabi/14.3.1/../../../../arm-none-eabi/lib/thumb/v7e-m+dp/hard/libc_nano.a(libc_a-reent.o)
 .ARM.attributes
                0x000006b3       0x32 /Applications/STM32CubeIDE.app/Contents/Eclipse/plugins/com.st.stm32cube.ide.mcu.externaltools.gnu-tools-for-stm32.14.3.rel1.macosaarch64_1.0.0.202602081740/tools/bin/../lib/gcc/arm-none-eabi/14.3.1/../../../../arm-none-eabi/lib/thumb/v7e-m+dp/hard/libc_nano.a(libc_a-impure.o)
 .ARM.attributes
                0x000006e5       0x32 /Applications/STM32CubeIDE.app/Contents/Eclipse/plugins/com.st.stm32cube.ide.mcu.externaltools.gnu-tools-for-stm32.14.3.rel1.macosaarch64_1.0.0.202602081740/tools/bin/../lib/gcc/arm-none-eabi/14.3.1/../../../../arm-none-eabi/lib/thumb/v7e-m+dp/hard/libc_nano.a(libc_a-memcpy-stub.o)
 .ARM.attributes
                0x00000717       0x32 /Applications/STM32CubeIDE.app/Contents/Eclipse/plugins/com.st.stm32cube.ide.mcu.externaltools.gnu-tools-for-stm32.14.3.rel1.macosaarch64_1.0.0.202602081740/tools/bin/../lib/gcc/arm-none-eabi/14.3.1/../../../../arm-none-eabi/lib/thumb/v7e-m+dp/hard/libc_nano.a(libc_a-freer.o)
 .ARM.attributes
                0x00000749       0x32 /Applications/STM32CubeIDE.app/Contents/Eclipse/plugins/com.st.stm32cube.ide.mcu.externaltools.gnu-tools-for-stm32.14.3.rel1.macosaarch64_1.0.0.202602081740/tools/bin/../lib/gcc/arm-none-eabi/14.3.1/../../../../arm-none-eabi/lib/thumb/v7e-m+dp/hard/libc_nano.a(libc_a-nano-svfprintf.o)
 .ARM.attributes
                0x0000077b       0x32 /Applications/STM32CubeIDE.app/Contents/Eclipse/plugins/com.st.stm32cube.ide.mcu.externaltools.gnu-tools-for-stm32.14.3.rel1.macosaarch64_1.0.0.202602081740/tools/bin/../lib/gcc/arm-none-eabi/14.3.1/../../../../arm-none-eabi/lib/thumb/v7e-m+dp/hard/libc_nano.a(libc_a-mallocr.o)
 .ARM.attributes
                0x000007ad       0x32 /Applications/STM32CubeIDE.app/Contents/Eclipse/plugins/com.st.stm32cube.ide.mcu.externaltools.gnu-tools-for-stm32.14.3.rel1.macosaarch64_1.0.0.202602081740/tools/bin/../lib/gcc/arm-none-eabi/14.3.1/../../../../arm-none-eabi/lib/thumb/v7e-m+dp/hard/libc_nano.a(libc_a-nano-vfprintf_i.o)
 .ARM.attributes
                0x000007df       0x32 /Applications/STM32CubeIDE.app/Contents/Eclipse/plugins/com.st.stm32cube.ide.mcu.externaltools.gnu-tools-for-stm32.14.3.rel1.macosaarch64_1.0.0.202602081740/tools/bin/../lib/gcc/arm-none-eabi/14.3.1/../../../../arm-none-eabi/lib/thumb/v7e-m+dp/hard/libc_nano.a(libc_a-mlock.o)
 .ARM.attributes
                0x00000811       0x32 /Applications/STM32CubeIDE.app/Contents/Eclipse/plugins/com.st.stm32cube.ide.mcu.externaltools.gnu-tools-for-stm32.14.3.rel1.macosaarch64_1.0.0.202602081740/tools/bin/../lib/gcc/arm-none-eabi/14.3.1/../../../../arm-none-eabi/lib/thumb/v7e-m+dp/hard/libc_nano.a(libc_a-reallocr.o)
 .ARM.attributes
                0x00000843       0x32 /Applications/STM32CubeIDE.app/Contents/Eclipse/plugins/com.st.stm32cube.ide.mcu.externaltools.gnu-tools-for-stm32.14.3.rel1.macosaarch64_1.0.0.202602081740/tools/bin/../lib/gcc/arm-none-eabi/14.3.1/../../../../arm-none-eabi/lib/thumb/v7e-m+dp/hard/libc_nano.a(libc_a-memmove.o)
 .ARM.attributes
                0x00000875       0x32 /Applications/STM32CubeIDE.app/Contents/Eclipse/plugins/com.st.stm32cube.ide.mcu.externaltools.gnu-tools-for-stm32.14.3.rel1.macosaarch64_1.0.0.202602081740/tools/bin/../lib/gcc/arm-none-eabi/14.3.1/../../../../arm-none-eabi/lib/thumb/v7e-m+dp/hard/libc_nano.a(libc_a-sbrkr.o)
 .ARM.attributes
                0x000008a7       0x1c /Applications/STM32CubeIDE.app/Contents/Eclipse/plugins/com.st.stm32cube.ide.mcu.externaltools.gnu-tools-for-stm32.14.3.rel1.macosaarch64_1.0.0.202602081740/tools/bin/../lib/gcc/arm-none-eabi/14.3.1/../../../../arm-none-eabi/lib/thumb/v7e-m+dp/hard/libc_nano.a(libc_a-memchr.o)
 .ARM.attributes
                0x000008c3       0x32 /Applications/STM32CubeIDE.app/Contents/Eclipse/plugins/com.st.stm32cube.ide.mcu.externaltools.gnu-tools-for-stm32.14.3.rel1.macosaarch64_1.0.0.202602081740/tools/bin/../lib/gcc/arm-none-eabi/14.3.1/../../../../arm-none-eabi/lib/thumb/v7e-m+dp/hard/libc_nano.a(libc_a-msizer.o)
 .ARM.attributes
                0x000008f5       0x20 /Applications/STM32CubeIDE.app/Contents/Eclipse/plugins/com.st.stm32cube.ide.mcu.externaltools.gnu-tools-for-stm32.14.3.rel1.macosaarch64_1.0.0.202602081740/tools/bin/../lib/gcc/arm-none-eabi/14.3.1/thumb/v7e-m+dp/hard/libgcc.a(_aeabi_uldivmod.o)
 .ARM.attributes
                0x00000915       0x32 /Applications/STM32CubeIDE.app/Contents/Eclipse/plugins/com.st.stm32cube.ide.mcu.externaltools.gnu-tools-for-stm32.14.3.rel1.macosaarch64_1.0.0.202602081740/tools/bin/../lib/gcc/arm-none-eabi/14.3.1/thumb/v7e-m+dp/hard/libgcc.a(_udivmoddi4.o)
 .ARM.attributes
                0x00000947       0x20 /Applications/STM32CubeIDE.app/Contents/Eclipse/plugins/com.st.stm32cube.ide.mcu.externaltools.gnu-tools-for-stm32.14.3.rel1.macosaarch64_1.0.0.202602081740/tools/bin/../lib/gcc/arm-none-eabi/14.3.1/thumb/v7e-m+dp/hard/libgcc.a(_dvmd_tls.o)
 .ARM.attributes
                0x00000967       0x20 /Applications/STM32CubeIDE.app/Contents/Eclipse/plugins/com.st.stm32cube.ide.mcu.externaltools.gnu-tools-for-stm32.14.3.rel1.macosaarch64_1.0.0.202602081740/tools/bin/../lib/gcc/arm-none-eabi/14.3.1/thumb/v7e-m+dp/hard/crtn.o
OUTPUT(GenRandomNumbers_CM7.elf elf32-littlearm)
LOAD linker stubs
LOAD /Applications/STM32CubeIDE.app/Contents/Eclipse/plugins/com.st.stm32cube.ide.mcu.externaltools.gnu-tools-for-stm32.14.3.rel1.macosaarch64_1.0.0.202602081740/tools/bin/../lib/gcc/arm-none-eabi/14.3.1/../../../../arm-none-eabi/lib/thumb/v7e-m+dp/hard/libc.a
LOAD /Applications/STM32CubeIDE.app/Contents/Eclipse/plugins/com.st.stm32cube.ide.mcu.externaltools.gnu-tools-for-stm32.14.3.rel1.macosaarch64_1.0.0.202602081740/tools/bin/../lib/gcc/arm-none-eabi/14.3.1/../../../../arm-none-eabi/lib/thumb/v7e-m+dp/hard/libm.a
LOAD /Applications/STM32CubeIDE.app/Contents/Eclipse/plugins/com.st.stm32cube.ide.mcu.externaltools.gnu-tools-for-stm32.14.3.rel1.macosaarch64_1.0.0.202602081740/tools/bin/../lib/gcc/arm-none-eabi/14.3.1/thumb/v7e-m+dp/hard/libgcc.a

.debug_info     0x00000000    0x224e5
 .debug_info    0x00000000      0xe82 ./Common/Src/system_stm32h7xx_dualcore_boot_cm4_cm7.o
 .debug_info    0x00000e82     0x2281 ./Core/Src/main.o
 .debug_info    0x00003103     0x15ef ./Core/Src/stm32h7xx_hal_msp.o
 .debug_info    0x000046f2     0x10cd ./Core/Src/stm32h7xx_hal_timebase_tim.o
 .debug_info    0x000057bf      0x7e6 ./Core/Src/stm32h7xx_it.o
 .debug_info    0x00005fa5      0x168 ./Core/Src/sysmem.o
 .debug_info    0x0000610d       0x30 ./Core/Startup/startup_stm32h747xihx.o
 .debug_info    0x0000613d     0x177a ./Drivers/STM32H7xx_HAL_Driver/stm32h7xx_hal.o
 .debug_info    0x000078b7     0x10e2 ./Drivers/STM32H7xx_HAL_Driver/stm32h7xx_hal_cortex.o
 .debug_info    0x00008999      0xd06 ./Drivers/STM32H7xx_HAL_Driver/stm32h7xx_hal_gpio.o
 .debug_info    0x0000969f      0x3d3 ./Drivers/STM32H7xx_HAL_Driver/stm32h7xx_hal_hsem.o
 .debug_info    0x00009a72     0x1224 ./Drivers/STM32H7xx_HAL_Driver/stm32h7xx_hal_pwr_ex.o
 .debug_info    0x0000ac96      0xe71 ./Drivers/STM32H7xx_HAL_Driver/stm32h7xx_hal_rcc.o
 .debug_info    0x0000bb07     0x130f ./Drivers/STM32H7xx_HAL_Driver/stm32h7xx_hal_rcc_ex.o
 .debug_info    0x0000ce16      0x47f ./Drivers/STM32H7xx_HAL_Driver/stm32h7xx_hal_rng.o
 .debug_info    0x0000d295     0x2bae ./Drivers/STM32H7xx_HAL_Driver/stm32h7xx_hal_tim.o
 .debug_info    0x0000fe43     0x17eb ./Drivers/STM32H7xx_HAL_Driver/stm32h7xx_hal_tim_ex.o
 .debug_info    0x0001162e     0x4b53 ./Drivers/STM32H7xx_HAL_Driver/stm32h7xx_hal_uart.o
 .debug_info    0x00016181      0xfbe ./Drivers/STM32H7xx_HAL_Driver/stm32h7xx_hal_uart_ex.o
 .debug_info    0x0001713f     0x3f2d ./Middlewares/Third_Party/FreeRTOS/cmsis_os2.o
 .debug_info    0x0001b06c      0x521 ./Middlewares/Third_Party/FreeRTOS/heap_4.o
 .debug_info    0x0001b58d      0x2af ./Middlewares/Third_Party/FreeRTOS/list.o
 .debug_info    0x0001b83c      0x50d ./Middlewares/Third_Party/FreeRTOS/port.o
 .debug_info    0x0001bd49     0x1d33 ./Middlewares/Third_Party/FreeRTOS/queue.o
 .debug_info    0x0001da7c     0x2eb0 ./Middlewares/Third_Party/FreeRTOS/tasks.o
 .debug_info    0x0002092c     0x1bb9 ./Middlewares/Third_Party/FreeRTOS/timers.o

.debug_abbrev   0x00000000     0x3f81
 .debug_abbrev  0x00000000      0x165 ./Common/Src/system_stm32h7xx_dualcore_boot_cm4_cm7.o
 .debug_abbrev  0x00000165      0x346 ./Core/Src/main.o
 .debug_abbrev  0x000004ab      0x227 ./Core/Src/stm32h7xx_hal_msp.o
 .debug_abbrev  0x000006d2      0x212 ./Core/Src/stm32h7xx_hal_timebase_tim.o
 .debug_abbrev  0x000008e4      0x17b ./Core/Src/stm32h7xx_it.o
 .debug_abbrev  0x00000a5f       0xbc ./Core/Src/sysmem.o
 .debug_abbrev  0x00000b1b       0x24 ./Core/Startup/startup_stm32h747xihx.o
 .debug_abbrev  0x00000b3f      0x295 ./Drivers/STM32H7xx_HAL_Driver/stm32h7xx_hal.o
 .debug_abbrev  0x00000dd4      0x339 ./Drivers/STM32H7xx_HAL_Driver/stm32h7xx_hal_cortex.o
 .debug_abbrev  0x0000110d      0x205 ./Drivers/STM32H7xx_HAL_Driver/stm32h7xx_hal_gpio.o
 .debug_abbrev  0x00001312      0x1d3 ./Drivers/STM32H7xx_HAL_Driver/stm32h7xx_hal_hsem.o
 .debug_abbrev  0x000014e5      0x2d7 ./Drivers/STM32H7xx_HAL_Driver/stm32h7xx_hal_pwr_ex.o
 .debug_abbrev  0x000017bc      0x2c8 ./Drivers/STM32H7xx_HAL_Driver/stm32h7xx_hal_rcc.o
 .debug_abbrev  0x00001a84      0x269 ./Drivers/STM32H7xx_HAL_Driver/stm32h7xx_hal_rcc_ex.o
 .debug_abbrev  0x00001ced      0x1ba ./Drivers/STM32H7xx_HAL_Driver/stm32h7xx_hal_rng.o
 .debug_abbrev  0x00001ea7      0x276 ./Drivers/STM32H7xx_HAL_Driver/stm32h7xx_hal_tim.o
 .debug_abbrev  0x0000211d      0x281 ./Drivers/STM32H7xx_HAL_Driver/stm32h7xx_hal_tim_ex.o
 .debug_abbrev  0x0000239e      0x33d ./Drivers/STM32H7xx_HAL_Driver/stm32h7xx_hal_uart.o
 .debug_abbrev  0x000026db      0x2d2 ./Drivers/STM32H7xx_HAL_Driver/stm32h7xx_hal_uart_ex.o
 .debug_abbrev  0x000029ad      0x555 ./Middlewares/Third_Party/FreeRTOS/cmsis_os2.o
 .debug_abbrev  0x00002f02      0x256 ./Middlewares/Third_Party/FreeRTOS/heap_4.o
 .debug_abbrev  0x00003158       0xf5 ./Middlewares/Third_Party/FreeRTOS/list.o
 .debug_abbrev  0x0000324d      0x25a ./Middlewares/Third_Party/FreeRTOS/port.o
 .debug_abbrev  0x000034a7      0x387 ./Middlewares/Third_Party/FreeRTOS/queue.o
 .debug_abbrev  0x0000382e      0x3fe ./Middlewares/Third_Party/FreeRTOS/tasks.o
 .debug_abbrev  0x00003c2c      0x355 ./Middlewares/Third_Party/FreeRTOS/timers.o

.debug_aranges  0x00000000     0x19d0
 .debug_aranges
                0x00000000       0x30 ./Common/Src/system_stm32h7xx_dualcore_boot_cm4_cm7.o
 .debug_aranges
                0x00000030       0x78 ./Core/Src/main.o
 .debug_aranges
                0x000000a8       0x40 ./Core/Src/stm32h7xx_hal_msp.o
 .debug_aranges
                0x000000e8       0x30 ./Core/Src/stm32h7xx_hal_timebase_tim.o
 .debug_aranges
                0x00000118       0x50 ./Core/Src/stm32h7xx_it.o
 .debug_aranges
                0x00000168       0x20 ./Core/Src/sysmem.o
 .debug_aranges
                0x00000188       0x28 ./Core/Startup/startup_stm32h747xihx.o
 .debug_aranges
                0x000001b0      0x200 ./Drivers/STM32H7xx_HAL_Driver/stm32h7xx_hal.o
 .debug_aranges
                0x000003b0      0x130 ./Drivers/STM32H7xx_HAL_Driver/stm32h7xx_hal_cortex.o
 .debug_aranges
                0x000004e0       0x58 ./Drivers/STM32H7xx_HAL_Driver/stm32h7xx_hal_gpio.o
 .debug_aranges
                0x00000538       0x70 ./Drivers/STM32H7xx_HAL_Driver/stm32h7xx_hal_hsem.o
 .debug_aranges
                0x000005a8      0x170 ./Drivers/STM32H7xx_HAL_Driver/stm32h7xx_hal_pwr_ex.o
 .debug_aranges
                0x00000718       0x88 ./Drivers/STM32H7xx_HAL_Driver/stm32h7xx_hal_rcc.o
 .debug_aranges
                0x000007a0      0x100 ./Drivers/STM32H7xx_HAL_Driver/stm32h7xx_hal_rcc_ex.o
 .debug_aranges
                0x000008a0       0x78 ./Drivers/STM32H7xx_HAL_Driver/stm32h7xx_hal_rng.o
 .debug_aranges
                0x00000918      0x3e0 ./Drivers/STM32H7xx_HAL_Driver/stm32h7xx_hal_tim.o
 .debug_aranges
                0x00000cf8      0x188 ./Drivers/STM32H7xx_HAL_Driver/stm32h7xx_hal_tim_ex.o
 .debug_aranges
                0x00000e80      0x248 ./Drivers/STM32H7xx_HAL_Driver/stm32h7xx_hal_uart.o
 .debug_aranges
                0x000010c8       0xa8 ./Drivers/STM32H7xx_HAL_Driver/stm32h7xx_hal_uart_ex.o
 .debug_aranges
                0x00001170      0x2b8 ./Middlewares/Third_Party/FreeRTOS/cmsis_os2.o
 .debug_aranges
                0x00001428       0x60 ./Middlewares/Third_Party/FreeRTOS/heap_4.o
 .debug_aranges
                0x00001488       0x40 ./Middlewares/Third_Party/FreeRTOS/list.o
 .debug_aranges
                0x000014c8       0x80 ./Middlewares/Third_Party/FreeRTOS/port.o
 .debug_aranges
                0x00001548      0x170 ./Middlewares/Third_Party/FreeRTOS/queue.o
 .debug_aranges
                0x000016b8      0x210 ./Middlewares/Third_Party/FreeRTOS/tasks.o
 .debug_aranges
                0x000018c8      0x108 ./Middlewares/Third_Party/FreeRTOS/timers.o

.debug_rnglists
                0x00000000     0x140f
 .debug_rnglists
                0x00000000       0x21 ./Common/Src/system_stm32h7xx_dualcore_boot_cm4_cm7.o
 .debug_rnglists
                0x00000021       0x5a ./Core/Src/main.o
 .debug_rnglists
                0x0000007b       0x2c ./Core/Src/stm32h7xx_hal_msp.o
 .debug_rnglists
                0x000000a7       0x20 ./Core/Src/stm32h7xx_hal_timebase_tim.o
 .debug_rnglists
                0x000000c7       0x37 ./Core/Src/stm32h7xx_it.o
 .debug_rnglists
                0x000000fe       0x13 ./Core/Src/sysmem.o
 .debug_rnglists
                0x00000111       0x19 ./Core/Startup/startup_stm32h747xihx.o
 .debug_rnglists
                0x0000012a      0x180 ./Drivers/STM32H7xx_HAL_Driver/stm32h7xx_hal.o
 .debug_rnglists
                0x000002aa       0xe0 ./Drivers/STM32H7xx_HAL_Driver/stm32h7xx_hal_cortex.o
 .debug_rnglists
                0x0000038a       0x3f ./Drivers/STM32H7xx_HAL_Driver/stm32h7xx_hal_gpio.o
 .debug_rnglists
                0x000003c9       0x4f ./Drivers/STM32H7xx_HAL_Driver/stm32h7xx_hal_hsem.o
 .debug_rnglists
                0x00000418      0x117 ./Drivers/STM32H7xx_HAL_Driver/stm32h7xx_hal_pwr_ex.o
 .debug_rnglists
                0x0000052f       0x68 ./Drivers/STM32H7xx_HAL_Driver/stm32h7xx_hal_rcc.o
 .debug_rnglists
                0x00000597       0xc6 ./Drivers/STM32H7xx_HAL_Driver/stm32h7xx_hal_rcc_ex.o
 .debug_rnglists
                0x0000065d       0x58 ./Drivers/STM32H7xx_HAL_Driver/stm32h7xx_hal_rng.o
 .debug_rnglists
                0x000006b5      0x32c ./Drivers/STM32H7xx_HAL_Driver/stm32h7xx_hal_tim.o
 .debug_rnglists
                0x000009e1      0x13f ./Drivers/STM32H7xx_HAL_Driver/stm32h7xx_hal_tim_ex.o
 .debug_rnglists
                0x00000b20      0x1f8 ./Drivers/STM32H7xx_HAL_Driver/stm32h7xx_hal_uart.o
 .debug_rnglists
                0x00000d18       0x7f ./Drivers/STM32H7xx_HAL_Driver/stm32h7xx_hal_uart_ex.o
 .debug_rnglists
                0x00000d97      0x219 ./Middlewares/Third_Party/FreeRTOS/cmsis_os2.o
 .debug_rnglists
                0x00000fb0       0x48 ./Middlewares/Third_Party/FreeRTOS/heap_4.o
 .debug_rnglists
                0x00000ff8       0x2b ./Middlewares/Third_Party/FreeRTOS/list.o
 .debug_rnglists
                0x00001023       0x5d ./Middlewares/Third_Party/FreeRTOS/port.o
 .debug_rnglists
                0x00001080      0x11e ./Middlewares/Third_Party/FreeRTOS/queue.o
 .debug_rnglists
                0x0000119e      0x1a9 ./Middlewares/Third_Party/FreeRTOS/tasks.o
 .debug_rnglists
                0x00001347       0xc8 ./Middlewares/Third_Party/FreeRTOS/timers.o

.debug_macro    0x00000000    0x41bfd
 .debug_macro   0x00000000      0x2be ./Common/Src/system_stm32h7xx_dualcore_boot_cm4_cm7.o
 .debug_macro   0x000002be      0xafc ./Common/Src/system_stm32h7xx_dualcore_boot_cm4_cm7.o
 .debug_macro   0x00000dba       0x2e ./Common/Src/system_stm32h7xx_dualcore_boot_cm4_cm7.o
 .debug_macro   0x00000de8       0x49 ./Common/Src/system_stm32h7xx_dualcore_boot_cm4_cm7.o
 .debug_macro   0x00000e31       0x22 ./Common/Src/system_stm32h7xx_dualcore_boot_cm4_cm7.o
 .debug_macro   0x00000e53       0x8e ./Common/Src/system_stm32h7xx_dualcore_boot_cm4_cm7.o
 .debug_macro   0x00000ee1       0x51 ./Common/Src/system_stm32h7xx_dualcore_boot_cm4_cm7.o
 .debug_macro   0x00000f32      0x103 ./Common/Src/system_stm32h7xx_dualcore_boot_cm4_cm7.o
 .debug_macro   0x00001035       0x6a ./Common/Src/system_stm32h7xx_dualcore_boot_cm4_cm7.o
 .debug_macro   0x0000109f      0x1df ./Common/Src/system_stm32h7xx_dualcore_boot_cm4_cm7.o
 .debug_macro   0x0000127e       0x1c ./Common/Src/system_stm32h7xx_dualcore_boot_cm4_cm7.o
 .debug_macro   0x0000129a       0x22 ./Common/Src/system_stm32h7xx_dualcore_boot_cm4_cm7.o