Archive member included to satisfy reference by file (symbol)

/Applications/STM32CubeIDE.app/Contents/Eclipse/plugins/com.st.stm32cube.ide.mcu.externaltools.gnu-tools-for-stm32.14.3.rel1.macosaarch64_1.0.0.202602081740/tools/bin/../lib/gcc/arm-none-eabi/14.3.1/../../../../arm-none-eabi/lib/thumb/v7e-m+dp/hard/libc_nano.a(libc_a-exit.o)
                              /Applications/STM32CubeIDE.app/Contents/Eclipse/plugins/com.st.stm32cube.ide.mcu.externaltools.gnu-tools-for-stm32.14.3.rel1.macosaarch64_1.0.0.202602081740/tools/bin/../lib/gcc/arm-none-eabi/14.3.1/../../../../arm-none-eabi/lib/thumb/v7e-m+dp/hard/crt0.o (exit)
/Applications/STM32CubeIDE.app/Contents/Eclipse/plugins/com.st.stm32cube.ide.mcu.externaltools.gnu-tools-for-stm32.14.3.rel1.macosaarch64_1.0.0.202602081740/tools/bin/../lib/gcc/arm-none-eabi/14.3.1/../../../../arm-none-eabi/lib/thumb/v7e-m+dp/hard/libc_nano.a(libc_a-findfp.o)
                              ./Middlewares/Third_Party/FreeRTOS/tasks.o (__sf)
/Applications/STM32CubeIDE.app/Contents/Eclipse/plugins/com.st.stm32cube.ide.mcu.externaltools.gnu-tools-for-stm32.14.3.rel1.macosaarch64_1.0.0.202602081740/tools/bin/../lib/gcc/arm-none-eabi/14.3.1/../../../../arm-none-eabi/lib/thumb/v7e-m+dp/hard/libc_nano.a(libc_a-fwalk.o)
                              /Applications/STM32CubeIDE.app/Contents/Eclipse/plugins/com.st.stm32cube.ide.mcu.externaltools.gnu-tools-for-stm32.14.3.rel1.macosaarch64_1.0.0.202602081740/tools/bin/../lib/gcc/arm-none-eabi/14.3.1/../../../../arm-none-eabi/lib/thumb/v7e-m+dp/hard/libc_nano.a(libc_a-findfp.o) (_fwalk_sglue)
/Applications/STM32CubeIDE.app/Contents/Eclipse/plugins/com.st.stm32cube.ide.mcu.externaltools.gnu-tools-for-stm32.14.3.rel1.macosaarch64_1.0.0.202602081740/tools/bin/../lib/gcc/arm-none-eabi/14.3.1/../../../../arm-none-eabi/lib/thumb/v7e-m+dp/hard/libc_nano.a(libc_a-memset.o)
                              /Applications/STM32CubeIDE.app/Contents/Eclipse/plugins/com.st.stm32cube.ide.mcu.externaltools.gnu-tools-for-stm32.14.3.rel1.macosaarch64_1.0.0.202602081740/tools/bin/../lib/gcc/arm-none-eabi/14.3.1/../../../../arm-none-eabi/lib/thumb/v7e-m+dp/hard/crt0.o (memset)
/Applications/STM32CubeIDE.app/Contents/Eclipse/plugins/com.st.stm32cube.ide.mcu.externaltools.gnu-tools-for-stm32.14.3.rel1.macosaarch64_1.0.0.202602081740/tools/bin/../lib/gcc/arm-none-eabi/14.3.1/../../../../arm-none-eabi/lib/thumb/v7e-m+dp/hard/libc_nano.a(libc_a-errno.o)
                              ./Core/Src/syscalls.o (__errno)
/Applications/STM32CubeIDE.app/Contents/Eclipse/plugins/com.st.stm32cube.ide.mcu.externaltools.gnu-tools-for-stm32.14.3.rel1.macosaarch64_1.0.0.202602081740/tools/bin/../lib/gcc/arm-none-eabi/14.3.1/../../../../arm-none-eabi/lib/thumb/v7e-m+dp/hard/libc_nano.a(libc_a-init.o)
                              /Applications/STM32CubeIDE.app/Contents/Eclipse/plugins/com.st.stm32cube.ide.mcu.externaltools.gnu-tools-for-stm32.14.3.rel1.macosaarch64_1.0.0.202602081740/tools/bin/../lib/gcc/arm-none-eabi/14.3.1/../../../../arm-none-eabi/lib/thumb/v7e-m+dp/hard/crt0.o (__libc_init_array)
/Applications/STM32CubeIDE.app/Contents/Eclipse/plugins/com.st.stm32cube.ide.mcu.externaltools.gnu-tools-for-stm32.14.3.rel1.macosaarch64_1.0.0.202602081740/tools/bin/../lib/gcc/arm-none-eabi/14.3.1/../../../../arm-none-eabi/lib/thumb/v7e-m+dp/hard/libc_nano.a(libc_a-lock.o)
                              /Applications/STM32CubeIDE.app/Contents/Eclipse/plugins/com.st.stm32cube.ide.mcu.externaltools.gnu-tools-for-stm32.14.3.rel1.macosaarch64_1.0.0.202602081740/tools/bin/../lib/gcc/arm-none-eabi/14.3.1/../../../../arm-none-eabi/lib/thumb/v7e-m+dp/hard/libc_nano.a(libc_a-findfp.o) (__retarget_lock_init_recursive)
/Applications/STM32CubeIDE.app/Contents/Eclipse/plugins/com.st.stm32cube.ide.mcu.externaltools.gnu-tools-for-stm32.14.3.rel1.macosaarch64_1.0.0.202602081740/tools/bin/../lib/gcc/arm-none-eabi/14.3.1/../../../../arm-none-eabi/lib/thumb/v7e-m+dp/hard/libc_nano.a(libc_a-reent.o)
                              ./Middlewares/Third_Party/FreeRTOS/tasks.o (_reclaim_reent)
/Applications/STM32CubeIDE.app/Contents/Eclipse/plugins/com.st.stm32cube.ide.mcu.externaltools.gnu-tools-for-stm32.14.3.rel1.macosaarch64_1.0.0.202602081740/tools/bin/../lib/gcc/arm-none-eabi/14.3.1/../../../../arm-none-eabi/lib/thumb/v7e-m+dp/hard/libc_nano.a(libc_a-impure.o)
                              ./Middlewares/Third_Party/FreeRTOS/tasks.o (_impure_ptr)
/Applications/STM32CubeIDE.app/Contents/Eclipse/plugins/com.st.stm32cube.ide.mcu.externaltools.gnu-tools-for-stm32.14.3.rel1.macosaarch64_1.0.0.202602081740/tools/bin/../lib/gcc/arm-none-eabi/14.3.1/../../../../arm-none-eabi/lib/thumb/v7e-m+dp/hard/libc_nano.a(libc_a-memcpy-stub.o)
                              ./Middlewares/Third_Party/FreeRTOS/cmsis_os2.o (memcpy)
[...]
Memory Configuration

Name             Origin             Length             Attributes
RAM_D1           0x24000000         0x00080000         xrw
FLASH            0x08000000         0x00100000         xr
DTCMRAM          0x20000000         0x00020000         xrw
RAM_D2           0x30000000         0x00048000         xrw
RAM_D3           0x38000000         0x00010000         xrw
ITCMRAM          0x00000000         0x00010000         xrw
*default*        0x00000000         0xffffffff

Linker script and memory map

LOAD /Applications/STM32CubeIDE.app/Contents/Eclipse/plugins/com.st.stm32cube.ide.mcu.externaltools.gnu-tools-for-stm32.14.3.rel1.macosaarch64_1.0.0.202602081740/tools/bin/../lib/gcc/arm-none-eabi/14.3.1/thumb/v7e-m+dp/hard/crti.o
LOAD /Applications/STM32CubeIDE.app/Contents/Eclipse/plugins/com.st.stm32cube.ide.mcu.externaltools.gnu-tools-for-stm32.14.3.rel1.macosaarch64_1.0.0.202602081740/tools/bin/../lib/gcc/arm-none-eabi/14.3.1/thumb/v7e-m+dp/hard/crtbegin.o
LOAD /Applications/STM32CubeIDE.app/Contents/Eclipse/plugins/com.st.stm32cube.ide.mcu.externaltools.gnu-tools-for-stm32.14.3.rel1.macosaarch64_1.0.0.202602081740/tools/bin/../lib/gcc/arm-none-eabi/14.3.1/../../../../arm-none-eabi/lib/thumb/v7e-m+dp/hard/crt0.o
LOAD ./Common/Src/system_stm32h7xx_dualcore_boot_cm4_cm7.o
LOAD ./Core/Src/freertos.o
LOAD ./Core/Src/main.o
LOAD ./Core/Src/stm32h7xx_hal_msp.o
LOAD ./Core/Src/stm32h7xx_hal_timebase_tim.o
LOAD ./Core/Src/stm32h7xx_it.o
LOAD ./Core/Src/syscalls.o
LOAD ./Core/Src/sysmem.o
LOAD ./Core/Startup/startup_stm32h747xihx.o
LOAD ./Drivers/STM32H7xx_HAL_Driver/stm32h7xx_hal.o
LOAD ./Drivers/STM32H7xx_HAL_Driver/stm32h7xx_hal_cortex.o
LOAD ./Drivers/STM32H7xx_HAL_Driver/stm32h7xx_hal_dma.o
LOAD ./Drivers/STM32H7xx_HAL_Driver/stm32h7xx_hal_dma_ex.o
LOAD ./Drivers/STM32H7xx_HAL_Driver/stm32h7xx_hal_exti.o
LOAD ./Drivers/STM32H7xx_HAL_Driver/stm32h7xx_hal_flash.o
LOAD ./Drivers/STM32H7xx_HAL_Driver/stm32h7xx_hal_flash_ex.o
LOAD ./Drivers/STM32H7xx_HAL_Driver/stm32h7xx_hal_gpio.o
LOAD ./Drivers/STM32H7xx_HAL_Driver/stm32h7xx_hal_hsem.o
LOAD ./Drivers/STM32H7xx_HAL_Driver/stm32h7xx_hal_i2c.o
LOAD ./Drivers/STM32H7xx_HAL_Driver/stm32h7xx_hal_i2c_ex.o
LOAD ./Drivers/STM32H7xx_HAL_Driver/stm32h7xx_hal_mdma.o
LOAD ./Drivers/STM32H7xx_HAL_Driver/stm32h7xx_hal_pwr.o
LOAD ./Drivers/STM32H7xx_HAL_Driver/stm32h7xx_hal_pwr_ex.o
LOAD ./Drivers/STM32H7xx_HAL_Driver/stm32h7xx_hal_rcc.o
LOAD ./Drivers/STM32H7xx_HAL_Driver/stm32h7xx_hal_rcc_ex.o
LOAD ./Drivers/STM32H7xx_HAL_Driver/stm32h7xx_hal_tim.o
LOAD ./Drivers/STM32H7xx_HAL_Driver/stm32h7xx_hal_tim_ex.o
LOAD ./Drivers/STM32H7xx_HAL_Driver/stm32h7xx_hal_uart.o
LOAD ./Drivers/STM32H7xx_HAL_Driver/stm32h7xx_hal_uart_ex.o
LOAD ./Middlewares/Third_Party/FreeRTOS/cmsis_os2.o
LOAD ./Middlewares/Third_Party/FreeRTOS/croutine.o
LOAD ./Middlewares/Third_Party/FreeRTOS/event_groups.o
LOAD ./Middlewares/Third_Party/FreeRTOS/heap_4.o
LOAD ./Middlewares/Third_Party/FreeRTOS/list.o
LOAD ./Middlewares/Third_Party/FreeRTOS/mpu_wrappers_v2.o
LOAD ./Middlewares/Third_Party/FreeRTOS/port.o
LOAD ./Middlewares/Third_Party/FreeRTOS/queue.o
LOAD ./Middlewares/Third_Party/FreeRTOS/stream_buffer.o
LOAD ./Middlewares/Third_Party/FreeRTOS/tasks.o
LOAD ./Middlewares/Third_Party/FreeRTOS/timers.o
START GROUP
LOAD /Applications/STM32CubeIDE.app/Contents/Eclipse/plugins/com.st.stm32cube.ide.mcu.externaltools.gnu-tools-for-stm32.14.3.rel1.macosaarch64_1.0.0.202602081740/tools/bin/../lib/gcc/arm-none-eabi/14.3.1/../../../../arm-none-eabi/lib/thumb/v7e-m+dp/hard/libc_nano.a
LOAD /Applications/STM32CubeIDE.app/Contents/Eclipse/plugins/com.st.stm32cube.ide.mcu.externaltools.gnu-tools-for-stm32.14.3.rel1.macosaarch64_1.0.0.202602081740/tools/bin/../lib/gcc/arm-none-eabi/14.3.1/../../../../arm-none-eabi/lib/thumb/v7e-m+dp/hard/libm.a
END GROUP
START GROUP
LOAD /Applications/STM32CubeIDE.app/Contents/Eclipse/plugins/com.st.stm32cube.ide.mcu.externaltools.gnu-tools-for-stm32.14.3.rel1.macosaarch64_1.0.0.202602081740/tools/bin/../lib/gcc/arm-none-eabi/14.3.1/thumb/v7e-m+dp/hard/libgcc.a
LOAD /Applications/STM32CubeIDE.app/Contents/Eclipse/plugins/com.st.stm32cube.ide.mcu.externaltools.gnu-tools-for-stm32.14.3.rel1.macosaarch64_1.0.0.202602081740/tools/bin/../lib/gcc/arm-none-eabi/14.3.1/../../../../arm-none-eabi/lib/thumb/v7e-m+dp/hard/libc_nano.a
END GROUP
START GROUP
LOAD /Applications/STM32CubeIDE.app/Contents/Eclipse/plugins/com.st.stm32cube.ide.mcu.externaltools.gnu-tools-for-stm32.14.3.rel1.macosaarch64_1.0.0.202602081740/tools/bin/../lib/gcc/arm-none-eabi/14.3.1/thumb/v7e-m+dp/hard/libgcc.a
LOAD /Applications/STM32CubeIDE.app/Contents/Eclipse/plugins/com.st.stm32cube.ide.mcu.externaltools.gnu-tools-for-stm32.14.3.rel1.macosaarch64_1.0.0.202602081740/tools/bin/../lib/gcc/arm-none-eabi/14.3.1/../../../../arm-none-eabi/lib/thumb/v7e-m+dp/hard/libc_nano.a
LOAD /Applications/STM32CubeIDE.app/Contents/Eclipse/plugins/com.st.stm32cube.ide.mcu.externaltools.gnu-tools-for-stm32.14.3.rel1.macosaarch64_1.0.0.202602081740/tools/bin/../lib/gcc/arm-none-eabi/14.3.1/../../../../arm-none-eabi/lib/thumb/v7e-m+dp/hard/libnosys.a
END GROUP
START GROUP
LOAD /Applications/STM32CubeIDE.app/Contents/Eclipse/plugins/com.st.stm32cube.ide.mcu.externaltools.gnu-tools-for-stm32.14.3.rel1.macosaarch64_1.0.0.202602081740/tools/bin/../lib/gcc/arm-none-eabi/14.3.1/thumb/v7e-m+dp/hard/libgcc.a
LOAD /Applications/STM32CubeIDE.app/Contents/Eclipse/plugins/com.st.stm32cube.ide.mcu.externaltools.gnu-tools-for-stm32.14.3.rel1.macosaarch64_1.0.0.202602081740/tools/bin/../lib/gcc/arm-none-eabi/14.3.1/../../../../arm-none-eabi/lib/thumb/v7e-m+dp/hard/libc_nano.a
LOAD /Applications/STM32CubeIDE.app/Contents/Eclipse/plugins/com.st.stm32cube.ide.mcu.externaltools.gnu-tools-for-stm32.14.3.rel1.macosaarch64_1.0.0.202602081740/tools/bin/../lib/gcc/arm-none-eabi/14.3.1/../../../../arm-none-eabi/lib/thumb/v7e-m+dp/hard/libnosys.a
END GROUP
LOAD /Applications/STM32CubeIDE.app/Contents/Eclipse/plugins/com.st.stm32cube.ide.mcu.externaltools.gnu-tools-for-stm32.14.3.rel1.macosaarch64_1.0.0.202602081740/tools/bin/../lib/gcc/arm-none-eabi/14.3.1/thumb/v7e-m+dp/hard/crtend.o
LOAD /Applications/STM32CubeIDE.app/Contents/Eclipse/plugins/com.st.stm32cube.ide.mcu.externaltools.gnu-tools-for-stm32.14.3.rel1.macosaarch64_1.0.0.202602081740/tools/bin/../lib/gcc/arm-none-eabi/14.3.1/thumb/v7e-m+dp/hard/crtn.o
                0x24080000                        _estack = (ORIGIN (RAM_D1) + LENGTH (RAM_D1))
                0x00000200                        _Min_Heap_Size = 0x200
                0x00000400                        _Min_Stack_Size = 0x400

.isr_vector     0x08000000      0x298
                0x08000000                        . = ALIGN (0x4)
 *(.isr_vector)
 .isr_vector    0x08000000      0x298 ./Core/Startup/startup_stm32h747xihx.o
                0x08000000                g_pfnVectors
                0x08000298                        . = ALIGN (0x4)

.text           0x080002a0     0x90e4
                0x080002a0                        . = ALIGN (0x4)
 *(.text)
 .text          0x080002a0       0x40 /Applications/STM32CubeIDE.app/Contents/Eclipse/plugins/com.st.stm32cube.ide.mcu.externaltools.gnu-tools-for-stm32.14.3.rel1.macosaarch64_1.0.0.202602081740/tools/bin/../lib/gcc/arm-none-eabi/14.3.1/thumb/v7e-m+dp/hard/crtbegin.o
 .text          0x080002e0       0x30 /Applications/STM32CubeIDE.app/Contents/Eclipse/plugins/com.st.stm32cube.ide.mcu.externaltools.gnu-tools-for-stm32.14.3.rel1.macosaarch64_1.0.0.202602081740/tools/bin/../lib/gcc/arm-none-eabi/14.3.1/thumb/v7e-m+dp/hard/libgcc.a(_aeabi_uldivmod.o)
                0x080002e0                __aeabi_uldivmod
 .text          0x08000310      0x2f8 /Applications/STM32CubeIDE.app/Contents/Eclipse/plugins/com.st.stm32cube.ide.mcu.externaltools.gnu-tools-for-stm32.14.3.rel1.macosaarch64_1.0.0.202602081740/tools/bin/../lib/gcc/arm-none-eabi/14.3.1/thumb/v7e-m+dp/hard/libgcc.a(_udivmoddi4.o)
                0x08000310                __udivmoddi4
 .text          0x08000608        0x4 /Applications/STM32CubeIDE.app/Contents/Eclipse/plugins/com.st.stm32cube.ide.mcu.externaltools.gnu-tools-for-stm32.14.3.rel1.macosaarch64_1.0.0.202602081740/tools/bin/../lib/gcc/arm-none-eabi/14.3.1/thumb/v7e-m+dp/hard/libgcc.a(_dvmd_tls.o)
                0x08000608                __aeabi_ldiv0
                0x08000608                __aeabi_idiv0
 *(.text*)
 .text.SystemInit
                0x0800060c      0x15c ./Common/Src/system_stm32h7xx_dualcore_boot_cm4_cm7.o
                0x0800060c                SystemInit
 .text.ExitRun0Mode
                0x08000768       0x18 ./Common/Src/system_stm32h7xx_dualcore_boot_cm4_cm7.o
                0x08000768                ExitRun0Mode
 .text.main     0x08000780       0xe0 ./Core/Src/main.o
                0x08000780                main
 .text.SystemClock_Config
                0x08000860      0x10c ./Core/Src/main.o
                0x08000860                SystemClock_Config
 .text.PeriphCommonClock_Config
                0x0800096c       0x5e ./Core/Src/main.o
                0x0800096c                PeriphCommonClock_Config
 *fill*         0x080009ca        0x2 
 .text.MX_USART1_UART_Init
                0x080009cc       0x98 ./Core/Src/main.o
 .text.MX_GPIO_Init
                0x08000a64      0x214 ./Core/Src/main.o
 .text.MyTimerCallback
                0x08000c78       0x24 ./Core/Src/main.o
 .text.StartDefaultTask
                0x08000c9c       0x24 ./Core/Src/main.o
                0x08000c9c                StartDefaultTask
 .text.MPU_Config
                0x08000cc0       0x58 ./Core/Src/main.o
 .text.HAL_TIM_PeriodElapsedCallback
                0x08000d18       0x24 ./Core/Src/main.o
                0x08000d18                HAL_TIM_PeriodElapsedCallback
 .text.Error_Handler
                0x08000d3c        0xc ./Core/Src/main.o
                0x08000d3c                Error_Handler
 .text.HAL_MspInit
                0x08000d48       0x3c ./Core/Src/stm32h7xx_hal_msp.o
                0x08000d48                HAL_MspInit
 .text.HAL_UART_MspInit
                0x08000d84       0xd4 ./Core/Src/stm32h7xx_hal_msp.o
                0x08000d84                HAL_UART_MspInit
 .text.HAL_InitTick
                0x08000e58       0xd8 ./Core/Src/stm32h7xx_hal_timebase_tim.o
                0x08000e58                HAL_InitTick
 .text.NMI_Handler
                0x08000f30        0x8 ./Core/Src/stm32h7xx_it.o
                0x08000f30                NMI_Handler
 .text.HardFault_Handler
                0x08000f38        0x8 ./Core/Src/stm32h7xx_it.o
                0x08000f38                HardFault_Handler
 .text.MemManage_Handler
                0x08000f40        0x8 ./Core/Src/stm32h7xx_it.o
                0x08000f40                MemManage_Handler
 .text.BusFault_Handler
                0x08000f48        0x8 ./Core/Src/stm32h7xx_it.o
                0x08000f48                BusFault_Handler
 .text.UsageFault_Handler
                0x08000f50        0x8 ./Core/Src/stm32h7xx_it.o
                0x08000f50                UsageFault_Handler
 .text.DebugMon_Handler
                0x08000f58        0xe ./Core/Src/stm32h7xx_it.o
                0x08000f58                DebugMon_Handler
 *fill*         0x08000f66        0x2 
 .text.TIM6_DAC_IRQHandler
                0x08000f68       0x14 ./Core/Src/stm32h7xx_it.o
                0x08000f68                TIM6_DAC_IRQHandler
 .text.Reset_Handler
                0x08000f7c       0x54 ./Core/Startup/startup_stm32h747xihx.o
                0x08000f7c                Reset_Handler
 .text.Default_Handler
                0x08000fd0        0x2 ./Core/Startup/startup_stm32h747xihx.o
                0x08000fd0                DMA1_Stream3_IRQHandler
                0x08000fd0                EXTI2_IRQHandler
                0x08000fd0                TIM8_CC_IRQHandler
                0x08000fd0                HRTIM1_Master_IRQHandler
                0x08000fd0                UART8_IRQHandler
                0x08000fd0                SPI4_IRQHandler
                0x08000fd0                TIM1_CC_IRQHandler
                0x08000fd0                BDMA_Channel6_IRQHandler
                0x08000fd0                DMA2_Stream5_IRQHandler
                0x08000fd0                HRTIM1_FLT_IRQHandler
                0x08000fd0                JPEG_IRQHandler
                0x08000fd0                DMA1_Stream5_IRQHandler
                0x08000fd0                BDMA_Channel1_IRQHandler
                0x08000fd0                HRTIM1_TIMD_IRQHandler
                0x08000fd0                TAMP_STAMP_IRQHandler
                0x08000fd0                EXTI3_IRQHandler
                0x08000fd0                LPTIM4_IRQHandler
                0x08000fd0                TIM8_TRG_COM_TIM14_IRQHandler
                0x08000fd0                LPTIM2_IRQHandler
                0x08000fd0                DFSDM1_FLT1_IRQHandler
                0x08000fd0                DMAMUX2_OVR_IRQHandler
                0x08000fd0                TIM8_UP_TIM13_IRQHandler
                0x08000fd0                I2C3_ER_IRQHandler
                0x08000fd0                DFSDM1_FLT2_IRQHandler
                0x08000fd0                MDMA_IRQHandler
                0x08000fd0                LPTIM3_IRQHandler
                0x08000fd0                HSEM1_IRQHandler
                0x08000fd0                EXTI0_IRQHandler
                0x08000fd0                I2C2_EV_IRQHandler
                0x08000fd0                DMA1_Stream2_IRQHandler
                0x08000fd0                FPU_IRQHandler
                0x08000fd0                OTG_HS_WKUP_IRQHandler
                0x08000fd0                FDCAN1_IT1_IRQHandler
                0x08000fd0                LTDC_ER_IRQHandler
                0x08000fd0                DMA2_Stream2_IRQHandler
                0x08000fd0                HRTIM1_TIME_IRQHandler
                0x08000fd0                SPI1_IRQHandler
                0x08000fd0                DCMI_IRQHandler
                0x08000fd0                HRTIM1_TIMC_IRQHandler
                0x08000fd0                DMA2_Stream3_IRQHandler
                0x08000fd0                SAI2_IRQHandler
                0x08000fd0                DFSDM1_FLT3_IRQHandler
                0x08000fd0                USART6_IRQHandler
                0x08000fd0                TIM17_IRQHandler
                0x08000fd0                USART3_IRQHandler
                0x08000fd0                BDMA_Channel7_IRQHandler
                0x08000fd0                LPTIM5_IRQHandler
                0x08000fd0                UART5_IRQHandler
                0x08000fd0                ADC3_IRQHandler
                0x08000fd0                DMA2_Stream0_IRQHandler
                0x08000fd0                TIM4_IRQHandler
                0x08000fd0                BDMA_Channel2_IRQHandler
                0x08000fd0                QUADSPI_IRQHandler
                0x08000fd0                I2C1_EV_IRQHandler
                0x08000fd0                DMA1_Stream6_IRQHandler
                0x08000fd0                DMAMUX1_OVR_IRQHandler
                0x08000fd0                DMA1_Stream1_IRQHandler
                0x08000fd0                TIM16_IRQHandler
                0x08000fd0                UART4_IRQHandler
                0x08000fd0                BDMA_Channel5_IRQHandler
                0x08000fd0                TIM3_IRQHandler
                0x08000fd0                RCC_IRQHandler
                0x08000fd0                TIM8_BRK_TIM12_IRQHandler
                0x08000fd0                TIM1_TRG_COM_IRQHandler
                0x08000fd0                Default_Handler
                0x08000fd0                ECC_IRQHandler
                0x08000fd0                CEC_IRQHandler
                0x08000fd0                EXTI15_10_IRQHandler
                0x08000fd0                BDMA_Channel0_IRQHandler
                0x08000fd0                ADC_IRQHandler
                0x08000fd0                DMA1_Stream7_IRQHandler
                0x08000fd0                HRTIM1_TIMA_IRQHandler
                0x08000fd0                SPI5_IRQHandler
                0x08000fd0                TIM7_IRQHandler
                0x08000fd0                SDMMC1_IRQHandler
                0x08000fd0                TIM5_IRQHandler
                0x08000fd0                DMA2_Stream7_IRQHandler
                0x08000fd0                TIM15_IRQHandler
                0x08000fd0                PVD_AVD_IRQHandler
                0x08000fd0                I2C3_EV_IRQHandler
                0x08000fd0                EXTI9_5_IRQHandler
                0x08000fd0                RTC_WKUP_IRQHandler
                0x08000fd0                LTDC_IRQHandler
                0x08000fd0                SAI3_IRQHandler
                0x08000fd0                ETH_WKUP_IRQHandler
                0x08000fd0                SPDIF_RX_IRQHandler
                0x08000fd0                SPI2_IRQHandler
                0x08000fd0                OTG_HS_EP1_IN_IRQHandler
                0x08000fd0                DMA1_Stream0_IRQHandler
                0x08000fd0                CRS_IRQHandler
                0x08000fd0                CM7_SEV_IRQHandler
                0x08000fd0                EXTI4_IRQHandler
                0x08000fd0                RNG_IRQHandler
                0x08000fd0                CM4_SEV_IRQHandler
                0x08000fd0                HRTIM1_TIMB_IRQHandler
                0x08000fd0                FDCAN2_IT1_IRQHandler
                0x08000fd0                DSI_IRQHandler
                0x08000fd0                ETH_IRQHandler
                0x08000fd0                TIM1_UP_IRQHandler
                0x08000fd0                WWDG_RST_IRQHandler
                0x08000fd0                BDMA_Channel4_IRQHandler
                0x08000fd0                OTG_HS_EP1_OUT_IRQHandler
                0x08000fd0                WWDG_IRQHandler
                0x08000fd0                SPI6_IRQHandler
                0x08000fd0                MDIOS_IRQHandler
                0x08000fd0                I2C4_EV_IRQHandler
                0x08000fd0                FDCAN2_IT0_IRQHandler
                0x08000fd0                LPUART1_IRQHandler
                0x08000fd0                FDCAN1_IT0_IRQHandler
                0x08000fd0                TIM2_IRQHandler
                0x08000fd0                OTG_FS_WKUP_IRQHandler
                0x08000fd0                OTG_HS_IRQHandler
                0x08000fd0                HSEM2_IRQHandler
                0x08000fd0                DMA2D_IRQHandler
                0x08000fd0                TIM1_BRK_IRQHandler
                0x08000fd0                EXTI1_IRQHandler
                0x08000fd0                SDMMC2_IRQHandler
                0x08000fd0                OTG_FS_EP1_OUT_IRQHandler
                0x08000fd0                BDMA_Channel3_IRQHandler
                0x08000fd0                HOLD_CORE_IRQHandler
                0x08000fd0                UART7_IRQHandler
                0x08000fd0                MDIOS_WKUP_IRQHandler
                0x08000fd0                USART2_IRQHandler
                0x08000fd0                DFSDM1_FLT0_IRQHandler
                0x08000fd0                SAI4_IRQHandler
                0x08000fd0                I2C2_ER_IRQHandler
                0x08000fd0                DMA2_Stream1_IRQHandler
                0x08000fd0                FLASH_IRQHandler
                0x08000fd0                DMA2_Stream4_IRQHandler
                0x08000fd0                USART1_IRQHandler
                0x08000fd0                OTG_FS_IRQHandler
                0x08000fd0                SPI3_IRQHandler
                0x08000fd0                WAKEUP_PIN_IRQHandler
                0x08000fd0                DMA1_Stream4_IRQHandler
                0x08000fd0                OTG_FS_EP1_IN_IRQHandler
                0x08000fd0                I2C1_ER_IRQHandler
                0x08000fd0                FMC_IRQHandler
                0x08000fd0                FDCAN_CAL_IRQHandler
                0x08000fd0                SWPMI1_IRQHandler
                0x08000fd0                COMP1_IRQHandler
                0x08000fd0                LPTIM1_IRQHandler
                0x08000fd0                I2C4_ER_IRQHandler
                0x08000fd0                DMA2_Stream6_IRQHandler
                0x08000fd0                SAI1_IRQHandler
                0x08000fd0                RTC_Alarm_IRQHandler
 *fill*         0x08000fd2        0x2 
 .text.HAL_Init
                0x08000fd4       0x78 ./Drivers/STM32H7xx_HAL_Driver/stm32h7xx_hal.o
                0x08000fd4                HAL_Init
 .text.HAL_IncTick
                0x0800104c       0x28 ./Drivers/STM32H7xx_HAL_Driver/stm32h7xx_hal.o
                0x0800104c                HAL_IncTick
 .text.HAL_GetTick
                0x08001074       0x18 ./Drivers/STM32H7xx_HAL_Driver/stm32h7xx_hal.o
                0x08001074                HAL_GetTick
 .text.HAL_GetREVID
                0x0800108c       0x18 ./Drivers/STM32H7xx_HAL_Driver/stm32h7xx_hal.o
                0x0800108c                HAL_GetREVID
 .text.__NVIC_SetPriorityGrouping
                0x080010a4       0x48 ./Drivers/STM32H7xx_HAL_Driver/stm32h7xx_hal_cortex.o
 .text.__NVIC_GetPriorityGrouping
                0x080010ec       0x1c ./Drivers/STM32H7xx_HAL_Driver/stm32h7xx_hal_cortex.o
 .text.__NVIC_EnableIRQ
                0x08001108       0x3c ./Drivers/STM32H7xx_HAL_Driver/stm32h7xx_hal_cortex.o
 .text.__NVIC_SetPriority
                0x08001144       0x54 ./Drivers/STM32H7xx_HAL_Driver/stm32h7xx_hal_cortex.o
 .text.NVIC_EncodePriority
                0x08001198       0x66 ./Drivers/STM32H7xx_HAL_Driver/stm32h7xx_hal_cortex.o
 .text.HAL_NVIC_SetPriorityGrouping
                0x080011fe       0x16 ./Drivers/STM32H7xx_HAL_Driver/stm32h7xx_hal_cortex.o
                0x080011fe                HAL_NVIC_SetPriorityGrouping
 .text.HAL_NVIC_SetPriority
                0x08001214       0x34 ./Drivers/STM32H7xx_HAL_Driver/stm32h7xx_hal_cortex.o
                0x08001214                HAL_NVIC_SetPriority
 .text.HAL_NVIC_EnableIRQ
                0x08001248       0x1c ./Drivers/STM32H7xx_HAL_Driver/stm32h7xx_hal_cortex.o
                0x08001248                HAL_NVIC_EnableIRQ
 .text.HAL_MPU_Disable
                0x08001264       0x30 ./Drivers/STM32H7xx_HAL_Driver/stm32h7xx_hal_cortex.o
                0x08001264                HAL_MPU_Disable
 .text.HAL_MPU_Enable
                0x08001294       0x40 ./Drivers/STM32H7xx_HAL_Driver/stm32h7xx_hal_cortex.o
                0x08001294                HAL_MPU_Enable
 .text.HAL_MPU_ConfigRegion
                0x080012d4       0x80 ./Drivers/STM32H7xx_HAL_Driver/stm32h7xx_hal_cortex.o
                0x080012d4                HAL_MPU_ConfigRegion
 .text.HAL_GPIO_Init
                0x08001354      0x374 ./Drivers/STM32H7xx_HAL_Driver/stm32h7xx_hal_gpio.o
                0x08001354                HAL_GPIO_Init
 .text.HAL_GPIO_WritePin
                0x080016c8       0x32 ./Drivers/STM32H7xx_HAL_Driver/stm32h7xx_hal_gpio.o
                0x080016c8                HAL_GPIO_WritePin
 *fill*         0x080016fa        0x2 
 .text.HAL_HSEM_FastTake
                0x080016fc       0x34 ./Drivers/STM32H7xx_HAL_Driver/stm32h7xx_hal_hsem.o
                0x080016fc                HAL_HSEM_FastTake
 .text.HAL_HSEM_Release
                0x08001730       0x28 ./Drivers/STM32H7xx_HAL_Driver/stm32h7xx_hal_hsem.o
                0x08001730                HAL_HSEM_Release
 .text.HAL_PWREx_ConfigSupply
                0x08001758       0xb4 ./Drivers/STM32H7xx_HAL_Driver/stm32h7xx_hal_pwr_ex.o
                0x08001758                HAL_PWREx_ConfigSupply
 .text.HAL_RCC_OscConfig
                0x0800180c      0x8b4 ./Drivers/STM32H7xx_HAL_Driver/stm32h7xx_hal_rcc.o
                0x0800180c                HAL_RCC_OscConfig
 .text.HAL_RCC_ClockConfig
                0x080020c0      0x36c ./Drivers/STM32H7xx_HAL_Driver/stm32h7xx_hal_rcc.o
                0x080020c0                HAL_RCC_ClockConfig
 .text.HAL_RCC_MCOConfig
                0x0800242c       0xd4 ./Drivers/STM32H7xx_HAL_Driver/stm32h7xx_hal_rcc.o
                0x0800242c                HAL_RCC_MCOConfig
 .text.HAL_RCC_GetSysClockFreq
                0x08002500      0x2f4 ./Drivers/STM32H7xx_HAL_Driver/stm32h7xx_hal_rcc.o
                0x08002500                HAL_RCC_GetSysClockFreq
 .text.HAL_RCC_GetHCLKFreq
                0x080027f4       0x60 ./Drivers/STM32H7xx_HAL_Driver/stm32h7xx_hal_rcc.o
                0x080027f4                HAL_RCC_GetHCLKFreq
 .text.HAL_RCC_GetPCLK1Freq
                0x08002854       0x2c ./Drivers/STM32H7xx_HAL_Driver/stm32h7xx_hal_rcc.o
                0x08002854                HAL_RCC_GetPCLK1Freq
 .text.HAL_RCC_GetPCLK2Freq
                0x08002880       0x2c ./Drivers/STM32H7xx_HAL_Driver/stm32h7xx_hal_rcc.o
                0x08002880                HAL_RCC_GetPCLK2Freq
 .text.HAL_RCC_GetClockConfig
                0x080028ac       0x84 ./Drivers/STM32H7xx_HAL_Driver/stm32h7xx_hal_rcc.o
                0x080028ac                HAL_RCC_GetClockConfig
 .text.HAL_RCCEx_PeriphCLKConfig
                0x08002930     0x1494 ./Drivers/STM32H7xx_HAL_Driver/stm32h7xx_hal_rcc_ex.o
                0x08002930                HAL_RCCEx_PeriphCLKConfig
 .text.HAL_RCCEx_GetD3PCLK1Freq
                0x08003dc4       0x2c ./Drivers/STM32H7xx_HAL_Driver/stm32h7xx_hal_rcc_ex.o
                0x08003dc4                HAL_RCCEx_GetD3PCLK1Freq
 .text.HAL_RCCEx_GetPLL2ClockFreq
                0x08003df0      0x2a8 ./Drivers/STM32H7xx_HAL_Driver/stm32h7xx_hal_rcc_ex.o
                0x08003df0                HAL_RCCEx_GetPLL2ClockFreq
 .text.HAL_RCCEx_GetPLL3ClockFreq
                0x08004098      0x2a8 ./Drivers/STM32H7xx_HAL_Driver/stm32h7xx_hal_rcc_ex.o
                0x08004098                HAL_RCCEx_GetPLL3ClockFreq
 .text.RCCEx_PLL2_Config
                0x08004340      0x164 ./Drivers/STM32H7xx_HAL_Driver/stm32h7xx_hal_rcc_ex.o
 .text.RCCEx_PLL3_Config
                0x080044a4      0x164 ./Drivers/STM32H7xx_HAL_Driver/stm32h7xx_hal_rcc_ex.o
 .text.HAL_TIM_Base_Init
                0x08004608       0xae ./Drivers/STM32H7xx_HAL_Driver/stm32h7xx_hal_tim.o
                0x08004608                HAL_TIM_Base_Init
 .text.HAL_TIM_Base_MspInit
                0x080046b6       0x14 ./Drivers/STM32H7xx_HAL_Driver/stm32h7xx_hal_tim.o
                0x080046b6                HAL_TIM_Base_MspInit
 *fill*         0x080046ca        0x2 
 .text.HAL_TIM_Base_Start_IT
                0x080046cc       0xf0 ./Drivers/STM32H7xx_HAL_Driver/stm32h7xx_hal_tim.o
                0x080046cc                HAL_TIM_Base_Start_IT
 .text.HAL_TIM_IRQHandler
                0x080047bc      0x20e ./Drivers/STM32H7xx_HAL_Driver/stm32h7xx_hal_tim.o
                0x080047bc                HAL_TIM_IRQHandler
 .text.HAL_TIM_OC_DelayElapsedCallback
                0x080049ca       0x14 ./Drivers/STM32H7xx_HAL_Driver/stm32h7xx_hal_tim.o
                0x080049ca                HAL_TIM_OC_DelayElapsedCallback
 .text.HAL_TIM_IC_CaptureCallback
                0x080049de       0x14 ./Drivers/STM32H7xx_HAL_Driver/stm32h7xx_hal_tim.o
                0x080049de                HAL_TIM_IC_CaptureCallback
 .text.HAL_TIM_PWM_PulseFinishedCallback
                0x080049f2       0x14 ./Drivers/STM32H7xx_HAL_Driver/stm32h7xx_hal_tim.o
                0x080049f2                HAL_TIM_PWM_PulseFinishedCallback
 .text.HAL_TIM_TriggerCallback
                0x08004a06       0x14 ./Drivers/STM32H7xx_HAL_Driver/stm32h7xx_hal_tim.o
                0x08004a06                HAL_TIM_TriggerCallback
 *fill*         0x08004a1a        0x2 
 .text.TIM_Base_SetConfig
                0x08004a1c      0x140 ./Drivers/STM32H7xx_HAL_Driver/stm32h7xx_hal_tim.o
                0x08004a1c                TIM_Base_SetConfig
 .text.HAL_TIMEx_CommutCallback
                0x08004b5c       0x14 ./Drivers/STM32H7xx_HAL_Driver/stm32h7xx_hal_tim_ex.o
                0x08004b5c                HAL_TIMEx_CommutCallback
 .text.HAL_TIMEx_BreakCallback
                0x08004b70       0x14 ./Drivers/STM32H7xx_HAL_Driver/stm32h7xx_hal_tim_ex.o
                0x08004b70                HAL_TIMEx_BreakCallback
 .text.HAL_TIMEx_Break2Callback
                0x08004b84       0x14 ./Drivers/STM32H7xx_HAL_Driver/stm32h7xx_hal_tim_ex.o
                0x08004b84                HAL_TIMEx_Break2Callback
 .text.HAL_UART_Init
                0x08004b98       0xa0 ./Drivers/STM32H7xx_HAL_Driver/stm32h7xx_hal_uart.o
                0x08004b98                HAL_UART_Init
 .text.HAL_UART_Transmit
                0x08004c38      0x132 ./Drivers/STM32H7xx_HAL_Driver/stm32h7xx_hal_uart.o
                0x08004c38                HAL_UART_Transmit
 *fill*         0x08004d6a        0x2 
 .text.UART_SetConfig
                0x08004d6c      0xad0 ./Drivers/STM32H7xx_HAL_Driver/stm32h7xx_hal_uart.o
                0x08004d6c                UART_SetConfig
 .text.UART_AdvFeatureConfig
                0x0800583c      0x144 ./Drivers/STM32H7xx_HAL_Driver/stm32h7xx_hal_uart.o
                0x0800583c                UART_AdvFeatureConfig
 .text.UART_CheckIdleState
                0x08005980      0x154 ./Drivers/STM32H7xx_HAL_Driver/stm32h7xx_hal_uart.o
                0x08005980                UART_CheckIdleState
 .text.UART_WaitOnFlagUntilTimeout
                0x08005ad4       0xda ./Drivers/STM32H7xx_HAL_Driver/stm32h7xx_hal_uart.o
                0x08005ad4                UART_WaitOnFlagUntilTimeout
 *fill*         0x08005bae        0x2 
 .text.UART_EndRxTransfer
                0x08005bb0       0xcc ./Drivers/STM32H7xx_HAL_Driver/stm32h7xx_hal_uart.o
 .text.HAL_UARTEx_DisableFifoMode
                0x08005c7c       0x72 ./Drivers/STM32H7xx_HAL_Driver/stm32h7xx_hal_uart_ex.o
                0x08005c7c                HAL_UARTEx_DisableFifoMode
 .text.HAL_UARTEx_SetTxFifoThreshold
                0x08005cee       0x7c ./Drivers/STM32H7xx_HAL_Driver/stm32h7xx_hal_uart_ex.o
                0x08005cee                HAL_UARTEx_SetTxFifoThreshold
 .text.HAL_UARTEx_SetRxFifoThreshold
                0x08005d6a       0x7c ./Drivers/STM32H7xx_HAL_Driver/stm32h7xx_hal_uart_ex.o
                0x08005d6a                HAL_UARTEx_SetRxFifoThreshold
 *fill*         0x08005de6        0x2 
 .text.UARTEx_SetNbDataToProcess
                0x08005de8       0x9c ./Drivers/STM32H7xx_HAL_Driver/stm32h7xx_hal_uart_ex.o
 .text.__NVIC_SetPriority
                0x08005e84       0x54 ./Middlewares/Third_Party/FreeRTOS/cmsis_os2.o
 .text.SysTick_Handler
                0x08005ed8       0x20 ./Middlewares/Third_Party/FreeRTOS/cmsis_os2.o
                0x08005ed8                SysTick_Handler
 .text.SVC_Setup
                0x08005ef8       0x12 ./Middlewares/Third_Party/FreeRTOS/cmsis_os2.o
 .text.IRQ_Context
                0x08005f0a       0x4e ./Middlewares/Third_Party/FreeRTOS/cmsis_os2.o
 .text.osKernelInitialize
                0x08005f58       0x4c ./Middlewares/Third_Party/FreeRTOS/cmsis_os2.o
                0x08005f58                osKernelInitialize
 .text.osKernelStart
                0x08005fa4       0x54 ./Middlewares/Third_Party/FreeRTOS/cmsis_os2.o
                0x08005fa4                osKernelStart
 .text.osThreadNew
                0x08005ff8      0x122 ./Middlewares/Third_Party/FreeRTOS/cmsis_os2.o
                0x08005ff8                osThreadNew
 .text.osDelay  0x0800611a       0x34 ./Middlewares/Third_Party/FreeRTOS/cmsis_os2.o
                0x0800611a                osDelay
 .text.TimerCallback
                0x0800614e       0x32 ./Middlewares/Third_Party/FreeRTOS/cmsis_os2.o
 .text.osTimerNew
                0x08006180      0x144 ./Middlewares/Third_Party/FreeRTOS/cmsis_os2.o
                0x08006180                osTimerNew
 .text.osTimerStart
                0x080062c4       0x60 ./Middlewares/Third_Party/FreeRTOS/cmsis_os2.o
                0x080062c4                osTimerStart
 .text.vApplicationGetIdleTaskMemory
                0x08006324       0x34 ./Middlewares/Third_Party/FreeRTOS/cmsis_os2.o
                0x08006324                vApplicationGetIdleTaskMemory
 .text.vApplicationGetTimerTaskMemory
                0x08006358       0x34 ./Middlewares/Third_Party/FreeRTOS/cmsis_os2.o
                0x08006358                vApplicationGetTimerTaskMemory
 .text.pvPortMalloc
                0x0800638c      0x198 ./Middlewares/Third_Party/FreeRTOS/heap_4.o
                0x0800638c                pvPortMalloc
 .text.vPortFree
                0x08006524       0xb4 ./Middlewares/Third_Party/FreeRTOS/heap_4.o
                0x08006524                vPortFree
 .text.prvHeapInit
                0x080065d8       0xb8 ./Middlewares/Third_Party/FreeRTOS/heap_4.o
 .text.prvInsertBlockIntoFreeList
                0x08006690       0xb4 ./Middlewares/Third_Party/FreeRTOS/heap_4.o
 .text.vListInitialise
                0x08006744       0x40 ./Middlewares/Third_Party/FreeRTOS/list.o
                0x08006744                vListInitialise
 .text.vListInitialiseItem
                0x08006784       0x1a ./Middlewares/Third_Party/FreeRTOS/list.o
                0x08006784                vListInitialiseItem
 .text.vListInsert
                0x0800679e       0x72 ./Middlewares/Third_Party/FreeRTOS/list.o
                0x0800679e                vListInsert
 .text.uxListRemove
                0x08006810       0x54 ./Middlewares/Third_Party/FreeRTOS/list.o
                0x08006810                uxListRemove
 .text.pxPortInitialiseStack
                0x08006864       0x68 ./Middlewares/Third_Party/FreeRTOS/port.o
                0x08006864                pxPortInitialiseStack
 .text.prvTaskExitError
                0x080068cc       0x5c ./Middlewares/Third_Party/FreeRTOS/port.o
 *fill*         0x08006928        0x8 
 .text.SVC_Handler
                0x08006930       0x28 ./Middlewares/Third_Party/FreeRTOS/port.o
                0x08006930                SVC_Handler
 .text.prvPortStartFirstTask
                0x08006958       0x2c ./Middlewares/Third_Party/FreeRTOS/port.o
 .text.xPortStartScheduler
                0x08006984      0x17c ./Middlewares/Third_Party/FreeRTOS/port.o
                0x08006984                xPortStartScheduler
 .text.vPortEnterCritical
                0x08006b00       0x64 ./Middlewares/Third_Party/FreeRTOS/port.o
                0x08006b00                vPortEnterCritical
 .text.vPortExitCritical
                0x08006b64       0x54 ./Middlewares/Third_Party/FreeRTOS/port.o
                0x08006b64                vPortExitCritical
 *fill*         0x08006bb8        0x8 
 .text.PendSV_Handler
                0x08006bc0       0x68 ./Middlewares/Third_Party/FreeRTOS/port.o
                0x08006bc0                PendSV_Handler
 .text.xPortSysTickHandler
                0x08006c28       0x44 ./Middlewares/Third_Party/FreeRTOS/port.o
                0x08006c28                xPortSysTickHandler
 .text.vPortSetupTimerInterrupt
                0x08006c6c       0x48 ./Middlewares/Third_Party/FreeRTOS/port.o
                0x08006c6c                vPortSetupTimerInterrupt
 .text.vPortEnableVFP
                0x08006cb4       0x18 ./Middlewares/Third_Party/FreeRTOS/port.o
 .text.vPortValidateInterruptPriority
                0x08006ccc       0x84 ./Middlewares/Third_Party/FreeRTOS/port.o
                0x08006ccc                vPortValidateInterruptPriority
 .text.xQueueGenericReset
                0x08006d50      0x124 ./Middlewares/Third_Party/FreeRTOS/queue.o
                0x08006d50                xQueueGenericReset
 .text.xQueueGenericCreateStatic
                0x08006e74       0xc2 ./Middlewares/Third_Party/FreeRTOS/queue.o
                0x08006e74                xQueueGenericCreateStatic
 .text.prvInitialiseNewQueue
                0x08006f36       0x46 ./Middlewares/Third_Party/FreeRTOS/queue.o
 .text.xQueueGenericSend
                0x08006f7c      0x204 ./Middlewares/Third_Party/FreeRTOS/queue.o
                0x08006f7c                xQueueGenericSend
 .text.xQueueGenericSendFromISR
                0x08007180      0x16c ./Middlewares/Third_Party/FreeRTOS/queue.o
                0x08007180                xQueueGenericSendFromISR
 .text.xQueueReceive
                0x080072ec      0x1c4 ./Middlewares/Third_Party/FreeRTOS/queue.o
                0x080072ec                xQueueReceive
 .text.prvCopyDataToQueue
                0x080074b0       0xd4 ./Middlewares/Third_Party/FreeRTOS/queue.o
 .text.prvCopyDataFromQueue
                0x08007584       0x4c ./Middlewares/Third_Party/FreeRTOS/queue.o
 .text.prvUnlockQueue
                0x080075d0       0xa4 ./Middlewares/Third_Party/FreeRTOS/queue.o
 .text.prvIsQueueEmpty
                0x08007674       0x2c ./Middlewares/Third_Party/FreeRTOS/queue.o
 .text.prvIsQueueFull
                0x080076a0       0x30 ./Middlewares/Third_Party/FreeRTOS/queue.o
 .text.vQueueAddToRegistry
                0x080076d0       0xa0 ./Middlewares/Third_Party/FreeRTOS/queue.o
                0x080076d0                vQueueAddToRegistry
 .text.vQueueWaitForMessageRestricted
                0x08007770       0x68 ./Middlewares/Third_Party/FreeRTOS/queue.o
                0x08007770                vQueueWaitForMessageRestricted
 .text.xTaskCreateStatic
                0x080077d8       0xca ./Middlewares/Third_Party/FreeRTOS/tasks.o
                0x080077d8                xTaskCreateStatic
 .text.xTaskCreate
                0x080078a2       0x94 ./Middlewares/Third_Party/FreeRTOS/tasks.o
                0x080078a2                xTaskCreate
 *fill*         0x08007936        0x2 
 .text.prvInitialiseNewTask
                0x08007938      0x14c ./Middlewares/Third_Party/FreeRTOS/tasks.o
 .text.prvAddNewTaskToReadyList
                0x08007a84      0x130 ./Middlewares/Third_Party/FreeRTOS/tasks.o
 .text.vTaskDelay
                0x08007bb4       0x6c ./Middlewares/Third_Party/FreeRTOS/tasks.o
                0x08007bb4                vTaskDelay
 .text.vTaskStartScheduler
                0x08007c20       0xe8 ./Middlewares/Third_Party/FreeRTOS/tasks.o
                0x08007c20                vTaskStartScheduler
 .text.vTaskSuspendAll
                0x08007d08       0x1c ./Middlewares/Third_Party/FreeRTOS/tasks.o
                0x08007d08                vTaskSuspendAll
 .text.xTaskResumeAll
                0x08007d24      0x1fc ./Middlewares/Third_Party/FreeRTOS/tasks.o
                0x08007d24                xTaskResumeAll
 .text.xTaskGetTickCount
                0x08007f20       0x20 ./Middlewares/Third_Party/FreeRTOS/tasks.o
                0x08007f20                xTaskGetTickCount
 .text.uxTaskGetNumberOfTasks
                0x08007f40       0x18 ./Middlewares/Third_Party/FreeRTOS/tasks.o
                0x08007f40                uxTaskGetNumberOfTasks
 .text.xTaskIncrementTick
                0x08007f58      0x230 ./Middlewares/Third_Party/FreeRTOS/tasks.o
                0x08007f58                xTaskIncrementTick
 .text.vTaskSwitchContext
                0x08008188       0xc8 ./Middlewares/Third_Party/FreeRTOS/tasks.o
                0x08008188                vTaskSwitchContext
 .text.vTaskPlaceOnEventList
                0x08008250       0x4c ./Middlewares/Third_Party/FreeRTOS/tasks.o
                0x08008250                vTaskPlaceOnEventList
 .text.vTaskPlaceOnEventListRestricted
                0x0800829c       0x8c ./Middlewares/Third_Party/FreeRTOS/tasks.o
                0x0800829c                vTaskPlaceOnEventListRestricted
 .text.xTaskRemoveFromEventList
                0x08008328      0x1b0 ./Middlewares/Third_Party/FreeRTOS/tasks.o
                0x08008328                xTaskRemoveFromEventList
 .text.vTaskInternalSetTimeOutState
                0x080084d8       0x2c ./Middlewares/Third_Party/FreeRTOS/tasks.o
                0x080084d8                vTaskInternalSetTimeOutState
 .text.xTaskCheckForTimeOut
                0x08008504       0xd0 ./Middlewares/Third_Party/FreeRTOS/tasks.o
                0x08008504                xTaskCheckForTimeOut
 .text.vTaskMissedYield
                0x080085d4       0x18 ./Middlewares/Third_Party/FreeRTOS/tasks.o
                0x080085d4                vTaskMissedYield
 .text.prvIdleTask
                0x080085ec       0x30 ./Middlewares/Third_Party/FreeRTOS/tasks.o
 .text.prvInitialiseTaskLists
                0x0800861c       0x80 ./Middlewares/Third_Party/FreeRTOS/tasks.o
 .text.prvCheckTasksWaitingTermination
                0x0800869c       0x5c ./Middlewares/Third_Party/FreeRTOS/tasks.o
 .text.prvDeleteTCB
                0x080086f8       0x70 ./Middlewares/Third_Party/FreeRTOS/tasks.o
 .text.prvResetNextTaskUnblockTime
                0x08008768       0x38 ./Middlewares/Third_Party/FreeRTOS/tasks.o
 .text.xTaskGetSchedulerState
                0x080087a0       0x3c ./Middlewares/Third_Party/FreeRTOS/tasks.o
                0x080087a0                xTaskGetSchedulerState
 .text.xTaskPriorityDisinherit
                0x080087dc      0x130 ./Middlewares/Third_Party/FreeRTOS/tasks.o
                0x080087dc                xTaskPriorityDisinherit
 .text.prvAddCurrentTaskToDelayedList
                0x0800890c       0xdc ./Middlewares/Third_Party/FreeRTOS/tasks.o
 .text.xTimerCreateTimerTask
                0x080089e8       0x94 ./Middlewares/Third_Party/FreeRTOS/timers.o
                0x080089e8                xTimerCreateTimerTask
 .text.xTimerCreate
                0x08008a7c       0x42 ./Middlewares/Third_Party/FreeRTOS/timers.o
                0x08008a7c                xTimerCreate
 .text.xTimerCreateStatic
                0x08008abe       0x80 ./Middlewares/Third_Party/FreeRTOS/timers.o
                0x08008abe                xTimerCreateStatic
 .text.prvInitialiseNewTimer
                0x08008b3e       0x72 ./Middlewares/Third_Party/FreeRTOS/timers.o
 .text.xTimerGenericCommand
                0x08008bb0       0x9c ./Middlewares/Third_Party/FreeRTOS/timers.o
                0x08008bb0                xTimerGenericCommand
 .text.prvReloadTimer
                0x08008c4c       0x42 ./Middlewares/Third_Party/FreeRTOS/timers.o
 *fill*         0x08008c8e        0x2 
 .text.prvProcessExpiredTimer
                0x08008c90       0x60 ./Middlewares/Third_Party/FreeRTOS/timers.o
 .text.prvTimerTask
                0x08008cf0       0x26 ./Middlewares/Third_Party/FreeRTOS/timers.o
 *fill*         0x08008d16        0x2 
 .text.prvProcessTimerOrBlockTask
                0x08008d18       0x9c ./Middlewares/Third_Party/FreeRTOS/timers.o
 .text.prvGetNextExpireTime
                0x08008db4       0x48 ./Middlewares/Third_Party/FreeRTOS/timers.o
 .text.prvSampleTimeNow
                0x08008dfc       0x40 ./Middlewares/Third_Party/FreeRTOS/timers.o
 .text.prvInsertTimerInActiveList
                0x08008e3c       0x84 ./Middlewares/Third_Party/FreeRTOS/timers.o
 .text.prvProcessReceivedCommands
                0x08008ec0      0x1bc ./Middlewares/Third_Party/FreeRTOS/timers.o
 .text.prvSwitchTimerLists
                0x0800907c       0x4c ./Middlewares/Third_Party/FreeRTOS/timers.o
 .text.prvCheckForValidListAndQueue
                0x080090c8       0x80 ./Middlewares/Third_Party/FreeRTOS/timers.o
 .text.pvTimerGetTimerID
                0x08009148       0x42 ./Middlewares/Third_Party/FreeRTOS/timers.o
                0x08009148                pvTimerGetTimerID
 .text.memset   0x0800918a       0x10 /Applications/STM32CubeIDE.app/Contents/Eclipse/plugins/com.st.stm32cube.ide.mcu.externaltools.gnu-tools-for-stm32.14.3.rel1.macosaarch64_1.0.0.202602081740/tools/bin/../lib/gcc/arm-none-eabi/14.3.1/../../../../arm-none-eabi/lib/thumb/v7e-m+dp/hard/libc_nano.a(libc_a-memset.o)
                0x0800918a                memset
 *fill*         0x0800919a        0x2 
 .text.__libc_init_array
                0x0800919c       0x48 /Applications/STM32CubeIDE.app/Contents/Eclipse/plugins/com.st.stm32cube.ide.mcu.externaltools.gnu-tools-for-stm32.14.3.rel1.macosaarch64_1.0.0.202602081740/tools/bin/../lib/gcc/arm-none-eabi/14.3.1/../../../../arm-none-eabi/lib/thumb/v7e-m+dp/hard/libc_nano.a(libc_a-init.o)
                0x0800919c                __libc_init_array
 .text.__retarget_lock_acquire_recursive
                0x080091e4        0x2 /Applications/STM32CubeIDE.app/Contents/Eclipse/plugins/com.st.stm32cube.ide.mcu.externaltools.gnu-tools-for-stm32.14.3.rel1.macosaarch64_1.0.0.202602081740/tools/bin/../lib/gcc/arm-none-eabi/14.3.1/../../../../arm-none-eabi/lib/thumb/v7e-m+dp/hard/libc_nano.a(libc_a-lock.o)
                0x080091e4                __retarget_lock_acquire_recursive
 .text.__retarget_lock_release_recursive
                0x080091e6        0x2 /Applications/STM32CubeIDE.app/Contents/Eclipse/plugins/com.st.stm32cube.ide.mcu.externaltools.gnu-tools-for-stm32.14.3.rel1.macosaarch64_1.0.0.202602081740/tools/bin/../lib/gcc/arm-none-eabi/14.3.1/../../../../arm-none-eabi/lib/thumb/v7e-m+dp/hard/libc_nano.a(libc_a-lock.o)
                0x080091e6                __retarget_lock_release_recursive
 .text._reclaim_reent
                0x080091e8       0xbc /Applications/STM32CubeIDE.app/Contents/Eclipse/plugins/com.st.stm32cube.ide.mcu.externaltools.gnu-tools-for-stm32.14.3.rel1.macosaarch64_1.0.0.202602081740/tools/bin/../lib/gcc/arm-none-eabi/14.3.1/../../../../arm-none-eabi/lib/thumb/v7e-m+dp/hard/libc_nano.a(libc_a-reent.o)
                0x080091e8                _reclaim_reent
 .text.memcpy   0x080092a4       0x1c /Applications/STM32CubeIDE.app/Contents/Eclipse/plugins/com.st.stm32cube.ide.mcu.externaltools.gnu-tools-for-stm32.14.3.rel1.macosaarch64_1.0.0.202602081740/tools/bin/../lib/gcc/arm-none-eabi/14.3.1/../../../../arm-none-eabi/lib/thumb/v7e-m+dp/hard/libc_nano.a(libc_a-memcpy-stub.o)
                0x080092a4                memcpy
 .text._free_r  0x080092c0       0x94 /Applications/STM32CubeIDE.app/Contents/Eclipse/plugins/com.st.stm32cube.ide.mcu.externaltools.gnu-tools-for-stm32.14.3.rel1.macosaarch64_1.0.0.202602081740/tools/bin/../lib/gcc/arm-none-eabi/14.3.1/../../../../arm-none-eabi/lib/thumb/v7e-m+dp/hard/libc_nano.a(libc_a-freer.o)
                0x080092c0                _free_r
 .text.__malloc_lock
                0x08009354        0xc /Applications/STM32CubeIDE.app/Contents/Eclipse/plugins/com.st.stm32cube.ide.mcu.externaltools.gnu-tools-for-stm32.14.3.rel1.macosaarch64_1.0.0.202602081740/tools/bin/../lib/gcc/arm-none-eabi/14.3.1/../../../../arm-none-eabi/lib/thumb/v7e-m+dp/hard/libc_nano.a(libc_a-mlock.o)
                0x08009354                __malloc_lock
 .text.__malloc_unlock
                0x08009360        0xc /Applications/STM32CubeIDE.app/Contents/Eclipse/plugins/com.st.stm32cube.ide.mcu.externaltools.gnu-tools-for-stm32.14.3.rel1.macosaarch64_1.0.0.202602081740/tools/bin/../lib/gcc/arm-none-eabi/14.3.1/../../../../arm-none-eabi/lib/thumb/v7e-m+dp/hard/libc_nano.a(libc_a-mlock.o)
                0x08009360                __malloc_unlock
 *(.glue_7)
 .glue_7        0x0800936c        0x0 linker stubs
 *(.glue_7t)
 .glue_7t       0x0800936c        0x0 linker stubs
 *(.eh_frame)
 .eh_frame      0x0800936c        0x0 /Applications/STM32CubeIDE.app/Contents/Eclipse/plugins/com.st.stm32cube.ide.mcu.externaltools.gnu-tools-for-stm32.14.3.rel1.macosaarch64_1.0.0.202602081740/tools/bin/../lib/gcc/arm-none-eabi/14.3.1/thumb/v7e-m+dp/hard/crtbegin.o
 *(.init)
 .init          0x0800936c        0x4 /Applications/STM32CubeIDE.app/Contents/Eclipse/plugins/com.st.stm32cube.ide.mcu.externaltools.gnu-tools-for-stm32.14.3.rel1.macosaarch64_1.0.0.202602081740/tools/bin/../lib/gcc/arm-none-eabi/14.3.1/thumb/v7e-m+dp/hard/crti.o
                0x0800936c                _init
 .init          0x08009370        0x8 /Applications/STM32CubeIDE.app/Contents/Eclipse/plugins/com.st.stm32cube.ide.mcu.externaltools.gnu-tools-for-stm32.14.3.rel1.macosaarch64_1.0.0.202602081740/tools/bin/../lib/gcc/arm-none-eabi/14.3.1/thumb/v7e-m+dp/hard/crtn.o
 *(.fini)
 .fini          0x08009378        0x4 /Applications/STM32CubeIDE.app/Contents/Eclipse/plugins/com.st.stm32cube.ide.mcu.externaltools.gnu-tools-for-stm32.14.3.rel1.macosaarch64_1.0.0.202602081740/tools/bin/../lib/gcc/arm-none-eabi/14.3.1/thumb/v7e-m+dp/hard/crti.o
                0x08009378                _fini
 .fini          0x0800937c        0x8 /Applications/STM32CubeIDE.app/Contents/Eclipse/plugins/com.st.stm32cube.ide.mcu.externaltools.gnu-tools-for-stm32.14.3.rel1.macosaarch64_1.0.0.202602081740/tools/bin/../lib/gcc/arm-none-eabi/14.3.1/thumb/v7e-m+dp/hard/crtn.o
                0x08009384                        . = ALIGN (0x4)
                0x08009384                        _etext = .

.vfp11_veneer   0x08009384        0x0
 .vfp11_veneer  0x08009384        0x0 linker stubs

.v4_bx          0x08009384        0x0
 .v4_bx         0x08009384        0x0 linker stubs

.iplt           0x08009384        0x0
 .iplt          0x08009384        0x0 /Applications/STM32CubeIDE.app/Contents/Eclipse/plugins/com.st.stm32cube.ide.mcu.externaltools.gnu-tools-for-stm32.14.3.rel1.macosaarch64_1.0.0.202602081740/tools/bin/../lib/gcc/arm-none-eabi/14.3.1/thumb/v7e-m+dp/hard/crtbegin.o

.rodata         0x08009384       0xa0
                0x08009384                        . = ALIGN (0x4)
 *(.rodata)
 .rodata        0x08009384        0x5 ./Middlewares/Third_Party/FreeRTOS/tasks.o
 *fill*         0x08009389        0x3 
 .rodata        0x0800938c        0xd ./Middlewares/Third_Party/FreeRTOS/timers.o
 *(.rodata*)
 *fill*         0x08009399        0x3 
 .rodata.D1CorePrescTable
                0x0800939c       0x10 ./Common/Src/system_stm32h7xx_dualcore_boot_cm4_cm7.o
                0x0800939c                D1CorePrescTable
 .rodata.str1.4
                0x080093ac       0x26 ./Core/Src/main.o
                                  0xc (size before relaxing)
 *fill*         0x080093d2        0x2 
 .rodata.defaultTask_attributes
                0x080093d4       0x24 ./Core/Src/main.o
                0x080093d4                defaultTask_attributes
 .rodata.MyTimerCallback.str1.4
                0x080093f8       0x1a ./Core/Src/main.o
 .rodata.UARTPrescTable
                0x080093f8       0x18 ./Drivers/STM32H7xx_HAL_Driver/stm32h7xx_hal_uart.o
                0x080093f8                UARTPrescTable
 .rodata.numerator.1
                0x08009410        0x8 ./Drivers/STM32H7xx_HAL_Driver/stm32h7xx_hal_uart_ex.o
 .rodata.denominator.0
                0x08009418        0x8 ./Drivers/STM32H7xx_HAL_Driver/stm32h7xx_hal_uart_ex.o
 .rodata.uxTopUsedPriority
                0x08009420        0x4 ./Middlewares/Third_Party/FreeRTOS/tasks.o
                0x08009420                uxTopUsedPriority
                0x08009424                        . = ALIGN (0x4)

.ARM.extab      0x08009424        0x0
                0x08009424                        . = ALIGN (0x4)
 *(.ARM.extab* .gnu.linkonce.armextab.*)
                0x08009424                        . = ALIGN (0x4)

.ARM            0x08009424        0x8
                0x08009424                        . = ALIGN (0x4)
                0x08009424                        __exidx_start = .
 *(.ARM.exidx*)
 .ARM.exidx     0x08009424        0x8 /Applications/STM32CubeIDE.app/Contents/Eclipse/plugins/com.st.stm32cube.ide.mcu.externaltools.gnu-tools-for-stm32.14.3.rel1.macosaarch64_1.0.0.202602081740/tools/bin/../lib/gcc/arm-none-eabi/14.3.1/thumb/v7e-m+dp/hard/libgcc.a(_udivmoddi4.o)
                0x0800942c                        __exidx_end = .
                0x0800942c                        . = ALIGN (0x4)

.preinit_array  0x0800942c        0x0
                0x0800942c                        . = ALIGN (0x4)
                0x0800942c                        PROVIDE (__preinit_array_start = .)
 *(.preinit_array*)
                0x0800942c                        PROVIDE (__preinit_array_end = .)
                0x0800942c                        . = ALIGN (0x4)

.init_array     0x0800942c        0x4
                0x0800942c                        . = ALIGN (0x4)
                0x0800942c                        PROVIDE (__init_array_start = .)
 *(SORT_BY_NAME(.init_array.*))
 *(.init_array*)
 .init_array    0x0800942c        0x4 /Applications/STM32CubeIDE.app/Contents/Eclipse/plugins/com.st.stm32cube.ide.mcu.externaltools.gnu-tools-for-stm32.14.3.rel1.macosaarch64_1.0.0.202602081740/tools/bin/../lib/gcc/arm-none-eabi/14.3.1/thumb/v7e-m+dp/hard/crtbegin.o
                0x08009430                        PROVIDE (__init_array_end = .)
                0x08009430                        . = ALIGN (0x4)

.fini_array     0x08009430        0x4
                0x08009430                        . = ALIGN (0x4)
                [!provide]                        PROVIDE (__fini_array_start = .)
 *(SORT_BY_NAME(.fini_array.*))
 *(.fini_array*)
 .fini_array    0x08009430        0x4 /Applications/STM32CubeIDE.app/Contents/Eclipse/plugins/com.st.stm32cube.ide.mcu.externaltools.gnu-tools-for-stm32.14.3.rel1.macosaarch64_1.0.0.202602081740/tools/bin/../lib/gcc/arm-none-eabi/14.3.1/thumb/v7e-m+dp/hard/crtbegin.o
                [!provide]                        PROVIDE (__fini_array_end = .)
                0x08009434                        . = ALIGN (0x4)
                0x08009434                        _sidata = LOADADDR (.data)

.rel.dyn        0x08009434        0x0
 .rel.iplt      0x08009434        0x0 /Applications/STM32CubeIDE.app/Contents/Eclipse/plugins/com.st.stm32cube.ide.mcu.externaltools.gnu-tools-for-stm32.14.3.rel1.macosaarch64_1.0.0.202602081740/tools/bin/../lib/gcc/arm-none-eabi/14.3.1/thumb/v7e-m+dp/hard/crtbegin.o

.data           0x24000000       0x64 load address 0x08009434
                0x24000000                        . = ALIGN (0x4)
                0x24000000                        _sdata = .
 *(.data)
 *(.data*)
 .data.SystemCoreClock
                0x24000000        0x4 ./Common/Src/system_stm32h7xx_dualcore_boot_cm4_cm7.o
                0x24000000                SystemCoreClock
 .data.SystemD2Clock
                0x24000004        0x4 ./Common/Src/system_stm32h7xx_dualcore_boot_cm4_cm7.o
                0x24000004                SystemD2Clock
 .data.uwTickPrio
                0x24000008        0x4 ./Drivers/STM32H7xx_HAL_Driver/stm32h7xx_hal.o
                0x24000008                uwTickPrio
 .data.uwTickFreq
                0x2400000c        0x1 ./Drivers/STM32H7xx_HAL_Driver/stm32h7xx_hal.o
                0x2400000c                uwTickFreq
 *fill*         0x2400000d        0x3 
 .data.uxCriticalNesting
                0x24000010        0x4 ./Middlewares/Third_Party/FreeRTOS/port.o
 .data._impure_ptr
                0x24000014        0x4 /Applications/STM32CubeIDE.app/Contents/Eclipse/plugins/com.st.stm32cube.ide.mcu.externaltools.gnu-tools-for-stm32.14.3.rel1.macosaarch64_1.0.0.202602081740/tools/bin/../lib/gcc/arm-none-eabi/14.3.1/../../../../arm-none-eabi/lib/thumb/v7e-m+dp/hard/libc_nano.a(libc_a-impure.o)
                0x24000014                _impure_ptr
 .data._impure_data
                0x24000018       0x4c /Applications/STM32CubeIDE.app/Contents/Eclipse/plugins/com.st.stm32cube.ide.mcu.externaltools.gnu-tools-for-stm32.14.3.rel1.macosaarch64_1.0.0.202602081740/tools/bin/../lib/gcc/arm-none-eabi/14.3.1/../../../../arm-none-eabi/lib/thumb/v7e-m+dp/hard/libc_nano.a(libc_a-impure.o)
                0x24000018                _impure_data
 *(.RamFunc)
 *(.RamFunc*)
                0x24000064                        . = ALIGN (0x4)
                0x24000064                        _edata = .

.igot.plt       0x24000064        0x0 load address 0x08009498
 .igot.plt      0x24000064        0x0 /Applications/STM32CubeIDE.app/Contents/Eclipse/plugins/com.st.stm32cube.ide.mcu.externaltools.gnu-tools-for-stm32.14.3.rel1.macosaarch64_1.0.0.202602081740/tools/bin/../lib/gcc/arm-none-eabi/14.3.1/thumb/v7e-m+dp/hard/crtbegin.o
                0x24000064                        . = ALIGN (0x4)

.bss            0x24000064     0x4c2c load address 0x08009498
                0x24000064                        _sbss = .
                0x24000064                        __bss_start__ = _sbss
 *(.bss)
 .bss           0x24000064       0x1c /Applications/STM32CubeIDE.app/Contents/Eclipse/plugins/com.st.stm32cube.ide.mcu.externaltools.gnu-tools-for-stm32.14.3.rel1.macosaarch64_1.0.0.202602081740/tools/bin/../lib/gcc/arm-none-eabi/14.3.1/thumb/v7e-m+dp/hard/crtbegin.o
 *(.bss*)
 .bss.huart1    0x24000080       0x94 ./Core/Src/main.o
                0x24000080                huart1
 .bss.defaultTaskHandle
                0x24000114        0x4 ./Core/Src/main.o
                0x24000114                defaultTaskHandle
 .bss.myTimerHandle
                0x24000118        0x4 ./Core/Src/main.o
 .bss.htim6     0x2400011c       0x4c ./Core/Src/stm32h7xx_hal_timebase_tim.o
                0x2400011c                htim6
 .bss.uwTick    0x24000168        0x4 ./Drivers/STM32H7xx_HAL_Driver/stm32h7xx_hal.o
                0x24000168                uwTick
 .bss.KernelState
                0x2400016c        0x4 ./Middlewares/Third_Party/FreeRTOS/cmsis_os2.o
 .bss.Idle_TCB.3
                0x24000170       0xa8 ./Middlewares/Third_Party/FreeRTOS/cmsis_os2.o
 .bss.Idle_Stack.2
                0x24000218      0x200 ./Middlewares/Third_Party/FreeRTOS/cmsis_os2.o
 .bss.Timer_TCB.1
                0x24000418       0xa8 ./Middlewares/Third_Party/FreeRTOS/cmsis_os2.o
 .bss.Timer_Stack.0
                0x240004c0      0x400 ./Middlewares/Third_Party/FreeRTOS/cmsis_os2.o
 .bss.ucHeap    0x240008c0     0x3c00 ./Middlewares/Third_Party/FreeRTOS/heap_4.o
 .bss.xStart    0x240044c0        0x8 ./Middlewares/Third_Party/FreeRTOS/heap_4.o
 .bss.pxEnd     0x240044c8        0x4 ./Middlewares/Third_Party/FreeRTOS/heap_4.o
 .bss.xFreeBytesRemaining
                0x240044cc        0x4 ./Middlewares/Third_Party/FreeRTOS/heap_4.o
 .bss.xMinimumEverFreeBytesRemaining
                0x240044d0        0x4 ./Middlewares/Third_Party/FreeRTOS/heap_4.o
 .bss.xNumberOfSuccessfulAllocations
                0x240044d4        0x4 ./Middlewares/Third_Party/FreeRTOS/heap_4.o
 .bss.xNumberOfSuccessfulFrees
                0x240044d8        0x4 ./Middlewares/Third_Party/FreeRTOS/heap_4.o
 .bss.ucMaxSysCallPriority
                0x240044dc        0x1 ./Middlewares/Third_Party/FreeRTOS/port.o
 *fill*         0x240044dd        0x3 
 .bss.ulMaxPRIGROUPValue
                0x240044e0        0x4 ./Middlewares/Third_Party/FreeRTOS/port.o
 .bss.xQueueRegistry
                0x240044e4       0x40 ./Middlewares/Third_Party/FreeRTOS/queue.o
                0x240044e4                xQueueRegistry
 .bss.pxCurrentTCB
                0x24004524        0x4 ./Middlewares/Third_Party/FreeRTOS/tasks.o
                0x24004524                pxCurrentTCB
 .bss.pxReadyTasksLists
                0x24004528      0x460 ./Middlewares/Third_Party/FreeRTOS/tasks.o
 .bss.xDelayedTaskList1
                0x24004988       0x14 ./Middlewares/Third_Party/FreeRTOS/tasks.o
 .bss.xDelayedTaskList2
                0x2400499c       0x14 ./Middlewares/Third_Party/FreeRTOS/tasks.o
 .bss.pxDelayedTaskList
                0x240049b0        0x4 ./Middlewares/Third_Party/FreeRTOS/tasks.o
 .bss.pxOverflowDelayedTaskList
                0x240049b4        0x4 ./Middlewares/Third_Party/FreeRTOS/tasks.o
 .bss.xPendingReadyList
                0x240049b8       0x14 ./Middlewares/Third_Party/FreeRTOS/tasks.o
 .bss.xTasksWaitingTermination
                0x240049cc       0x14 ./Middlewares/Third_Party/FreeRTOS/tasks.o
 .bss.uxDeletedTasksWaitingCleanUp
                0x240049e0        0x4 ./Middlewares/Third_Party/FreeRTOS/tasks.o
 .bss.xSuspendedTaskList
                0x240049e4       0x14 ./Middlewares/Third_Party/FreeRTOS/tasks.o
 .bss.uxCurrentNumberOfTasks
                0x240049f8        0x4 ./Middlewares/Third_Party/FreeRTOS/tasks.o
 .bss.xTickCount
                0x240049fc        0x4 ./Middlewares/Third_Party/FreeRTOS/tasks.o
 .bss.uxTopReadyPriority
                0x24004a00        0x4 ./Middlewares/Third_Party/FreeRTOS/tasks.o
 .bss.xSchedulerRunning
                0x24004a04        0x4 ./Middlewares/Third_Party/FreeRTOS/tasks.o
 .bss.xPendedTicks
                0x24004a08        0x4 ./Middlewares/Third_Party/FreeRTOS/tasks.o
 .bss.xYieldPending
                0x24004a0c        0x4 ./Middlewares/Third_Party/FreeRTOS/tasks.o
 .bss.xNumOfOverflows
                0x24004a10        0x4 ./Middlewares/Third_Party/FreeRTOS/tasks.o
 .bss.uxTaskNumber
                0x24004a14        0x4 ./Middlewares/Third_Party/FreeRTOS/tasks.o
 .bss.xNextTaskUnblockTime
                0x24004a18        0x4 ./Middlewares/Third_Party/FreeRTOS/tasks.o
 .bss.xIdleTaskHandle
                0x24004a1c        0x4 ./Middlewares/Third_Party/FreeRTOS/tasks.o
 .bss.uxSchedulerSuspended
                0x24004a20        0x4 ./Middlewares/Third_Party/FreeRTOS/tasks.o
 .bss.xActiveTimerList1
                0x24004a24       0x14 ./Middlewares/Third_Party/FreeRTOS/timers.o
 .bss.xActiveTimerList2
                0x24004a38       0x14 ./Middlewares/Third_Party/FreeRTOS/timers.o
 .bss.pxCurrentTimerList
                0x24004a4c        0x4 ./Middlewares/Third_Party/FreeRTOS/timers.o
 .bss.pxOverflowTimerList
                0x24004a50        0x4 ./Middlewares/Third_Party/FreeRTOS/timers.o
 .bss.xTimerQueue
                0x24004a54        0x4 ./Middlewares/Third_Party/FreeRTOS/timers.o
 .bss.xTimerTaskHandle
                0x24004a58        0x4 ./Middlewares/Third_Party/FreeRTOS/timers.o
 .bss.xLastTime.2
                0x24004a5c        0x4 ./Middlewares/Third_Party/FreeRTOS/timers.o
 .bss.ucStaticTimerQueueStorage.1
                0x24004a60       0xa0 ./Middlewares/Third_Party/FreeRTOS/timers.o
 .bss.xStaticTimerQueue.0
                0x24004b00       0x50 ./Middlewares/Third_Party/FreeRTOS/timers.o
 .bss.__sf      0x24004b50      0x138 /Applications/STM32CubeIDE.app/Contents/Eclipse/plugins/com.st.stm32cube.ide.mcu.externaltools.gnu-tools-for-stm32.14.3.rel1.macosaarch64_1.0.0.202602081740/tools/bin/../lib/gcc/arm-none-eabi/14.3.1/../../../../arm-none-eabi/lib/thumb/v7e-m+dp/hard/libc_nano.a(libc_a-findfp.o)
                0x24004b50                __sf
 .bss.__lock___malloc_recursive_mutex
                0x24004c88        0x1 /Applications/STM32CubeIDE.app/Contents/Eclipse/plugins/com.st.stm32cube.ide.mcu.externaltools.gnu-tools-for-stm32.14.3.rel1.macosaarch64_1.0.0.202602081740/tools/bin/../lib/gcc/arm-none-eabi/14.3.1/../../../../arm-none-eabi/lib/thumb/v7e-m+dp/hard/libc_nano.a(libc_a-lock.o)
                0x24004c88                __lock___malloc_recursive_mutex
 *fill*         0x24004c89        0x3 
 .bss.__malloc_free_list
                0x24004c8c        0x4 /Applications/STM32CubeIDE.app/Contents/Eclipse/plugins/com.st.stm32cube.ide.mcu.externaltools.gnu-tools-for-stm32.14.3.rel1.macosaarch64_1.0.0.202602081740/tools/bin/../lib/gcc/arm-none-eabi/14.3.1/../../../../arm-none-eabi/lib/thumb/v7e-m+dp/hard/libc_nano.a(libc_a-mallocr.o)
                0x24004c8c                __malloc_free_list
 *(COMMON)
                0x24004c90                        . = ALIGN (0x4)
                0x24004c90                        _ebss = .
                0x24004c90                        __bss_end__ = _ebss

._user_heap_stack
                0x24004c90      0x600 load address 0x08009498
                0x24004c90                        . = ALIGN (0x8)
                [!provide]                        PROVIDE (end = .)
                0x24004c90                        PROVIDE (_end = .)
                0x24004e90                        . = (. + _Min_Heap_Size)
 *fill*         0x24004c90      0x200 
                0x24005290                        . = (. + _Min_Stack_Size)
 *fill*         0x24004e90      0x400 
                0x24005290                        . = ALIGN (0x8)

/DISCARD/
 libc.a(*)
 libm.a(*)
 libgcc.a(*)

.ARM.attributes
                0x00000000       0x2e
 *(.ARM.attributes)
 .ARM.attributes
                0x00000000       0x20 /Applications/STM32CubeIDE.app/Contents/Eclipse/plugins/com.st.stm32cube.ide.mcu.externaltools.gnu-tools-for-stm32.14.3.rel1.macosaarch64_1.0.0.202602081740/tools/bin/../lib/gcc/arm-none-eabi/14.3.1/thumb/v7e-m+dp/hard/crti.o
 .ARM.attributes
                0x00000020       0x32 /Applications/STM32CubeIDE.app/Contents/Eclipse/plugins/com.st.stm32cube.ide.mcu.externaltools.gnu-tools-for-stm32.14.3.rel1.macosaarch64_1.0.0.202602081740/tools/bin/../lib/gcc/arm-none-eabi/14.3.1/thumb/v7e-m+dp/hard/crtbegin.o
 .ARM.attributes
                0x00000052       0x32 ./Common/Src/system_stm32h7xx_dualcore_boot_cm4_cm7.o
 .ARM.attributes
                0x00000084       0x32 ./Core/Src/main.o
 .ARM.attributes
                0x000000b6       0x32 ./Core/Src/stm32h7xx_hal_msp.o
 .ARM.attributes
                0x000000e8       0x32 ./Core/Src/stm32h7xx_hal_timebase_tim.o
 .ARM.attributes
                0x0000011a       0x32 ./Core/Src/stm32h7xx_it.o
 .ARM.attributes
                0x0000014c       0x21 ./Core/Startup/startup_stm32h747xihx.o
 .ARM.attributes
                0x0000016d       0x32 ./Drivers/STM32H7xx_HAL_Driver/stm32h7xx_hal.o
 .ARM.attributes
                0x0000019f       0x32 ./Drivers/STM32H7xx_HAL_Driver/stm32h7xx_hal_cortex.o
 .ARM.attributes
                0x000001d1       0x32 ./Drivers/STM32H7xx_HAL_Driver/stm32h7xx_hal_gpio.o
 .ARM.attributes
                0x00000203       0x32 ./Drivers/STM32H7xx_HAL_Driver/stm32h7xx_hal_hsem.o
 .ARM.attributes
                0x00000235       0x32 ./Drivers/STM32H7xx_HAL_Driver/stm32h7xx_hal_pwr_ex.o
 .ARM.attributes
                0x00000267       0x32 ./Drivers/STM32H7xx_HAL_Driver/stm32h7xx_hal_rcc.o
 .ARM.attributes
                0x00000299       0x32 ./Drivers/STM32H7xx_HAL_Driver/stm32h7xx_hal_rcc_ex.o
 .ARM.attributes
                0x000002cb       0x32 ./Drivers/STM32H7xx_HAL_Driver/stm32h7xx_hal_tim.o
 .ARM.attributes
                0x000002fd       0x32 ./Drivers/STM32H7xx_HAL_Driver/stm32h7xx_hal_tim_ex.o
 .ARM.attributes
                0x0000032f       0x32 ./Drivers/STM32H7xx_HAL_Driver/stm32h7xx_hal_uart.o
 .ARM.attributes
                0x00000361       0x32 ./Drivers/STM32H7xx_HAL_Driver/stm32h7xx_hal_uart_ex.o
 .ARM.attributes
                0x00000393       0x32 ./Middlewares/Third_Party/FreeRTOS/cmsis_os2.o
 .ARM.attributes
                0x000003c5       0x32 ./Middlewares/Third_Party/FreeRTOS/heap_4.o
 .ARM.attributes
                0x000003f7       0x32 ./Middlewares/Third_Party/FreeRTOS/list.o
 .ARM.attributes
                0x00000429       0x32 ./Middlewares/Third_Party/FreeRTOS/port.o
 .ARM.attributes
                0x0000045b       0x32 ./Middlewares/Third_Party/FreeRTOS/queue.o
 .ARM.attributes
                0x0000048d       0x32 ./Middlewares/Third_Party/FreeRTOS/tasks.o
 .ARM.attributes
                0x000004bf       0x32 ./Middlewares/Third_Party/FreeRTOS/timers.o
 .ARM.attributes
                0x000004f1       0x32 /Applications/STM32CubeIDE.app/Contents/Eclipse/plugins/com.st.stm32cube.ide.mcu.externaltools.gnu-tools-for-stm32.14.3.rel1.macosaarch64_1.0.0.202602081740/tools/bin/../lib/gcc/arm-none-eabi/14.3.1/../../../../arm-none-eabi/lib/thumb/v7e-m+dp/hard/libc_nano.a(libc_a-findfp.o)
 .ARM.attributes
                0x00000523       0x32 /Applications/STM32CubeIDE.app/Contents/Eclipse/plugins/com.st.stm32cube.ide.mcu.externaltools.gnu-tools-for-stm32.14.3.rel1.macosaarch64_1.0.0.202602081740/tools/bin/../lib/gcc/arm-none-eabi/14.3.1/../../../../arm-none-eabi/lib/thumb/v7e-m+dp/hard/libc_nano.a(libc_a-memset.o)
 .ARM.attributes
                0x00000555       0x32 /Applications/STM32CubeIDE.app/Contents/Eclipse/plugins/com.st.stm32cube.ide.mcu.externaltools.gnu-tools-for-stm32.14.3.rel1.macosaarch64_1.0.0.202602081740/tools/bin/../lib/gcc/arm-none-eabi/14.3.1/../../../../arm-none-eabi/lib/thumb/v7e-m+dp/hard/libc_nano.a(libc_a-init.o)
 .ARM.attributes
                0x00000587       0x32 /Applications/STM32CubeIDE.app/Contents/Eclipse/plugins/com.st.stm32cube.ide.mcu.externaltools.gnu-tools-for-stm32.14.3.rel1.macosaarch64_1.0.0.202602081740/tools/bin/../lib/gcc/arm-none-eabi/14.3.1/../../../../arm-none-eabi/lib/thumb/v7e-m+dp/hard/libc_nano.a(libc_a-lock.o)
 .ARM.attributes
                0x000005b9       0x32 /Applications/STM32CubeIDE.app/Contents/Eclipse/plugins/com.st.stm32cube.ide.mcu.externaltools.gnu-tools-for-stm32.14.3.rel1.macosaarch64_1.0.0.202602081740/tools/bin/../lib/gcc/arm-none-eabi/14.3.1/../../../../arm-none-eabi/lib/thumb/v7e-m+dp/hard/libc_nano.a(libc_a-reent.o)
 .ARM.attributes
                0x000005eb       0x32 /Applications/STM32CubeIDE.app/Contents/Eclipse/plugins/com.st.stm32cube.ide.mcu.externaltools.gnu-tools-for-stm32.14.3.rel1.macosaarch64_1.0.0.202602081740/tools/bin/../lib/gcc/arm-none-eabi/14.3.1/../../../../arm-none-eabi/lib/thumb/v7e-m+dp/hard/libc_nano.a(libc_a-impure.o)
 .ARM.attributes
                0x0000061d       0x32 /Applications/STM32CubeIDE.app/Contents/Eclipse/plugins/com.st.stm32cube.ide.mcu.externaltools.gnu-tools-for-stm32.14.3.rel1.macosaarch64_1.0.0.202602081740/tools/bin/../lib/gcc/arm-none-eabi/14.3.1/../../../../arm-none-eabi/lib/thumb/v7e-m+dp/hard/libc_nano.a(libc_a-memcpy-stub.o)
 .ARM.attributes
                0x0000064f       0x32 /Applications/STM32CubeIDE.app/Contents/Eclipse/plugins/com.st.stm32cube.ide.mcu.externaltools.gnu-tools-for-stm32.14.3.rel1.macosaarch64_1.0.0.202602081740/tools/bin/../lib/gcc/arm-none-eabi/14.3.1/../../../../arm-none-eabi/lib/thumb/v7e-m+dp/hard/libc_nano.a(libc_a-freer.o)
 .ARM.attributes
                0x00000681       0x32 /Applications/STM32CubeIDE.app/Contents/Eclipse/plugins/com.st.stm32cube.ide.mcu.externaltools.gnu-tools-for-stm32.14.3.rel1.macosaarch64_1.0.0.202602081740/tools/bin/../lib/gcc/arm-none-eabi/14.3.1/../../../../arm-none-eabi/lib/thumb/v7e-m+dp/hard/libc_nano.a(libc_a-mallocr.o)
 .ARM.attributes
                0x000006b3       0x32 /Applications/STM32CubeIDE.app/Contents/Eclipse/plugins/com.st.stm32cube.ide.mcu.externaltools.gnu-tools-for-stm32.14.3.rel1.macosaarch64_1.0.0.202602081740/tools/bin/../lib/gcc/arm-none-eabi/14.3.1/../../../../arm-none-eabi/lib/thumb/v7e-m+dp/hard/libc_nano.a(libc_a-mlock.o)
 .ARM.attributes
                0x000006e5       0x20 /Applications/STM32CubeIDE.app/Contents/Eclipse/plugins/com.st.stm32cube.ide.mcu.externaltools.gnu-tools-for-stm32.14.3.rel1.macosaarch64_1.0.0.202602081740/tools/bin/../lib/gcc/arm-none-eabi/14.3.1/thumb/v7e-m+dp/hard/libgcc.a(_aeabi_uldivmod.o)
 .ARM.attributes
                0x00000705       0x32 /Applications/STM32CubeIDE.app/Contents/Eclipse/plugins/com.st.stm32cube.ide.mcu.externaltools.gnu-tools-for-stm32.14.3.rel1.macosaarch64_1.0.0.202602081740/tools/bin/../lib/gcc/arm-none-eabi/14.3.1/thumb/v7e-m+dp/hard/libgcc.a(_udivmoddi4.o)
 .ARM.attributes
                0x00000737       0x20 /Applications/STM32CubeIDE.app/Contents/Eclipse/plugins/com.st.stm32cube.ide.mcu.externaltools.gnu-tools-for-stm32.14.3.rel1.macosaarch64_1.0.0.202602081740/tools/bin/../lib/gcc/arm-none-eabi/14.3.1/thumb/v7e-m+dp/hard/libgcc.a(_dvmd_tls.o)
 .ARM.attributes
                0x00000757       0x20 /Applications/STM32CubeIDE.app/Contents/Eclipse/plugins/com.st.stm32cube.ide.mcu.externaltools.gnu-tools-for-stm32.14.3.rel1.macosaarch64_1.0.0.202602081740/tools/bin/../lib/gcc/arm-none-eabi/14.3.1/thumb/v7e-m+dp/hard/crtn.o
OUTPUT(GenRandomNumbers_CM7.elf elf32-littlearm)
LOAD linker stubs
LOAD /Applications/STM32CubeIDE.app/Contents/Eclipse/plugins/com.st.stm32cube.ide.mcu.externaltools.gnu-tools-for-stm32.14.3.rel1.macosaarch64_1.0.0.202602081740/tools/bin/../lib/gcc/arm-none-eabi/14.3.1/../../../../arm-none-eabi/lib/thumb/v7e-m+dp/hard/libc.a
LOAD /Applications/STM32CubeIDE.app/Contents/Eclipse/plugins/com.st.stm32cube.ide.mcu.externaltools.gnu-tools-for-stm32.14.3.rel1.macosaarch64_1.0.0.202602081740/tools/bin/../lib/gcc/arm-none-eabi/14.3.1/../../../../arm-none-eabi/lib/thumb/v7e-m+dp/hard/libm.a
LOAD /Applications/STM32CubeIDE.app/Contents/Eclipse/plugins/com.st.stm32cube.ide.mcu.externaltools.gnu-tools-for-stm32.14.3.rel1.macosaarch64_1.0.0.202602081740/tools/bin/../lib/gcc/arm-none-eabi/14.3.1/thumb/v7e-m+dp/hard/libgcc.a

.debug_info     0x00000000    0x21b4b
 .debug_info    0x00000000      0xe82 ./Common/Src/system_stm32h7xx_dualcore_boot_cm4_cm7.o
 .debug_info    0x00000e82     0x207f ./Core/Src/main.o
 .debug_info    0x00002f01     0x143e ./Core/Src/stm32h7xx_hal_msp.o
 .debug_info    0x0000433f     0x10cd ./Core/Src/stm32h7xx_hal_timebase_tim.o
 .debug_info    0x0000540c      0x7e6 ./Core/Src/stm32h7xx_it.o
 .debug_info    0x00005bf2       0x30 ./Core/Startup/startup_stm32h747xihx.o
 .debug_info    0x00005c22     0x177a ./Drivers/STM32H7xx_HAL_Driver/stm32h7xx_hal.o
 .debug_info    0x0000739c     0x10e2 ./Drivers/STM32H7xx_HAL_Driver/stm32h7xx_hal_cortex.o
 .debug_info    0x0000847e      0xd06 ./Drivers/STM32H7xx_HAL_Driver/stm32h7xx_hal_gpio.o
 .debug_info    0x00009184      0x3d3 ./Drivers/STM32H7xx_HAL_Driver/stm32h7xx_hal_hsem.o
 .debug_info    0x00009557     0x1224 ./Drivers/STM32H7xx_HAL_Driver/stm32h7xx_hal_pwr_ex.o
 .debug_info    0x0000a77b      0xe71 ./Drivers/STM32H7xx_HAL_Driver/stm32h7xx_hal_rcc.o
 .debug_info    0x0000b5ec     0x130f ./Drivers/STM32H7xx_HAL_Driver/stm32h7xx_hal_rcc_ex.o
 .debug_info    0x0000c8fb     0x2bae ./Drivers/STM32H7xx_HAL_Driver/stm32h7xx_hal_tim.o
 .debug_info    0x0000f4a9     0x17eb ./Drivers/STM32H7xx_HAL_Driver/stm32h7xx_hal_tim_ex.o
 .debug_info    0x00010c94     0x4b53 ./Drivers/STM32H7xx_HAL_Driver/stm32h7xx_hal_uart.o
 .debug_info    0x000157e7      0xfbe ./Drivers/STM32H7xx_HAL_Driver/stm32h7xx_hal_uart_ex.o
 .debug_info    0x000167a5     0x3f2d ./Middlewares/Third_Party/FreeRTOS/cmsis_os2.o
 .debug_info    0x0001a6d2      0x521 ./Middlewares/Third_Party/FreeRTOS/heap_4.o
 .debug_info    0x0001abf3      0x2af ./Middlewares/Third_Party/FreeRTOS/list.o
 .debug_info    0x0001aea2      0x50d ./Middlewares/Third_Party/FreeRTOS/port.o
 .debug_info    0x0001b3af     0x1d33 ./Middlewares/Third_Party/FreeRTOS/queue.o
 .debug_info    0x0001d0e2     0x2eb0 ./Middlewares/Third_Party/FreeRTOS/tasks.o
 .debug_info    0x0001ff92     0x1bb9 ./Middlewares/Third_Party/FreeRTOS/timers.o

.debug_abbrev   0x00000000     0x3cd8
 .debug_abbrev  0x00000000      0x165 ./Common/Src/system_stm32h7xx_dualcore_boot_cm4_cm7.o
 .debug_abbrev  0x00000165      0x32e ./Core/Src/main.o
 .debug_abbrev  0x00000493      0x20c ./Core/Src/stm32h7xx_hal_msp.o
 .debug_abbrev  0x0000069f      0x212 ./Core/Src/stm32h7xx_hal_timebase_tim.o
 .debug_abbrev  0x000008b1      0x17b ./Core/Src/stm32h7xx_it.o
 .debug_abbrev  0x00000a2c       0x24 ./Core/Startup/startup_stm32h747xihx.o
 .debug_abbrev  0x00000a50      0x295 ./Drivers/STM32H7xx_HAL_Driver/stm32h7xx_hal.o
 .debug_abbrev  0x00000ce5      0x339 ./Drivers/STM32H7xx_HAL_Driver/stm32h7xx_hal_cortex.o
 .debug_abbrev  0x0000101e      0x205 ./Drivers/STM32H7xx_HAL_Driver/stm32h7xx_hal_gpio.o
 .debug_abbrev  0x00001223      0x1d3 ./Drivers/STM32H7xx_HAL_Driver/stm32h7xx_hal_hsem.o
 .debug_abbrev  0x000013f6      0x2d7 ./Drivers/STM32H7xx_HAL_Driver/stm32h7xx_hal_pwr_ex.o
 .debug_abbrev  0x000016cd      0x2c8 ./Drivers/STM32H7xx_HAL_Driver/stm32h7xx_hal_rcc.o
 .debug_abbrev  0x00001995      0x269 ./Drivers/STM32H7xx_HAL_Driver/stm32h7xx_hal_rcc_ex.o
 .debug_abbrev  0x00001bfe      0x276 ./Drivers/STM32H7xx_HAL_Driver/stm32h7xx_hal_tim.o
 .debug_abbrev  0x00001e74      0x281 ./Drivers/STM32H7xx_HAL_Driver/stm32h7xx_hal_tim_ex.o
 .debug_abbrev  0x000020f5      0x33d ./Drivers/STM32H7xx_HAL_Driver/stm32h7xx_hal_uart.o
 .debug_abbrev  0x00002432      0x2d2 ./Drivers/STM32H7xx_HAL_Driver/stm32h7xx_hal_uart_ex.o
 .debug_abbrev  0x00002704      0x555 ./Middlewares/Third_Party/FreeRTOS/cmsis_os2.o
 .debug_abbrev  0x00002c59      0x256 ./Middlewares/Third_Party/FreeRTOS/heap_4.o
 .debug_abbrev  0x00002eaf       0xf5 ./Middlewares/Third_Party/FreeRTOS/list.o
 .debug_abbrev  0x00002fa4      0x25a ./Middlewares/Third_Party/FreeRTOS/port.o
 .debug_abbrev  0x000031fe      0x387 ./Middlewares/Third_Party/FreeRTOS/queue.o
 .debug_abbrev  0x00003585      0x3fe ./Middlewares/Third_Party/FreeRTOS/tasks.o
 .debug_abbrev  0x00003983      0x355 ./Middlewares/Third_Party/FreeRTOS/timers.o

.debug_aranges  0x00000000     0x1918
 .debug_aranges
                0x00000000       0x30 ./Common/Src/system_stm32h7xx_dualcore_boot_cm4_cm7.o
 .debug_aranges
                0x00000030       0x68 ./Core/Src/main.o
 .debug_aranges
                0x00000098       0x30 ./Core/Src/stm32h7xx_hal_msp.o
 .debug_aranges
                0x000000c8       0x30 ./Core/Src/stm32h7xx_hal_timebase_tim.o
 .debug_aranges
                0x000000f8       0x50 ./Core/Src/stm32h7xx_it.o
 .debug_aranges
                0x00000148       0x28 ./Core/Startup/startup_stm32h747xihx.o
 .debug_aranges
                0x00000170      0x200 ./Drivers/STM32H7xx_HAL_Driver/stm32h7xx_hal.o
 .debug_aranges
                0x00000370      0x130 ./Drivers/STM32H7xx_HAL_Driver/stm32h7xx_hal_cortex.o
 .debug_aranges
                0x000004a0       0x58 ./Drivers/STM32H7xx_HAL_Driver/stm32h7xx_hal_gpio.o
 .debug_aranges
                0x000004f8       0x70 ./Drivers/STM32H7xx_HAL_Driver/stm32h7xx_hal_hsem.o
 .debug_aranges
                0x00000568      0x170 ./Drivers/STM32H7xx_HAL_Driver/stm32h7xx_hal_pwr_ex.o
 .debug_aranges
                0x000006d8       0x88 ./Drivers/STM32H7xx_HAL_Driver/stm32h7xx_hal_rcc.o
 .debug_aranges
                0x00000760      0x100 ./Drivers/STM32H7xx_HAL_Driver/stm32h7xx_hal_rcc_ex.o
 .debug_aranges
                0x00000860      0x3e0 ./Drivers/STM32H7xx_HAL_Driver/stm32h7xx_hal_tim.o
 .debug_aranges
                0x00000c40      0x188 ./Drivers/STM32H7xx_HAL_Driver/stm32h7xx_hal_tim_ex.o
 .debug_aranges
                0x00000dc8      0x248 ./Drivers/STM32H7xx_HAL_Driver/stm32h7xx_hal_uart.o
 .debug_aranges
                0x00001010       0xa8 ./Drivers/STM32H7xx_HAL_Driver/stm32h7xx_hal_uart_ex.o
 .debug_aranges
                0x000010b8      0x2b8 ./Middlewares/Third_Party/FreeRTOS/cmsis_os2.o
 .debug_aranges
                0x00001370       0x60 ./Middlewares/Third_Party/FreeRTOS/heap_4.o
 .debug_aranges
                0x000013d0       0x40 ./Middlewares/Third_Party/FreeRTOS/list.o
 .debug_aranges
                0x00001410       0x80 ./Middlewares/Third_Party/FreeRTOS/port.o
 .debug_aranges
                0x00001490      0x170 ./Middlewares/Third_Party/FreeRTOS/queue.o
 .debug_aranges
                0x00001600      0x210 ./Middlewares/Third_Party/FreeRTOS/tasks.o
 .debug_aranges
                0x00001810      0x108 ./Middlewares/Third_Party/FreeRTOS/timers.o

.debug_rnglists
                0x00000000     0x138b
 .debug_rnglists
                0x00000000       0x21 ./Common/Src/system_stm32h7xx_dualcore_boot_cm4_cm7.o
 .debug_rnglists
                0x00000021       0x4d ./Core/Src/main.o
 .debug_rnglists
                0x0000006e       0x20 ./Core/Src/stm32h7xx_hal_msp.o
 .debug_rnglists
                0x0000008e       0x20 ./Core/Src/stm32h7xx_hal_timebase_tim.o
 .debug_rnglists
                0x000000ae       0x37 ./Core/Src/stm32h7xx_it.o
 .debug_rnglists
                0x000000e5       0x19 ./Core/Startup/startup_stm32h747xihx.o
 .debug_rnglists
                0x000000fe      0x180 ./Drivers/STM32H7xx_HAL_Driver/stm32h7xx_hal.o
 .debug_rnglists
                0x0000027e       0xe0 ./Drivers/STM32H7xx_HAL_Driver/stm32h7xx_hal_cortex.o
 .debug_rnglists
                0x0000035e       0x3f ./Drivers/STM32H7xx_HAL_Driver/stm32h7xx_hal_gpio.o
 .debug_rnglists
                0x0000039d       0x4f ./Drivers/STM32H7xx_HAL_Driver/stm32h7xx_hal_hsem.o
 .debug_rnglists
                0x000003ec      0x117 ./Drivers/STM32H7xx_HAL_Driver/stm32h7xx_hal_pwr_ex.o
 .debug_rnglists
                0x00000503       0x68 ./Drivers/STM32H7xx_HAL_Driver/stm32h7xx_hal_rcc.o
 .debug_rnglists
                0x0000056b       0xc6 ./Drivers/STM32H7xx_HAL_Driver/stm32h7xx_hal_rcc_ex.o
 .debug_rnglists
                0x00000631      0x32c ./Drivers/STM32H7xx_HAL_Driver/stm32h7xx_hal_tim.o
 .debug_rnglists
                0x0000095d      0x13f ./Drivers/STM32H7xx_HAL_Driver/stm32h7xx_hal_tim_ex.o
 .debug_rnglists
                0x00000a9c      0x1f8 ./Drivers/STM32H7xx_HAL_Driver/stm32h7xx_hal_uart.o
 .debug_rnglists
                0x00000c94       0x7f ./Drivers/STM32H7xx_HAL_Driver/stm32h7xx_hal_uart_ex.o
 .debug_rnglists
                0x00000d13      0x219 ./Middlewares/Third_Party/FreeRTOS/cmsis_os2.o
 .debug_rnglists
                0x00000f2c       0x48 ./Middlewares/Third_Party/FreeRTOS/heap_4.o
 .debug_rnglists
                0x00000f74       0x2b ./Middlewares/Third_Party/FreeRTOS/list.o
 .debug_rnglists
                0x00000f9f       0x5d ./Middlewares/Third_Party/FreeRTOS/port.o
 .debug_rnglists
                0x00000ffc      0x11e ./Middlewares/Third_Party/FreeRTOS/queue.o
 .debug_rnglists
                0x0000111a      0x1a9 ./Middlewares/Third_Party/FreeRTOS/tasks.o
 .debug_rnglists
                0x000012c3       0xc8 ./Middlewares/Third_Party/FreeRTOS/timers.o

.debug_macro    0x00000000    0x41299
 .debug_macro   0x00000000      0x2b4 ./Common/Src/system_stm32h7xx_dualcore_boot_cm4_cm7.o
 .debug_macro   0x000002b4      0xafc ./Common/Src/system_stm32h7xx_dualcore_boot_cm4_cm7.o
 .debug_macro   0x00000db0       0x2e ./Common/Src/system_stm32h7xx_dualcore_boot_cm4_cm7.o
 .debug_macro   0x00000dde       0x49 ./Common/Src/system_stm32h7xx_dualcore_boot_cm4_cm7.o
 .debug_macro   0x00000e27       0x22 ./Common/Src/system_stm32h7xx_dualcore_boot_cm4_cm7.o
 .debug_macro   0x00000e49       0x8e ./Common/Src/system_stm32h7xx_dualcore_boot_cm4_cm7.o
 .debug_macro   0x00000ed7       0x51 ./Common/Src/system_stm32h7xx_dualcore_boot_cm4_cm7.o
 .debug_macro   0x00000f28      0x103 ./Common/Src/system_stm32h7xx_dualcore_boot_cm4_cm7.o
 .debug_macro   0x0000102b       0x6a ./Common/Src/system_stm32h7xx_dualcore_boot_cm4_cm7.o
 .debug_macro   0x00001095      0x1df ./Common/Src/system_stm32h7xx_dualcore_boot_cm4_cm7.o
 .debug_macro   0x00001274       0x1c ./Common/Src/system_stm32h7xx_dualcore_boot_cm4_cm7.o
 .debug_macro   0x00001290       0x22 ./Common/Src/system_stm32h7xx_dualcore_boot_cm4_cm7.o
 .debug_macro   0x000012b2       0xfb ./Common/Src/system_stm32h7xx_dualcore_boot_cm4_cm7.o
 .debug_macro   0x000013ad     0x1313 ./Common/Src/system_stm32h7xx_dualcore_boot_cm4_cm7.o
 .debug_macro   0x000026c0      0x11f ./Common/Src/system_stm32h7xx_dualcore_boot_cm4_cm7.o
 .debug_macro   0x000027df       0x22 ./Common/Src/system_stm32h7xx_dualcore_boot_cm4_cm7.o
 .debug_macro   0x00002801    0x2ca54 ./Common/Src/system_stm32h7xx_dualcore_boot_cm4_cm7.o
 .debug_macro   0x0002f255       0x6d ./Common/Src/system_stm32h7xx_dualcore_boot_cm4_cm7.o
 .debug_macro   0x0002f2c2      0x238 ./Common/Src/system_stm32h7xx_dualcore_boot_cm4_cm7.o
 .debug_macro   0x0002f4fa     0x3d79 ./Common/Src/system_stm32h7xx_dualcore_boot_cm4_cm7.o
 .debug_macro   0x00033273      0x190 ./Common/Src/system_stm32h7xx_dualcore_boot_cm4_cm7.o
 .debug_macro   0x00033403       0x61 ./Common/Src/system_stm32h7xx_dualcore_boot_cm4_cm7.o
 .debug_macro   0x00033464       0x29 ./Common/Src/system_stm32h7xx_dualcore_boot_cm4_cm7.o
 .debug_macro   0x0003348d       0x43 ./Common/Src/system_stm32h7xx_dualcore_boot_cm4_cm7.o
 .debug_macro   0x000334d0       0x34 ./Common/Src/system_stm32h7xx_dualcore_boot_cm4_cm7.o
 .debug_macro   0x00033504      0x364 ./Common/Src/system_stm32h7xx_dualcore_boot_cm4_cm7.o
 .debug_macro   0x00033868       0x16 ./Common/Src/system_stm32h7xx_dualcore_boot_cm4_cm7.o
 .debug_macro   0x0003387e       0x4a ./Common/Src/system_stm32h7xx_dualcore_boot_cm4_cm7.o
 .debug_macro   0x000338c8       0x34 ./Common/Src/system_stm32h7xx_dualcore_boot_cm4_cm7.o
 .debug_macro   0x000338fc       0x10 ./Common/Src/system_stm32h7xx_dualcore_boot_cm4_cm7.o
 .debug_macro   0x0003390c       0x58 ./Common/Src/system_stm32h7xx_dualcore_boot_cm4_cm7.o
 .debug_macro   0x00033964       0x8e ./Common/Src/system_stm32h7xx_dualcore_boot_cm4_cm7.o
 .debug_macro   0x000339f2       0x1c ./Common/Src/system_stm32h7xx_dualcore_boot_cm4_cm7.o
 .debug_macro   0x00033a0e      0x17e ./Common/Src/system_stm32h7xx_dualcore_boot_cm4_cm7.o
 .debug_macro   0x00033b8c      0x19b ./Common/Src/system_stm32h7xx_dualcore_boot_cm4_cm7.o
 .debug_macro   0x00033d27       0x5d ./Common/Src/system_stm32h7xx_dualcore_boot_cm4_cm7.o
 .debug_macro   0x00033d84     0x3ae3 ./Common/Src/system_stm32h7xx_dualcore_boot_cm4_cm7.o
 .debug_macro   0x00037867     0x1095 ./Common/Src/system_stm32h7xx_dualcore_boot_cm4_cm7.o
 .debug_macro   0x000388fc      0x154 ./Common/Src/system_stm32h7xx_dualcore_boot_cm4_cm7.o
 .debug_macro   0x00038a50      0x130 ./Common/Src/system_stm32h7xx_dualcore_boot_cm4_cm7.o
 .debug_macro   0x00038b80      0x3c9 ./Common/Src/system_stm32h7xx_dualcore_boot_cm4_cm7.o
 .debug_macro   0x00038f49       0xac ./Common/Src/system_stm32h7xx_dualcore_boot_cm4_cm7.o
 .debug_macro   0x00038ff5      0x72d ./Common/Src/system_stm32h7xx_dualcore_boot_cm4_cm7.o
 .debug_macro   0x00039722      0x228 ./Common/Src/system_stm32h7xx_dualcore_boot_cm4_cm7.o
 .debug_macro   0x0003994a       0x66 ./Common/Src/system_stm32h7xx_dualcore_boot_cm4_cm7.o
 .debug_macro   0x000399b0      0x3c9 ./Common/Src/system_stm32h7xx_dualcore_boot_cm4_cm7.o
 .debug_macro   0x00039d79      0x407 ./Common/Src/system_stm32h7xx_dualcore_boot_cm4_cm7.o
 .debug_macro   0x0003a180      0x27c ./Common/Src/system_stm32h7xx_dualcore_boot_cm4_cm7.o
 .debug_macro   0x0003a3fc      0x3ca ./Common/Src/system_stm32h7xx_dualcore_boot_cm4_cm7.o
 .debug_macro   0x0003a7c6      0x4a2 ./Common/Src/system_stm32h7xx_dualcore_boot_cm4_cm7.o
 .debug_macro   0x0003ac68       0x51 ./Common/Src/system_stm32h7xx_dualcore_boot_cm4_cm7.o
 .debug_macro   0x0003acb9       0x4a ./Common/Src/system_stm32h7xx_dualcore_boot_cm4_cm7.o
 .debug_macro   0x0003ad03      0x22c ./Common/Src/system_stm32h7xx_dualcore_boot_cm4_cm7.o
 .debug_macro   0x0003af2f       0x67 ./Common/Src/system_stm32h7xx_dualcore_boot_cm4_cm7.o
 .debug_macro   0x0003af96       0xa5 ./Common/Src/system_stm32h7xx_dualcore_boot_cm4_cm7.o
 .debug_macro   0x0003b03b      0x218 ./Common/Src/system_stm32h7xx_dualcore_boot_cm4_cm7.o
 .debug_macro   0x0003b253      0x2ea ./Common/Src/system_stm32h7xx_dualcore_boot_cm4_cm7.o
 .debug_macro   0x0003b53d       0x35 ./Common/Src/system_stm32h7xx_dualcore_boot_cm4_cm7.o
 .debug_macro   0x0003b572      0xafa ./Common/Src/system_stm32h7xx_dualcore_boot_cm4_cm7.o
 .debug_macro   0x0003c06c      0x29f ./Common/Src/system_stm32h7xx_dualcore_boot_cm4_cm7.o
 .debug_macro   0x0003c30b      0x693 ./Common/Src/system_stm32h7xx_dualcore_boot_cm4_cm7.o
 .debug_macro   0x0003c99e       0xa6 ./Common/Src/system_stm32h7xx_dualcore_boot_cm4_cm7.o
 .debug_macro   0x0003ca44      0x7a4 ./Common/Src/system_stm32h7xx_dualcore_boot_cm4_cm7.o
 .debug_macro   0x0003d1e8      0x362 ./Core/Src/main.o
 .debug_macro   0x0003d54a      0x18e ./Core/Src/main.o
 .debug_macro   0x0003d6d8       0x16 ./Core/Src/main.o
 .debug_macro   0x0003d6ee       0x74 ./Core/Src/main.o
 .debug_macro   0x0003d762      0x2c3 ./Core/Src/stm32h7xx_hal_msp.o
 .debug_macro   0x0003da25      0x2b4 ./Core/Src/stm32h7xx_hal_timebase_tim.o
 .debug_macro   0x0003dcd9      0x2cd ./Core/Src/stm32h7xx_it.o
 .debug_macro   0x0003dfa6      0x2de ./Drivers/STM32H7xx_HAL_Driver/stm32h7xx_hal.o
 .debug_macro   0x0003e284      0x2b4 ./Drivers/STM32H7xx_HAL_Driver/stm32h7xx_hal_cortex.o
 .debug_macro   0x0003e538      0x2c8 ./Drivers/STM32H7xx_HAL_Driver/stm32h7xx_hal_gpio.o
 .debug_macro   0x0003e800      0x2c6 ./Drivers/STM32H7xx_HAL_Driver/stm32h7xx_hal_hsem.o
 .debug_macro   0x0003eac6      0x2ed ./Drivers/STM32H7xx_HAL_Driver/stm32h7xx_hal_pwr_ex.o
 .debug_macro   0x0003edb3      0x2d8 ./Drivers/STM32H7xx_HAL_Driver/stm32h7xx_hal_rcc.o
 .debug_macro   0x0003f08b      0x2d2 ./Drivers/STM32H7xx_HAL_Driver/stm32h7xx_hal_rcc_ex.o
 .debug_macro   0x0003f35d      0x2b5 ./Drivers/STM32H7xx_HAL_Driver/stm32h7xx_hal_tim.o
 .debug_macro   0x0003f612      0x2b4 ./Drivers/STM32H7xx_HAL_Driver/stm32h7xx_hal_tim_ex.o
 .debug_macro   0x0003f8c6      0x2df ./Drivers/STM32H7xx_HAL_Driver/stm32h7xx_hal_uart.o
 .debug_macro   0x0003fba5      0x2c0 ./Drivers/STM32H7xx_HAL_Driver/stm32h7xx_hal_uart_ex.o
 .debug_macro   0x0003fe65      0x433 ./Middlewares/Third_Party/FreeRTOS/cmsis_os2.o
 .debug_macro   0x00040298       0x10 ./Middlewares/Third_Party/FreeRTOS/cmsis_os2.o
 .debug_macro   0x000402a8       0x20 ./Middlewares/Third_Party/FreeRTOS/cmsis_os2.o
 .debug_macro   0x000402c8       0x91 ./Middlewares/Third_Party/FreeRTOS/cmsis_os2.o
 .debug_macro   0x00040359       0x23 ./Middlewares/Third_Party/FreeRTOS/cmsis_os2.o
 .debug_macro   0x0004037c       0x94 ./Middlewares/Third_Party/FreeRTOS/cmsis_os2.o
 .debug_macro   0x00040410       0xa8 ./Middlewares/Third_Party/FreeRTOS/cmsis_os2.o
 .debug_macro   0x000404b8       0x22 ./Middlewares/Third_Party/FreeRTOS/cmsis_os2.o
 .debug_macro   0x000404da      0x23e ./Middlewares/Third_Party/FreeRTOS/heap_4.o
 .debug_macro   0x00040718       0x16 ./Middlewares/Third_Party/FreeRTOS/heap_4.o
 .debug_macro   0x0004072e      0x1c3 ./Middlewares/Third_Party/FreeRTOS/list.o
 .debug_macro   0x000408f1      0x276 ./Middlewares/Third_Party/FreeRTOS/port.o
 .debug_macro   0x00040b67      0x25a ./Middlewares/Third_Party/FreeRTOS/queue.o
 .debug_macro   0x00040dc1      0x2af ./Middlewares/Third_Party/FreeRTOS/tasks.o
 .debug_macro   0x00041070       0x17 ./Middlewares/Third_Party/FreeRTOS/tasks.o
 .debug_macro   0x00041087      0x212 ./Middlewares/Third_Party/FreeRTOS/timers.o

.debug_line     0x00000000    0x1dc23
 .debug_line    0x00000000      0xb1e ./Common/Src/system_stm32h7xx_dualcore_boot_cm4_cm7.o
 .debug_line    0x00000b1e      0xcbd ./Core/Src/main.o
 .debug_line    0x000017db      0x910 ./Core/Src/stm32h7xx_hal_msp.o
 .debug_line    0x000020eb      0x921 ./Core/Src/stm32h7xx_hal_timebase_tim.o
 .debug_line    0x00002a0c      0x934 ./Core/Src/stm32h7xx_it.o
 .debug_line    0x00003340       0x7b ./Core/Startup/startup_stm32h747xihx.o
 .debug_line    0x000033bb     0x102c ./Drivers/STM32H7xx_HAL_Driver/stm32h7xx_hal.o
 .debug_line    0x000043e7      0xebc ./Drivers/STM32H7xx_HAL_Driver/stm32h7xx_hal_cortex.o
 .debug_line    0x000052a3      0xd63 ./Drivers/STM32H7xx_HAL_Driver/stm32h7xx_hal_gpio.o
 .debug_line    0x00006006      0xa68 ./Drivers/STM32H7xx_HAL_Driver/stm32h7xx_hal_hsem.o
 .debug_line    0x00006a6e     0x1195 ./Drivers/STM32H7xx_HAL_Driver/stm32h7xx_hal_pwr_ex.o
 .debug_line    0x00007c03     0x1571 ./Drivers/STM32H7xx_HAL_Driver/stm32h7xx_hal_rcc.o
 .debug_line    0x00009174     0x1ec8 ./Drivers/STM32H7xx_HAL_Driver/stm32h7xx_hal_rcc_ex.o
 .debug_line    0x0000b03c     0x40a2 ./Drivers/STM32H7xx_HAL_Driver/stm32h7xx_hal_tim.o
 .debug_line    0x0000f0de     0x1d90 ./Drivers/STM32H7xx_HAL_Driver/stm32h7xx_hal_tim_ex.o
 .debug_line    0x00010e6e     0x3a48 ./Drivers/STM32H7xx_HAL_Driver/stm32h7xx_hal_uart.o
 .debug_line    0x000148b6      0xe56 ./Drivers/STM32H7xx_HAL_Driver/stm32h7xx_hal_uart_ex.o
 .debug_line    0x0001570c     0x2405 ./Middlewares/Third_Party/FreeRTOS/cmsis_os2.o
 .debug_line    0x00017b11      0xa28 ./Middlewares/Third_Party/FreeRTOS/heap_4.o
 .debug_line    0x00018539      0x7b1 ./Middlewares/Third_Party/FreeRTOS/list.o
 .debug_line    0x00018cea      0x9bb ./Middlewares/Third_Party/FreeRTOS/port.o
 .debug_line    0x000196a5     0x188b ./Middlewares/Third_Party/FreeRTOS/queue.o
 .debug_line    0x0001af30     0x1ed0 ./Middlewares/Third_Party/FreeRTOS/tasks.o
 .debug_line    0x0001ce00      0xe23 ./Middlewares/Third_Party/FreeRTOS/timers.o

.debug_str      0x00000000   0x1adb94
 .debug_str     0x00000000   0x1adb94 ./Common/Src/system_stm32h7xx_dualcore_boot_cm4_cm7.o
                             0x19b9aa (size before relaxing)
 .debug_str     0x001adb94   0x1a0934 ./Core/Src/main.o
 .debug_str     0x001adb94   0x19cd45 ./Core/Src/stm32h7xx_hal_msp.o
 .debug_str     0x001adb94   0x19c5b4 ./Core/Src/stm32h7xx_hal_timebase_tim.o
 .debug_str     0x001adb94   0x19bf4a ./Core/Src/stm32h7xx_it.o
 .debug_str     0x001adb94       0x98 ./Core/Startup/startup_stm32h747xihx.o
 .debug_str     0x001adb94   0x19ca0a ./Drivers/STM32H7xx_HAL_Driver/stm32h7xx_hal.o
 .debug_str     0x001adb94   0x19c278 ./Drivers/STM32H7xx_HAL_Driver/stm32h7xx_hal_cortex.o
 .debug_str     0x001adb94   0x19b902 ./Drivers/STM32H7xx_HAL_Driver/stm32h7xx_hal_gpio.o
 .debug_str     0x001adb94   0x19b58d ./Drivers/STM32H7xx_HAL_Driver/stm32h7xx_hal_hsem.o
 .debug_str     0x001adb94   0x19be14 ./Drivers/STM32H7xx_HAL_Driver/stm32h7xx_hal_pwr_ex.o
 .debug_str     0x001adb94   0x19bc83 ./Drivers/STM32H7xx_HAL_Driver/stm32h7xx_hal_rcc.o
 .debug_str     0x001adb94   0x19c1ca ./Drivers/STM32H7xx_HAL_Driver/stm32h7xx_hal_rcc_ex.o
 .debug_str     0x001adb94   0x19ca0f ./Drivers/STM32H7xx_HAL_Driver/stm32h7xx_hal_tim.o
 .debug_str     0x001adb94   0x19c337 ./Drivers/STM32H7xx_HAL_Driver/stm32h7xx_hal_tim_ex.o
 .debug_str     0x001adb94   0x19c7b1 ./Drivers/STM32H7xx_HAL_Driver/stm32h7xx_hal_uart.o
 .debug_str     0x001adb94   0x19bd71 ./Drivers/STM32H7xx_HAL_Driver/stm32h7xx_hal_uart_ex.o
 .debug_str     0x001adb94   0x1a4e9a ./Middlewares/Third_Party/FreeRTOS/cmsis_os2.o
 .debug_str     0x001adb94     0xcdb5 ./Middlewares/Third_Party/FreeRTOS/heap_4.o
 .debug_str     0x001adb94     0xb560 ./Middlewares/Third_Party/FreeRTOS/list.o
 .debug_str     0x001adb94     0xcf1e ./Middlewares/Third_Party/FreeRTOS/port.o
 .debug_str     0x001adb94     0xe026 ./Middlewares/Third_Party/FreeRTOS/queue.o
 .debug_str     0x001adb94     0xeb86 ./Middlewares/Third_Party/FreeRTOS/tasks.o
 .debug_str     0x001adb94     0xe5df ./Middlewares/Third_Party/FreeRTOS/timers.o

.comment        0x00000000       0x43
 .comment       0x00000000       0x43 ./Common/Src/system_stm32h7xx_dualcore_boot_cm4_cm7.o
                                 0x44 (size before relaxing)
 .comment       0x00000043       0x44 ./Core/Src/main.o
 .comment       0x00000043       0x44 ./Core/Src/stm32h7xx_hal_msp.o
 .comment       0x00000043       0x44 ./Core/Src/stm32h7xx_hal_timebase_tim.o
 .comment       0x00000043       0x44 ./Core/Src/stm32h7xx_it.o
 .comment       0x00000043       0x44 ./Drivers/STM32H7xx_HAL_Driver/stm32h7xx_hal.o
 .comment       0x00000043       0x44 ./Drivers/STM32H7xx_HAL_Driver/stm32h7xx_hal_cortex.o