../Core/Src/main.c:92:5:main	16	static
../Core/Src/main.c:214:6:SystemClock_Config	120	static
../Core/Src/main.c:277:6:PeriphCommonClock_Config	208	static
../Core/Src/main.c:304:13:MX_USART1_UART_Init	8	static
../Core/Src/main.c:352:13:MX_GPIO_Init	64	static
../Core/Src/main.c:435:13:MyTimerCallback	16	static
../Core/Src/main.c:450:6:StartDefaultTask	16	static
../Core/Src/main.c:464:6:MPU_Config	24	static
../Core/Src/main.c:499:6:HAL_TIM_PeriodElapsedCallback	16	static
../Core/Src/main.c:517:6:Error_Handler	4	static,ignoring_inline_asm
