../Core/Src/main.c:97:5:main	16	static
../Core/Src/main.c:221:6:SystemClock_Config	120	static
../Core/Src/main.c:285:6:PeriphCommonClock_Config	208	static
../Core/Src/main.c:312:13:MX_RNG_Init	8	static
../Core/Src/main.c:339:13:MX_UART8_Init	8	static
../Core/Src/main.c:387:13:MX_USART1_UART_Init	8	static
../Core/Src/main.c:435:13:MX_GPIO_Init	64	static
../Core/Src/main.c:518:13:MyTimerCallback	40	static
../Core/Src/main.c:550:6:StartDefaultTask	16	static
../Core/Src/main.c:564:6:MPU_Config	24	static
../Core/Src/main.c:599:6:HAL_TIM_PeriodElapsedCallback	16	static
../Core/Src/main.c:617:6:Error_Handler	4	static,ignoring_inline_asm
