../Core/Src/main.c:153:5:main	2
../Core/Src/main.c:264:6:PeriphCommonClock_Config	2
../Core/Src/main.c:291:13:MX_ADC1_Init	4
../Core/Src/main.c:360:13:MX_ADC3_Init	4
../Core/Src/main.c:424:13:MX_ETH_Init	2
../Core/Src/main.c:473:13:MX_HDMI_CEC_Init	2
../Core/Src/main.c:509:13:MX_QUADSPI_Init	2
../Core/Src/main.c:543:13:MX_RTC_Init	3
../Core/Src/main.c:597:13:MX_SAI1_Init	3
../Core/Src/main.c:668:13:MX_SDMMC1_SD_Init	2
../Core/Src/main.c:699:13:MX_SPDIFRX1_Init	2
../Core/Src/main.c:737:13:MX_SPI2_Init	2
../Core/Src/main.c:785:13:MX_SPI5_Init	2
../Core/Src/main.c:833:13:MX_TIM8_Init	5
../Core/Src/main.c:903:13:MX_TIM13_Init	4
../Core/Src/main.c:948:13:MX_UART8_Init	5
../Core/Src/main.c:996:6:MX_USART1_UART_Init	5
../Core/Src/main.c:1044:13:MX_USB_OTG_HS_PCD_Init	2
../Core/Src/main.c:1076:6:MX_FMC_Init	2
../Core/Src/main.c:1127:13:MX_GPIO_Init	1
../Core/Src/main.c:1169:6:StartDefaultTask	1
../Core/Src/main.c:1188:6:HAL_TIM_PeriodElapsedCallback	2
../Core/Src/main.c:1206:6:Error_Handler	1
