../Core/Src/main.c:151:5:main	2
../Core/Src/main.c:261:6:PeriphCommonClock_Config	2
../Core/Src/main.c:288:13:MX_ADC1_Init	4
../Core/Src/main.c:357:13:MX_ADC3_Init	4
../Core/Src/main.c:421:13:MX_ETH_Init	2
../Core/Src/main.c:470:13:MX_HDMI_CEC_Init	2
../Core/Src/main.c:506:13:MX_QUADSPI_Init	2
../Core/Src/main.c:540:13:MX_RTC_Init	3
../Core/Src/main.c:594:13:MX_SAI1_Init	3
../Core/Src/main.c:665:13:MX_SDMMC1_SD_Init	2
../Core/Src/main.c:696:13:MX_SPDIFRX1_Init	2
../Core/Src/main.c:734:13:MX_SPI2_Init	2
../Core/Src/main.c:782:13:MX_SPI5_Init	2
../Core/Src/main.c:830:13:MX_TIM8_Init	5
../Core/Src/main.c:900:13:MX_TIM13_Init	4
../Core/Src/main.c:945:6:MX_USART1_UART_Init	5
../Core/Src/main.c:993:13:MX_USB_OTG_HS_PCD_Init	2
../Core/Src/main.c:1025:6:MX_FMC_Init	2
../Core/Src/main.c:1076:13:MX_GPIO_Init	1
../Core/Src/main.c:1118:6:StartDefaultTask	1
../Core/Src/main.c:1137:6:HAL_TIM_PeriodElapsedCallback	2
../Core/Src/main.c:1155:6:Error_Handler	1
