../Core/Src/stm32h7xx_hal_msp.c:64:6:HAL_MspInit	16	static
../Core/Src/stm32h7xx_hal_msp.c:88:6:HAL_ADC_MspInit	56	static
../Core/Src/stm32h7xx_hal_msp.c:149:6:HAL_ADC_MspDeInit	16	static
../Core/Src/stm32h7xx_hal_msp.c:191:6:HAL_ETH_MspInit	64	static
../Core/Src/stm32h7xx_hal_msp.c:253:6:HAL_ETH_MspDeInit	16	static
../Core/Src/stm32h7xx_hal_msp.c:295:6:HAL_CEC_MspInit	248	static
../Core/Src/stm32h7xx_hal_msp.c:345:6:HAL_CEC_MspDeInit	16	static
../Core/Src/stm32h7xx_hal_msp.c:375:6:HAL_QSPI_MspInit	264	static
../Core/Src/stm32h7xx_hal_msp.c:477:6:HAL_QSPI_MspDeInit	16	static
../Core/Src/stm32h7xx_hal_msp.c:522:6:HAL_RTC_MspInit	216	static
../Core/Src/stm32h7xx_hal_msp.c:556:6:HAL_RTC_MspDeInit	16	static
../Core/Src/stm32h7xx_hal_msp.c:578:6:HAL_SD_MspInit	256	static
../Core/Src/stm32h7xx_hal_msp.c:642:6:HAL_SD_MspDeInit	16	static
../Core/Src/stm32h7xx_hal_msp.c:680:6:HAL_SPDIFRX_MspInit	248	static
../Core/Src/stm32h7xx_hal_msp.c:727:6:HAL_SPDIFRX_MspDeInit	16	static
../Core/Src/stm32h7xx_hal_msp.c:755:6:HAL_SPI_MspInit	264	static
../Core/Src/stm32h7xx_hal_msp.c:856:6:HAL_SPI_MspDeInit	16	static
../Core/Src/stm32h7xx_hal_msp.c:911:6:HAL_TIM_OC_MspInit	24	static
../Core/Src/stm32h7xx_hal_msp.c:934:6:HAL_TIM_Base_MspInit	48	static
../Core/Src/stm32h7xx_hal_msp.c:964:6:HAL_TIM_MspPostInit	40	static
../Core/Src/stm32h7xx_hal_msp.c:997:6:HAL_TIM_OC_MspDeInit	16	static
../Core/Src/stm32h7xx_hal_msp.c:1019:6:HAL_TIM_Base_MspDeInit	16	static
../Core/Src/stm32h7xx_hal_msp.c:1047:6:HAL_UART_MspInit	224	static
../Core/Src/stm32h7xx_hal_msp.c:1081:6:HAL_UART_MspDeInit	16	static
../Core/Src/stm32h7xx_hal_msp.c:1103:6:HAL_PCD_MspInit	272	static
../Core/Src/stm32h7xx_hal_msp.c:1198:6:HAL_PCD_MspDeInit	16	static
../Core/Src/stm32h7xx_hal_msp.c:1243:13:HAL_FMC_MspInit	240	static
../Core/Src/stm32h7xx_hal_msp.c:1381:6:HAL_SDRAM_MspInit	16	static
../Core/Src/stm32h7xx_hal_msp.c:1393:13:HAL_FMC_MspDeInit	8	static
../Core/Src/stm32h7xx_hal_msp.c:1489:6:HAL_SDRAM_MspDeInit	16	static
../Core/Src/stm32h7xx_hal_msp.c:1501:6:HAL_SAI_MspInit	248	static
../Core/Src/stm32h7xx_hal_msp.c:1579:6:HAL_SAI_MspDeInit	16	static
